Archive member included to satisfy reference by file (symbol)

./lib/libdriver.a(sysctl.o)   ./objects/hello.o (SysCtlDelay)
./lib/libdriver.a(cpu.o)      ./lib/libdriver.a(sysctl.o) (CPUwfi)
./lib/libdriver.a(interrupt.o)
                              ./lib/libdriver.a(sysctl.o) (IntRegister)
c:/program files (x86)/gnu tools arm embedded/7 2018-q2-update/bin/../lib/gcc/arm-none-eabi/7.3.1/../../../../arm-none-eabi/lib/thumb/v7e-m\libg_nano.a(lib_a-malloc.o)
                              ./objects/hello.o (malloc)
c:/program files (x86)/gnu tools arm embedded/7 2018-q2-update/bin/../lib/gcc/arm-none-eabi/7.3.1/../../../../arm-none-eabi/lib/thumb/v7e-m\libg_nano.a(lib_a-nano-freer.o)
                              c:/program files (x86)/gnu tools arm embedded/7 2018-q2-update/bin/../lib/gcc/arm-none-eabi/7.3.1/../../../../arm-none-eabi/lib/thumb/v7e-m\libg_nano.a(lib_a-malloc.o) (_free_r)
c:/program files (x86)/gnu tools arm embedded/7 2018-q2-update/bin/../lib/gcc/arm-none-eabi/7.3.1/../../../../arm-none-eabi/lib/thumb/v7e-m\libg_nano.a(lib_a-nano-mallocr.o)
                              c:/program files (x86)/gnu tools arm embedded/7 2018-q2-update/bin/../lib/gcc/arm-none-eabi/7.3.1/../../../../arm-none-eabi/lib/thumb/v7e-m\libg_nano.a(lib_a-malloc.o) (_malloc_r)
c:/program files (x86)/gnu tools arm embedded/7 2018-q2-update/bin/../lib/gcc/arm-none-eabi/7.3.1/../../../../arm-none-eabi/lib/thumb/v7e-m\libg_nano.a(lib_a-perror.o)
                              ./objects/ppos.o (perror)
c:/program files (x86)/gnu tools arm embedded/7 2018-q2-update/bin/../lib/gcc/arm-none-eabi/7.3.1/../../../../arm-none-eabi/lib/thumb/v7e-m\libg_nano.a(lib_a-sbrkr.o)
                              c:/program files (x86)/gnu tools arm embedded/7 2018-q2-update/bin/../lib/gcc/arm-none-eabi/7.3.1/../../../../arm-none-eabi/lib/thumb/v7e-m\libg_nano.a(lib_a-nano-mallocr.o) (_sbrk_r)
c:/program files (x86)/gnu tools arm embedded/7 2018-q2-update/bin/../lib/gcc/arm-none-eabi/7.3.1/../../../../arm-none-eabi/lib/thumb/v7e-m\libg_nano.a(lib_a-strerror.o)
                              c:/program files (x86)/gnu tools arm embedded/7 2018-q2-update/bin/../lib/gcc/arm-none-eabi/7.3.1/../../../../arm-none-eabi/lib/thumb/v7e-m\libg_nano.a(lib_a-perror.o) (_strerror_r)
c:/program files (x86)/gnu tools arm embedded/7 2018-q2-update/bin/../lib/gcc/arm-none-eabi/7.3.1/../../../../arm-none-eabi/lib/thumb/v7e-m\libg_nano.a(lib_a-u_strerr.o)
                              c:/program files (x86)/gnu tools arm embedded/7 2018-q2-update/bin/../lib/gcc/arm-none-eabi/7.3.1/../../../../arm-none-eabi/lib/thumb/v7e-m\libg_nano.a(lib_a-strerror.o) (_user_strerror)
c:/program files (x86)/gnu tools arm embedded/7 2018-q2-update/bin/../lib/gcc/arm-none-eabi/7.3.1/../../../../arm-none-eabi/lib/thumb/v7e-m\libg_nano.a(lib_a-findfp.o)
                              c:/program files (x86)/gnu tools arm embedded/7 2018-q2-update/bin/../lib/gcc/arm-none-eabi/7.3.1/../../../../arm-none-eabi/lib/thumb/v7e-m\libg_nano.a(lib_a-perror.o) (__sinit)
c:/program files (x86)/gnu tools arm embedded/7 2018-q2-update/bin/../lib/gcc/arm-none-eabi/7.3.1/../../../../arm-none-eabi/lib/thumb/v7e-m\libg_nano.a(lib_a-fputc.o)
                              c:/program files (x86)/gnu tools arm embedded/7 2018-q2-update/bin/../lib/gcc/arm-none-eabi/7.3.1/../../../../arm-none-eabi/lib/thumb/v7e-m\libg_nano.a(lib_a-perror.o) (fputc)
c:/program files (x86)/gnu tools arm embedded/7 2018-q2-update/bin/../lib/gcc/arm-none-eabi/7.3.1/../../../../arm-none-eabi/lib/thumb/v7e-m\libg_nano.a(lib_a-fputs.o)
                              c:/program files (x86)/gnu tools arm embedded/7 2018-q2-update/bin/../lib/gcc/arm-none-eabi/7.3.1/../../../../arm-none-eabi/lib/thumb/v7e-m\libg_nano.a(lib_a-perror.o) (fputs)
c:/program files (x86)/gnu tools arm embedded/7 2018-q2-update/bin/../lib/gcc/arm-none-eabi/7.3.1/../../../../arm-none-eabi/lib/thumb/v7e-m\libg_nano.a(lib_a-fwalk.o)
                              c:/program files (x86)/gnu tools arm embedded/7 2018-q2-update/bin/../lib/gcc/arm-none-eabi/7.3.1/../../../../arm-none-eabi/lib/thumb/v7e-m\libg_nano.a(lib_a-findfp.o) (_fwalk)
c:/program files (x86)/gnu tools arm embedded/7 2018-q2-update/bin/../lib/gcc/arm-none-eabi/7.3.1/../../../../arm-none-eabi/lib/thumb/v7e-m\libg_nano.a(lib_a-impure.o)
                              c:/program files (x86)/gnu tools arm embedded/7 2018-q2-update/bin/../lib/gcc/arm-none-eabi/7.3.1/../../../../arm-none-eabi/lib/thumb/v7e-m\libg_nano.a(lib_a-findfp.o) (_global_impure_ptr)
c:/program files (x86)/gnu tools arm embedded/7 2018-q2-update/bin/../lib/gcc/arm-none-eabi/7.3.1/../../../../arm-none-eabi/lib/thumb/v7e-m\libg_nano.a(lib_a-memset.o)
                              c:/program files (x86)/gnu tools arm embedded/7 2018-q2-update/bin/../lib/gcc/arm-none-eabi/7.3.1/../../../../arm-none-eabi/lib/thumb/v7e-m\libg_nano.a(lib_a-findfp.o) (memset)
[...]
Memory Configuration

Name             Origin             Length             Attributes
FLASH            0x00000000         0x00100000         xr
SRAM             0x20000000         0x00040000         xrw
*default*        0x00000000         0xffffffff

Linker script and memory map

LOAD ./objects/startup_gcc.o
LOAD ./objects/hello.o
LOAD ./lib/libdriver.a
LOAD ./lib/driverlib.a
LOAD ./objects/uartstdio.o
LOAD ./objects/pinout.o
LOAD ./objects/gpio.o
LOAD ./objects/cpu.o
LOAD ./objects/ucontext_asm.o
LOAD ./objects/ucontext.o
LOAD ./objects/contexts.o
LOAD ./objects/ppos.o
LOAD ./objects/queue.o
LOAD c:/program files (x86)/gnu tools arm embedded/7 2018-q2-update/bin/../lib/gcc/arm-none-eabi/7.3.1/../../../../arm-none-eabi/lib/thumb/v7e-m\libm.a
LOAD c:/program files (x86)/gnu tools arm embedded/7 2018-q2-update/bin/../lib/gcc/arm-none-eabi/7.3.1/../../../../arm-none-eabi/lib/thumb/v7e-m\libm.a
LOAD c:/program files (x86)/gnu tools arm embedded/7 2018-q2-update/bin/../lib/gcc/arm-none-eabi/7.3.1/../../../../arm-none-eabi/lib/thumb/v7e-m\libg_nano.a
LOAD c:/program files (x86)/gnu tools arm embedded/7 2018-q2-update/bin/../lib/gcc/arm-none-eabi/7.3.1/thumb/v7e-m\libgcc.a
LOAD c:/program files (x86)/gnu tools arm embedded/7 2018-q2-update/bin/../lib/gcc/arm-none-eabi/7.3.1/../../../../arm-none-eabi/lib/thumb/v7e-m\libnosys.a
START GROUP
LOAD c:/program files (x86)/gnu tools arm embedded/7 2018-q2-update/bin/../lib/gcc/arm-none-eabi/7.3.1/thumb/v7e-m\libgcc.a
LOAD c:/program files (x86)/gnu tools arm embedded/7 2018-q2-update/bin/../lib/gcc/arm-none-eabi/7.3.1/../../../../arm-none-eabi/lib/thumb/v7e-m\libg_nano.a
LOAD c:/program files (x86)/gnu tools arm embedded/7 2018-q2-update/bin/../lib/gcc/arm-none-eabi/7.3.1/../../../../arm-none-eabi/lib/thumb/v7e-m\libc_nano.a
END GROUP
START GROUP
LOAD c:/program files (x86)/gnu tools arm embedded/7 2018-q2-update/bin/../lib/gcc/arm-none-eabi/7.3.1/thumb/v7e-m\libgcc.a
LOAD c:/program files (x86)/gnu tools arm embedded/7 2018-q2-update/bin/../lib/gcc/arm-none-eabi/7.3.1/../../../../arm-none-eabi/lib/thumb/v7e-m\libc_nano.a
END GROUP

.text           0x00000000     0x4928
                0x00000000                _text = .
 *(.isr_vector)
 .isr_vector    0x00000000      0x200 ./objects/startup_gcc.o
                0x00000000                g_pfnVectors
 *(.text*)
 .text          0x00000200       0x6c ./objects/startup_gcc.o
                0x00000206                ResetISR
 .text          0x0000026c      0x158 ./objects/hello.o
                0x0000026c                __error__
                0x00000280                ConfigureUART
                0x000002e0                main
 .text          0x000003c4        0x0 ./lib/libdriver.a(sysctl.o)
 .text._SysCtlMemTimingGet
                0x000003c4       0x24 ./lib/libdriver.a(sysctl.o)
 .text.SysCtlSRAMSizeGet
                0x000003e8       0x10 ./lib/libdriver.a(sysctl.o)
                0x000003e8                SysCtlSRAMSizeGet
 .text.SysCtlFlashSizeGet
                0x000003f8       0x40 ./lib/libdriver.a(sysctl.o)
                0x000003f8                SysCtlFlashSizeGet
 .text.SysCtlFlashSectorSizeGet
                0x00000438       0x3c ./lib/libdriver.a(sysctl.o)
                0x00000438                SysCtlFlashSectorSizeGet
 .text.SysCtlPeripheralPresent
                0x00000474       0x34 ./lib/libdriver.a(sysctl.o)
                0x00000474                SysCtlPeripheralPresent
 .text.SysCtlPeripheralReady
                0x000004a8       0x34 ./lib/libdriver.a(sysctl.o)
                0x000004a8                SysCtlPeripheralReady
 .text.SysCtlPeripheralPowerOn
                0x000004dc       0x30 ./lib/libdriver.a(sysctl.o)
                0x000004dc                SysCtlPeripheralPowerOn
 .text.SysCtlPeripheralPowerOff
                0x0000050c       0x30 ./lib/libdriver.a(sysctl.o)
                0x0000050c                SysCtlPeripheralPowerOff
 .text.SysCtlPeripheralReset
                0x0000053c       0x48 ./lib/libdriver.a(sysctl.o)
                0x0000053c                SysCtlPeripheralReset
 .text.SysCtlPeripheralEnable
                0x00000584       0x30 ./lib/libdriver.a(sysctl.o)
                0x00000584                SysCtlPeripheralEnable
 .text.SysCtlPeripheralDisable
                0x000005b4       0x30 ./lib/libdriver.a(sysctl.o)
                0x000005b4                SysCtlPeripheralDisable
 .text.SysCtlPeripheralSleepEnable
                0x000005e4       0x30 ./lib/libdriver.a(sysctl.o)
                0x000005e4                SysCtlPeripheralSleepEnable
 .text.SysCtlPeripheralSleepDisable
                0x00000614       0x30 ./lib/libdriver.a(sysctl.o)
                0x00000614                SysCtlPeripheralSleepDisable
 .text.SysCtlPeripheralDeepSleepEnable
                0x00000644       0x30 ./lib/libdriver.a(sysctl.o)
                0x00000644                SysCtlPeripheralDeepSleepEnable
 .text.SysCtlPeripheralDeepSleepDisable
                0x00000674       0x30 ./lib/libdriver.a(sysctl.o)
                0x00000674                SysCtlPeripheralDeepSleepDisable
 .text.SysCtlPeripheralClockGating
                0x000006a4       0x50 ./lib/libdriver.a(sysctl.o)
                0x000006a4                SysCtlPeripheralClockGating
 .text.SysCtlIntRegister
                0x000006f4       0x14 ./lib/libdriver.a(sysctl.o)
                0x000006f4                SysCtlIntRegister
 .text.SysCtlIntUnregister
                0x00000708       0x12 ./lib/libdriver.a(sysctl.o)
                0x00000708                SysCtlIntUnregister
 *fill*         0x0000071a        0x2 
 .text.SysCtlIntEnable
                0x0000071c       0x10 ./lib/libdriver.a(sysctl.o)
                0x0000071c                SysCtlIntEnable
 .text.SysCtlIntDisable
                0x0000072c       0x10 ./lib/libdriver.a(sysctl.o)
                0x0000072c                SysCtlIntDisable
 .text.SysCtlIntClear
                0x0000073c        0xc ./lib/libdriver.a(sysctl.o)
                0x0000073c                SysCtlIntClear
 .text.SysCtlIntStatus
                0x00000748       0x18 ./lib/libdriver.a(sysctl.o)
                0x00000748                SysCtlIntStatus
 .text.SysCtlLDOSleepSet
                0x00000760        0xc ./lib/libdriver.a(sysctl.o)
                0x00000760                SysCtlLDOSleepSet
 .text.SysCtlLDOSleepGet
                0x0000076c        0xc ./lib/libdriver.a(sysctl.o)
                0x0000076c                SysCtlLDOSleepGet
 .text.SysCtlLDODeepSleepSet
                0x00000778        0xc ./lib/libdriver.a(sysctl.o)
                0x00000778                SysCtlLDODeepSleepSet
 .text.SysCtlLDODeepSleepGet
                0x00000784        0xc ./lib/libdriver.a(sysctl.o)
                0x00000784                SysCtlLDODeepSleepGet
 .text.SysCtlSleepPowerSet
                0x00000790        0xc ./lib/libdriver.a(sysctl.o)
                0x00000790                SysCtlSleepPowerSet
 .text.SysCtlDeepSleepPowerSet
                0x0000079c        0xc ./lib/libdriver.a(sysctl.o)
                0x0000079c                SysCtlDeepSleepPowerSet
 .text.SysCtlReset
                0x000007a8       0x10 ./lib/libdriver.a(sysctl.o)
                0x000007a8                SysCtlReset
 .text.SysCtlSleep
                0x000007b8        0x4 ./lib/libdriver.a(sysctl.o)
                0x000007b8                SysCtlSleep
 .text.SysCtlDeepSleep
                0x000007bc       0x20 ./lib/libdriver.a(sysctl.o)
                0x000007bc                SysCtlDeepSleep
 .text.SysCtlResetCauseGet
                0x000007dc        0xc ./lib/libdriver.a(sysctl.o)
                0x000007dc                SysCtlResetCauseGet
 .text.SysCtlResetCauseClear
                0x000007e8       0x10 ./lib/libdriver.a(sysctl.o)
                0x000007e8                SysCtlResetCauseClear
 .text.SysCtlDelay
                0x000007f8        0x6 ./lib/libdriver.a(sysctl.o)
                0x000007f8                SysCtlDelay
 *fill*         0x000007fe        0x2 
 .text.SysCtlMOSCConfigSet
                0x00000800        0xc ./lib/libdriver.a(sysctl.o)
                0x00000800                SysCtlMOSCConfigSet
 .text.SysCtlPIOSCCalibrate
                0x0000080c       0x54 ./lib/libdriver.a(sysctl.o)
                0x0000080c                SysCtlPIOSCCalibrate
 .text.SysCtlResetBehaviorSet
                0x00000860        0xc ./lib/libdriver.a(sysctl.o)
                0x00000860                SysCtlResetBehaviorSet
 .text.SysCtlResetBehaviorGet
                0x0000086c        0xc ./lib/libdriver.a(sysctl.o)
                0x0000086c                SysCtlResetBehaviorGet
 .text.SysCtlClockFreqSet
                0x00000878      0x264 ./lib/libdriver.a(sysctl.o)
                0x00000878                SysCtlClockFreqSet
 .text.SysCtlClockSet
                0x00000adc      0x128 ./lib/libdriver.a(sysctl.o)
                0x00000adc                SysCtlClockSet
 .text.SysCtlClockGet
                0x00000c04      0x15c ./lib/libdriver.a(sysctl.o)
                0x00000c04                SysCtlClockGet
 .text.SysCtlDeepSleepClockSet
                0x00000d60        0xc ./lib/libdriver.a(sysctl.o)
                0x00000d60                SysCtlDeepSleepClockSet
 .text.SysCtlDeepSleepClockConfigSet
                0x00000d6c       0x68 ./lib/libdriver.a(sysctl.o)
                0x00000d6c                SysCtlDeepSleepClockConfigSet
 .text.SysCtlPWMClockSet
                0x00000dd4       0x14 ./lib/libdriver.a(sysctl.o)
                0x00000dd4                SysCtlPWMClockSet
 .text.SysCtlPWMClockGet
                0x00000de8       0x18 ./lib/libdriver.a(sysctl.o)
                0x00000de8                SysCtlPWMClockGet
 .text.SysCtlGPIOAHBEnable
                0x00000e00       0x1c ./lib/libdriver.a(sysctl.o)
                0x00000e00                SysCtlGPIOAHBEnable
 .text.SysCtlGPIOAHBDisable
                0x00000e1c       0x1c ./lib/libdriver.a(sysctl.o)
                0x00000e1c                SysCtlGPIOAHBDisable
 .text.SysCtlUSBPLLEnable
                0x00000e38       0x10 ./lib/libdriver.a(sysctl.o)
                0x00000e38                SysCtlUSBPLLEnable
 .text.SysCtlUSBPLLDisable
                0x00000e48       0x10 ./lib/libdriver.a(sysctl.o)
                0x00000e48                SysCtlUSBPLLDisable
 .text.SysCtlVoltageEventConfig
                0x00000e58        0xc ./lib/libdriver.a(sysctl.o)
                0x00000e58                SysCtlVoltageEventConfig
 .text.SysCtlVoltageEventStatus
                0x00000e64        0xc ./lib/libdriver.a(sysctl.o)
                0x00000e64                SysCtlVoltageEventStatus
 .text.SysCtlVoltageEventClear
                0x00000e70       0x10 ./lib/libdriver.a(sysctl.o)
                0x00000e70                SysCtlVoltageEventClear
 .text.SysCtlNMIStatus
                0x00000e80        0xc ./lib/libdriver.a(sysctl.o)
                0x00000e80                SysCtlNMIStatus
 .text.SysCtlNMIClear
                0x00000e8c       0x10 ./lib/libdriver.a(sysctl.o)
                0x00000e8c                SysCtlNMIClear
 .text.SysCtlClockOutConfig
                0x00000e9c       0x14 ./lib/libdriver.a(sysctl.o)
                0x00000e9c                SysCtlClockOutConfig
 .text.SysCtlAltClkConfig
                0x00000eb0        0xc ./lib/libdriver.a(sysctl.o)
                0x00000eb0                SysCtlAltClkConfig
 .text          0x00000ebc        0x0 ./lib/libdriver.a(cpu.o)
 .text.CPUcpsid
                0x00000ebc        0x8 ./lib/libdriver.a(cpu.o)
                0x00000ebc                CPUcpsid
 .text.CPUprimask
                0x00000ec4        0x6 ./lib/libdriver.a(cpu.o)
                0x00000ec4                CPUprimask
 .text.CPUcpsie
                0x00000eca        0x8 ./lib/libdriver.a(cpu.o)
                0x00000eca                CPUcpsie
 .text.CPUwfi   0x00000ed2        0x4 ./lib/libdriver.a(cpu.o)
                0x00000ed2                CPUwfi
 .text.CPUbasepriSet
                0x00000ed6        0x6 ./lib/libdriver.a(cpu.o)
                0x00000ed6                CPUbasepriSet
 .text.CPUbasepriGet
                0x00000edc        0x6 ./lib/libdriver.a(cpu.o)
                0x00000edc                CPUbasepriGet
 .text          0x00000ee2        0x0 ./lib/libdriver.a(interrupt.o)
 .text._IntDefaultHandler
                0x00000ee2        0x2 ./lib/libdriver.a(interrupt.o)
 .text.IntMasterEnable
                0x00000ee4        0xe ./lib/libdriver.a(interrupt.o)
                0x00000ee4                IntMasterEnable
 .text.IntMasterDisable
                0x00000ef2        0xe ./lib/libdriver.a(interrupt.o)
                0x00000ef2                IntMasterDisable
 .text.IntRegister
                0x00000f00       0x30 ./lib/libdriver.a(interrupt.o)
                0x00000f00                IntRegister
 .text.IntUnregister
                0x00000f30       0x14 ./lib/libdriver.a(interrupt.o)
                0x00000f30                IntUnregister
 .text.IntPriorityGroupingSet
                0x00000f44       0x1c ./lib/libdriver.a(interrupt.o)
                0x00000f44                IntPriorityGroupingSet
 .text.IntPriorityGroupingGet
                0x00000f60       0x24 ./lib/libdriver.a(interrupt.o)
                0x00000f60                IntPriorityGroupingGet
 .text.IntPrioritySet
                0x00000f84       0x28 ./lib/libdriver.a(interrupt.o)
                0x00000f84                IntPrioritySet
 .text.IntPriorityGet
                0x00000fac       0x1c ./lib/libdriver.a(interrupt.o)
                0x00000fac                IntPriorityGet
 .text.IntEnable
                0x00000fc8       0x60 ./lib/libdriver.a(interrupt.o)
                0x00000fc8                IntEnable
 .text.IntDisable
                0x00001028       0x60 ./lib/libdriver.a(interrupt.o)
                0x00001028                IntDisable
 .text.IntIsEnabled
                0x00001088       0x64 ./lib/libdriver.a(interrupt.o)
                0x00001088                IntIsEnabled
 .text.IntPendSet
                0x000010ec       0x50 ./lib/libdriver.a(interrupt.o)
                0x000010ec                IntPendSet
 .text.IntPendClear
                0x0000113c       0x40 ./lib/libdriver.a(interrupt.o)
                0x0000113c                IntPendClear
 .text.IntPriorityMaskSet
                0x0000117c        0x4 ./lib/libdriver.a(interrupt.o)
                0x0000117c                IntPriorityMaskSet
 .text.IntPriorityMaskGet
                0x00001180        0x4 ./lib/libdriver.a(interrupt.o)
                0x00001180                IntPriorityMaskGet
 .text.IntTrigger
                0x00001184        0xc ./lib/libdriver.a(interrupt.o)
                0x00001184                IntTrigger
 .text          0x00001190      0x4c8 ./objects/uartstdio.o
                0x00001190                UARTStdioConfig
                0x00001204                UARTwrite
                0x0000127c                UARTgets
                0x00001338                UARTgetc
                0x00001354                UARTvprintf
                0x0000163c                UARTprintf
 .text          0x00001658      0x2c8 ./objects/pinout.o
                0x00001658                PinoutSet
                0x0000184c                LEDWrite
                0x000018c4                LEDRead
 .text          0x00001920      0xda4 ./objects/gpio.o
                0x00001a34                GPIODirModeSet
                0x00001a8c                GPIODirModeGet
                0x00001adc                GPIOIntTypeSet
                0x00001b6c                GPIOIntTypeGet
                0x00001be0                GPIOPadConfigSet
                0x00001d74                GPIOPadConfigGet
                0x00001e80                GPIOIntEnable
                0x00001ea8                GPIOIntDisable
                0x00001ed4                GPIOIntStatus
                0x00001f00                GPIOIntClear
                0x00001f24                GPIOIntRegister
                0x00001f68                GPIOIntUnregister
                0x00001fa8                GPIOPinRead
                0x00001fcc                GPIOPinWrite
                0x00001ff0                GPIOPinTypeADC
                0x00002024                GPIOPinTypeCAN
                0x00002058                GPIOPinTypeComparator
                0x0000208c                GPIOPinTypeEPI
                0x000020c0                GPIOPinTypeEthernetLED
                0x000020f4                GPIOPinTypeEthernetMII
                0x00002128                GPIOPinTypeGPIOInput
                0x0000215c                GPIOPinTypeGPIOOutput
                0x00002190                GPIOPinTypeGPIOOutputOD
                0x000021c4                GPIOPinTypeI2C
                0x000021f8                GPIOPinTypeI2CSCL
                0x0000222c                GPIOPinTypeLCD
                0x00002260                GPIOPinTypeLPC
                0x00002294                GPIOPinTypePECIRx
                0x000022c8                GPIOPinTypePECITx
                0x000022fc                GPIOPinTypePWM
                0x00002330                GPIOPinTypeQEI
                0x00002364                GPIOPinTypeSSI
                0x00002398                GPIOPinTypeTimer
                0x000023cc                GPIOPinTypeUART
                0x00002400                GPIOPinTypeUSBAnalog
                0x00002434                GPIOPinTypeUSBDigital
                0x00002468                GPIOPinTypeWakeHigh
                0x000024a0                GPIOPinTypeWakeLow
                0x000024d8                GPIOPinTypeKBRow
                0x0000250c                GPIOPinTypeKBColumn
                0x00002540                GPIOPinTypeLEDSeq
                0x00002574                GPIOPinTypeCIR
                0x000025a8                GPIOPinWakeStatus
                0x000025ae                GPIOPinConfigure
                0x0000261c                GPIODMATriggerEnable
                0x00002644                GPIODMATriggerDisable
                0x00002670                GPIOADCTriggerEnable
                0x00002698                GPIOADCTriggerDisable
 .text          0x000026c4        0x0 ./objects/cpu.o
 .text          0x000026c4      0x11c ./objects/ucontext_asm.o
                0x000026c4                get_context_asm
                0x0000270c                set_context_asm
                0x00002756                swap_context_asm
 .text          0x000027e0      0x1fc ./objects/ucontext.o
                0x000027e0                getcontext
                0x000028ac                setcontext
                0x000029c0                makecontext
                0x000029c4                swapcontext
 .text          0x000029dc       0xb8 ./objects/contexts.o
                0x000029dc                BodyPing
                0x00002a38                BodyPong
 .text          0x00002a94       0xd0 ./objects/ppos.o
                0x00002a94                ppos_init
                0x00002aa8                task_create
                0x00002b08                task_switch
                0x00002b2c                startSwitcher
                0x00002b4c                yieldmain
 .text          0x00002b64       0xec ./objects/queue.o
                0x00002b64                queue_append
                0x00002ba0                queue_remove
                0x00002c04                queue_size
                0x00002c22                queue_print
 .text          0x00002c50        0x0 c:/program files (x86)/gnu tools arm embedded/7 2018-q2-update/bin/../lib/gcc/arm-none-eabi/7.3.1/../../../../arm-none-eabi/lib/thumb/v7e-m\libg_nano.a(lib_a-malloc.o)
 .text.malloc   0x00002c50       0x10 c:/program files (x86)/gnu tools arm embedded/7 2018-q2-update/bin/../lib/gcc/arm-none-eabi/7.3.1/../../../../arm-none-eabi/lib/thumb/v7e-m\libg_nano.a(lib_a-malloc.o)
                0x00002c50                malloc
 .text.free     0x00002c60       0x10 c:/program files (x86)/gnu tools arm embedded/7 2018-q2-update/bin/../lib/gcc/arm-none-eabi/7.3.1/../../../../arm-none-eabi/lib/thumb/v7e-m\libg_nano.a(lib_a-malloc.o)
                0x00002c60                free
 .text          0x00002c70        0x0 c:/program files (x86)/gnu tools arm embedded/7 2018-q2-update/bin/../lib/gcc/arm-none-eabi/7.3.1/../../../../arm-none-eabi/lib/thumb/v7e-m\libg_nano.a(lib_a-nano-freer.o)
 .text._free_r  0x00002c70       0x9c c:/program files (x86)/gnu tools arm embedded/7 2018-q2-update/bin/../lib/gcc/arm-none-eabi/7.3.1/../../../../arm-none-eabi/lib/thumb/v7e-m\libg_nano.a(lib_a-nano-freer.o)
                0x00002c70                _free_r
 .text          0x00002d0c        0x0 c:/program files (x86)/gnu tools arm embedded/7 2018-q2-update/bin/../lib/gcc/arm-none-eabi/7.3.1/../../../../arm-none-eabi/lib/thumb/v7e-m\libg_nano.a(lib_a-nano-mallocr.o)
 .text._malloc_r
                0x00002d0c       0xb4 c:/program files (x86)/gnu tools arm embedded/7 2018-q2-update/bin/../lib/gcc/arm-none-eabi/7.3.1/../../../../arm-none-eabi/lib/thumb/v7e-m\libg_nano.a(lib_a-nano-mallocr.o)
                0x00002d0c                _malloc_r
 .text          0x00002dc0        0x0 c:/program files (x86)/gnu tools arm embedded/7 2018-q2-update/bin/../lib/gcc/arm-none-eabi/7.3.1/../../../../arm-none-eabi/lib/thumb/v7e-m\libg_nano.a(lib_a-perror.o)
 .text._perror_r
                0x00002dc0       0x4c c:/program files (x86)/gnu tools arm embedded/7 2018-q2-update/bin/../lib/gcc/arm-none-eabi/7.3.1/../../../../arm-none-eabi/lib/thumb/v7e-m\libg_nano.a(lib_a-perror.o)
                0x00002dc0                _perror_r
 .text.perror   0x00002e0c       0x10 c:/program files (x86)/gnu tools arm embedded/7 2018-q2-update/bin/../lib/gcc/arm-none-eabi/7.3.1/../../../../arm-none-eabi/lib/thumb/v7e-m\libg_nano.a(lib_a-perror.o)
                0x00002e0c                perror
 .text          0x00002e1c        0x0 c:/program files (x86)/gnu tools arm embedded/7 2018-q2-update/bin/../lib/gcc/arm-none-eabi/7.3.1/../../../../arm-none-eabi/lib/thumb/v7e-m\libg_nano.a(lib_a-sbrkr.o)
 .text._sbrk_r  0x00002e1c       0x20 c:/program files (x86)/gnu tools arm embedded/7 2018-q2-update/bin/../lib/gcc/arm-none-eabi/7.3.1/../../../../arm-none-eabi/lib/thumb/v7e-m\libg_nano.a(lib_a-sbrkr.o)
                0x00002e1c                _sbrk_r
 .text          0x00002e3c        0x0 c:/program files (x86)/gnu tools arm embedded/7 2018-q2-update/bin/../lib/gcc/arm-none-eabi/7.3.1/../../../../arm-none-eabi/lib/thumb/v7e-m\libg_nano.a(lib_a-strerror.o)
 .text._strerror_r
                0x00002e3c      0x3cc c:/program files (x86)/gnu tools arm embedded/7 2018-q2-update/bin/../lib/gcc/arm-none-eabi/7.3.1/../../../../arm-none-eabi/lib/thumb/v7e-m\libg_nano.a(lib_a-strerror.o)
                0x00002e3c                _strerror_r
 .text.strerror
                0x00003208       0x14 c:/program files (x86)/gnu tools arm embedded/7 2018-q2-update/bin/../lib/gcc/arm-none-eabi/7.3.1/../../../../arm-none-eabi/lib/thumb/v7e-m\libg_nano.a(lib_a-strerror.o)
                0x00003208                strerror
 .text.strerror_l
                0x0000321c       0x14 c:/program files (x86)/gnu tools arm embedded/7 2018-q2-update/bin/../lib/gcc/arm-none-eabi/7.3.1/../../../../arm-none-eabi/lib/thumb/v7e-m\libg_nano.a(lib_a-strerror.o)
                0x0000321c                strerror_l
 .text          0x00003230        0x0 c:/program files (x86)/gnu tools arm embedded/7 2018-q2-update/bin/../lib/gcc/arm-none-eabi/7.3.1/../../../../arm-none-eabi/lib/thumb/v7e-m\libg_nano.a(lib_a-u_strerr.o)
 .text._user_strerror
                0x00003230        0x4 c:/program files (x86)/gnu tools arm embedded/7 2018-q2-update/bin/../lib/gcc/arm-none-eabi/7.3.1/../../../../arm-none-eabi/lib/thumb/v7e-m\libg_nano.a(lib_a-u_strerr.o)
                0x00003230                _user_strerror
 .text          0x00003234        0x0 c:/program files (x86)/gnu tools arm embedded/7 2018-q2-update/bin/../lib/gcc/arm-none-eabi/7.3.1/../../../../arm-none-eabi/lib/thumb/v7e-m\libg_nano.a(lib_a-findfp.o)
 .text.__fp_lock
                0x00003234        0x4 c:/program files (x86)/gnu tools arm embedded/7 2018-q2-update/bin/../lib/gcc/arm-none-eabi/7.3.1/../../../../arm-none-eabi/lib/thumb/v7e-m\libg_nano.a(lib_a-findfp.o)
 .text.std      0x00003238       0x48 c:/program files (x86)/gnu tools arm embedded/7 2018-q2-update/bin/../lib/gcc/arm-none-eabi/7.3.1/../../../../arm-none-eabi/lib/thumb/v7e-m\libg_nano.a(lib_a-findfp.o)
 .text._cleanup_r
                0x00003280        0xc c:/program files (x86)/gnu tools arm embedded/7 2018-q2-update/bin/../lib/gcc/arm-none-eabi/7.3.1/../../../../arm-none-eabi/lib/thumb/v7e-m\libg_nano.a(lib_a-findfp.o)
                0x00003280                _cleanup_r
 .text.__fp_unlock
                0x0000328c        0x4 c:/program files (x86)/gnu tools arm embedded/7 2018-q2-update/bin/../lib/gcc/arm-none-eabi/7.3.1/../../../../arm-none-eabi/lib/thumb/v7e-m\libg_nano.a(lib_a-findfp.o)
 .text.__sfmoreglue
                0x00003290       0x2c c:/program files (x86)/gnu tools arm embedded/7 2018-q2-update/bin/../lib/gcc/arm-none-eabi/7.3.1/../../../../arm-none-eabi/lib/thumb/v7e-m\libg_nano.a(lib_a-findfp.o)
                0x00003290                __sfmoreglue
 .text._cleanup
                0x000032bc        0xc c:/program files (x86)/gnu tools arm embedded/7 2018-q2-update/bin/../lib/gcc/arm-none-eabi/7.3.1/../../../../arm-none-eabi/lib/thumb/v7e-m\libg_nano.a(lib_a-findfp.o)
                0x000032bc                _cleanup
 .text.__sinit  0x000032c8       0x60 c:/program files (x86)/gnu tools arm embedded/7 2018-q2-update/bin/../lib/gcc/arm-none-eabi/7.3.1/../../../../arm-none-eabi/lib/thumb/v7e-m\libg_nano.a(lib_a-findfp.o)
                0x000032c8                __sinit
 .text.__sfp    0x00003328       0x78 c:/program files (x86)/gnu tools arm embedded/7 2018-q2-update/bin/../lib/gcc/arm-none-eabi/7.3.1/../../../../arm-none-eabi/lib/thumb/v7e-m\libg_nano.a(lib_a-findfp.o)
                0x00003328                __sfp
 .text.__sfp_lock_acquire
                0x000033a0        0x2 c:/program files (x86)/gnu tools arm embedded/7 2018-q2-update/bin/../lib/gcc/arm-none-eabi/7.3.1/../../../../arm-none-eabi/lib/thumb/v7e-m\libg_nano.a(lib_a-findfp.o)
                0x000033a0                __sfp_lock_acquire
 .text.__sfp_lock_release
                0x000033a2        0x2 c:/program files (x86)/gnu tools arm embedded/7 2018-q2-update/bin/../lib/gcc/arm-none-eabi/7.3.1/../../../../arm-none-eabi/lib/thumb/v7e-m\libg_nano.a(lib_a-findfp.o)
                0x000033a2                __sfp_lock_release
 .text.__sinit_lock_acquire
                0x000033a4        0x2 c:/program files (x86)/gnu tools arm embedded/7 2018-q2-update/bin/../lib/gcc/arm-none-eabi/7.3.1/../../../../arm-none-eabi/lib/thumb/v7e-m\libg_nano.a(lib_a-findfp.o)
                0x000033a4                __sinit_lock_acquire
 .text.__sinit_lock_release
                0x000033a6        0x2 c:/program files (x86)/gnu tools arm embedded/7 2018-q2-update/bin/../lib/gcc/arm-none-eabi/7.3.1/../../../../arm-none-eabi/lib/thumb/v7e-m\libg_nano.a(lib_a-findfp.o)
                0x000033a6                __sinit_lock_release
 .text.__fp_lock_all
                0x000033a8       0x14 c:/program files (x86)/gnu tools arm embedded/7 2018-q2-update/bin/../lib/gcc/arm-none-eabi/7.3.1/../../../../arm-none-eabi/lib/thumb/v7e-m\libg_nano.a(lib_a-findfp.o)
                0x000033a8                __fp_lock_all
 .text.__fp_unlock_all
                0x000033bc       0x14 c:/program files (x86)/gnu tools arm embedded/7 2018-q2-update/bin/../lib/gcc/arm-none-eabi/7.3.1/../../../../arm-none-eabi/lib/thumb/v7e-m\libg_nano.a(lib_a-findfp.o)
                0x000033bc                __fp_unlock_all
 .text          0x000033d0        0x0 c:/program files (x86)/gnu tools arm embedded/7 2018-q2-update/bin/../lib/gcc/arm-none-eabi/7.3.1/../../../../arm-none-eabi/lib/thumb/v7e-m\libg_nano.a(lib_a-fputc.o)
 .text._fputc_r
                0x000033d0       0x48 c:/program files (x86)/gnu tools arm embedded/7 2018-q2-update/bin/../lib/gcc/arm-none-eabi/7.3.1/../../../../arm-none-eabi/lib/thumb/v7e-m\libg_nano.a(lib_a-fputc.o)
                0x000033d0                _fputc_r
 .text.fputc    0x00003418       0x10 c:/program files (x86)/gnu tools arm embedded/7 2018-q2-update/bin/../lib/gcc/arm-none-eabi/7.3.1/../../../../arm-none-eabi/lib/thumb/v7e-m\libg_nano.a(lib_a-fputc.o)
                0x00003418                fputc
 .text          0x00003428        0x0 c:/program files (x86)/gnu tools arm embedded/7 2018-q2-update/bin/../lib/gcc/arm-none-eabi/7.3.1/../../../../arm-none-eabi/lib/thumb/v7e-m\libg_nano.a(lib_a-fputs.o)
 .text._fputs_r
                0x00003428       0x90 c:/program files (x86)/gnu tools arm embedded/7 2018-q2-update/bin/../lib/gcc/arm-none-eabi/7.3.1/../../../../arm-none-eabi/lib/thumb/v7e-m\libg_nano.a(lib_a-fputs.o)
                0x00003428                _fputs_r
 .text.fputs    0x000034b8       0x10 c:/program files (x86)/gnu tools arm embedded/7 2018-q2-update/bin/../lib/gcc/arm-none-eabi/7.3.1/../../../../arm-none-eabi/lib/thumb/v7e-m\libg_nano.a(lib_a-fputs.o)
                0x000034b8                fputs
 .text          0x000034c8        0x0 c:/program files (x86)/gnu tools arm embedded/7 2018-q2-update/bin/../lib/gcc/arm-none-eabi/7.3.1/../../../../arm-none-eabi/lib/thumb/v7e-m\libg_nano.a(lib_a-fwalk.o)
 .text._fwalk   0x000034c8       0x38 c:/program files (x86)/gnu tools arm embedded/7 2018-q2-update/bin/../lib/gcc/arm-none-eabi/7.3.1/../../../../arm-none-eabi/lib/thumb/v7e-m\libg_nano.a(lib_a-fwalk.o)
                0x000034c8                _fwalk
 .text._fwalk_reent
                0x00003500       0x3c c:/program files (x86)/gnu tools arm embedded/7 2018-q2-update/bin/../lib/gcc/arm-none-eabi/7.3.1/../../../../arm-none-eabi/lib/thumb/v7e-m\libg_nano.a(lib_a-fwalk.o)
                0x00003500                _fwalk_reent
 .text          0x0000353c        0x0 c:/program files (x86)/gnu tools arm embedded/7 2018-q2-update/bin/../lib/gcc/arm-none-eabi/7.3.1/../../../../arm-none-eabi/lib/thumb/v7e-m\libg_nano.a(lib_a-impure.o)
 .text          0x0000353c        0x0 c:/program files (x86)/gnu tools arm embedded/7 2018-q2-update/bin/../lib/gcc/arm-none-eabi/7.3.1/../../../../arm-none-eabi/lib/thumb/v7e-m\libg_nano.a(lib_a-memset.o)
 .text.memset   0x0000353c       0x10 c:/program files (x86)/gnu tools arm embedded/7 2018-q2-update/bin/../lib/gcc/arm-none-eabi/7.3.1/../../../../arm-none-eabi/lib/thumb/v7e-m\libg_nano.a(lib_a-memset.o)
                0x0000353c                memset
 .text          0x0000354c        0x0 c:/program files (x86)/gnu tools arm embedded/7 2018-q2-update/bin/../lib/gcc/arm-none-eabi/7.3.1/../../../../arm-none-eabi/lib/thumb/v7e-m\libg_nano.a(lib_a-mlock.o)
 .text.__malloc_lock
                0x0000354c        0x2 c:/program files (x86)/gnu tools arm embedded/7 2018-q2-update/bin/../lib/gcc/arm-none-eabi/7.3.1/../../../../arm-none-eabi/lib/thumb/v7e-m\libg_nano.a(lib_a-mlock.o)
                0x0000354c                __malloc_lock
 .text.__malloc_unlock
                0x0000354e        0x2 c:/program files (x86)/gnu tools arm embedded/7 2018-q2-update/bin/../lib/gcc/arm-none-eabi/7.3.1/../../../../arm-none-eabi/lib/thumb/v7e-m\libg_nano.a(lib_a-mlock.o)
                0x0000354e                __malloc_unlock
 .text          0x00003550        0x0 c:/program files (x86)/gnu tools arm embedded/7 2018-q2-update/bin/../lib/gcc/arm-none-eabi/7.3.1/../../../../arm-none-eabi/lib/thumb/v7e-m\libg_nano.a(lib_a-putc.o)
 .text._putc_r  0x00003550       0x6c c:/program files (x86)/gnu tools arm embedded/7 2018-q2-update/bin/../lib/gcc/arm-none-eabi/7.3.1/../../../../arm-none-eabi/lib/thumb/v7e-m\libg_nano.a(lib_a-putc.o)
                0x00003550                _putc_r
 .text.putc     0x000035bc       0x10 c:/program files (x86)/gnu tools arm embedded/7 2018-q2-update/bin/../lib/gcc/arm-none-eabi/7.3.1/../../../../arm-none-eabi/lib/thumb/v7e-m\libg_nano.a(lib_a-putc.o)
                0x000035bc                putc
 .text          0x000035cc        0x0 c:/program files (x86)/gnu tools arm embedded/7 2018-q2-update/bin/../lib/gcc/arm-none-eabi/7.3.1/../../../../arm-none-eabi/lib/thumb/v7e-m\libg_nano.a(lib_a-reent.o)
 .text.cleanup_glue
                0x000035cc       0x1a c:/program files (x86)/gnu tools arm embedded/7 2018-q2-update/bin/../lib/gcc/arm-none-eabi/7.3.1/../../../../arm-none-eabi/lib/thumb/v7e-m\libg_nano.a(lib_a-reent.o)
                0x000035cc                cleanup_glue
 *fill*         0x000035e6        0x2 
 .text._reclaim_reent
                0x000035e8       0xb8 c:/program files (x86)/gnu tools arm embedded/7 2018-q2-update/bin/../lib/gcc/arm-none-eabi/7.3.1/../../../../arm-none-eabi/lib/thumb/v7e-m\libg_nano.a(lib_a-reent.o)
                0x000035e8                _reclaim_reent
 .text          0x000036a0        0x0 c:/program files (x86)/gnu tools arm embedded/7 2018-q2-update/bin/../lib/gcc/arm-none-eabi/7.3.1/../../../../arm-none-eabi/lib/thumb/v7e-m\libg_nano.a(lib_a-stdio.o)
 .text.__sread  0x000036a0       0x22 c:/program files (x86)/gnu tools arm embedded/7 2018-q2-update/bin/../lib/gcc/arm-none-eabi/7.3.1/../../../../arm-none-eabi/lib/thumb/v7e-m\libg_nano.a(lib_a-stdio.o)
                0x000036a0                __sread
 .text.__seofread
                0x000036c2        0x4 c:/program files (x86)/gnu tools arm embedded/7 2018-q2-update/bin/../lib/gcc/arm-none-eabi/7.3.1/../../../../arm-none-eabi/lib/thumb/v7e-m\libg_nano.a(lib_a-stdio.o)
                0x000036c2                __seofread
 .text.__swrite
                0x000036c6       0x38 c:/program files (x86)/gnu tools arm embedded/7 2018-q2-update/bin/../lib/gcc/arm-none-eabi/7.3.1/../../../../arm-none-eabi/lib/thumb/v7e-m\libg_nano.a(lib_a-stdio.o)
                0x000036c6                __swrite
 .text.__sseek  0x000036fe       0x24 c:/program files (x86)/gnu tools arm embedded/7 2018-q2-update/bin/../lib/gcc/arm-none-eabi/7.3.1/../../../../arm-none-eabi/lib/thumb/v7e-m\libg_nano.a(lib_a-stdio.o)
                0x000036fe                __sseek
 .text.__sclose
                0x00003722        0x8 c:/program files (x86)/gnu tools arm embedded/7 2018-q2-update/bin/../lib/gcc/arm-none-eabi/7.3.1/../../../../arm-none-eabi/lib/thumb/v7e-m\libg_nano.a(lib_a-stdio.o)
                0x00003722                __sclose
 .text          0x0000372a        0x0 c:/program files (x86)/gnu tools arm embedded/7 2018-q2-update/bin/../lib/gcc/arm-none-eabi/7.3.1/../../../../arm-none-eabi/lib/thumb/v7e-m\libg_nano.a(lib_a-wbuf.o)
 *fill*         0x0000372a        0x2 
 .text.__swbuf_r
                0x0000372c       0xa4 c:/program files (x86)/gnu tools arm embedded/7 2018-q2-update/bin/../lib/gcc/arm-none-eabi/7.3.1/../../../../arm-none-eabi/lib/thumb/v7e-m\libg_nano.a(lib_a-wbuf.o)
                0x0000372c                __swbuf_r
 .text.__swbuf  0x000037d0       0x10 c:/program files (x86)/gnu tools arm embedded/7 2018-q2-update/bin/../lib/gcc/arm-none-eabi/7.3.1/../../../../arm-none-eabi/lib/thumb/v7e-m\libg_nano.a(lib_a-wbuf.o)
                0x000037d0                __swbuf
 .text          0x000037e0        0x0 c:/program files (x86)/gnu tools arm embedded/7 2018-q2-update/bin/../lib/gcc/arm-none-eabi/7.3.1/../../../../arm-none-eabi/lib/thumb/v7e-m\libg_nano.a(lib_a-writer.o)
 .text._write_r
                0x000037e0       0x24 c:/program files (x86)/gnu tools arm embedded/7 2018-q2-update/bin/../lib/gcc/arm-none-eabi/7.3.1/../../../../arm-none-eabi/lib/thumb/v7e-m\libg_nano.a(lib_a-writer.o)
                0x000037e0                _write_r
 .text          0x00003804        0x0 c:/program files (x86)/gnu tools arm embedded/7 2018-q2-update/bin/../lib/gcc/arm-none-eabi/7.3.1/../../../../arm-none-eabi/lib/thumb/v7e-m\libg_nano.a(lib_a-wsetup.o)
 .text.__swsetup_r
                0x00003804       0xdc c:/program files (x86)/gnu tools arm embedded/7 2018-q2-update/bin/../lib/gcc/arm-none-eabi/7.3.1/../../../../arm-none-eabi/lib/thumb/v7e-m\libg_nano.a(lib_a-wsetup.o)
                0x00003804                __swsetup_r
 .text          0x000038e0        0x0 c:/program files (x86)/gnu tools arm embedded/7 2018-q2-update/bin/../lib/gcc/arm-none-eabi/7.3.1/../../../../arm-none-eabi/lib/thumb/v7e-m\libg_nano.a(lib_a-closer.o)
 .text._close_r
                0x000038e0       0x20 c:/program files (x86)/gnu tools arm embedded/7 2018-q2-update/bin/../lib/gcc/arm-none-eabi/7.3.1/../../../../arm-none-eabi/lib/thumb/v7e-m\libg_nano.a(lib_a-closer.o)
                0x000038e0                _close_r
 .text          0x00003900        0x0 c:/program files (x86)/gnu tools arm embedded/7 2018-q2-update/bin/../lib/gcc/arm-none-eabi/7.3.1/../../../../arm-none-eabi/lib/thumb/v7e-m\libg_nano.a(lib_a-fflush.o)
 .text.__sflush_r
                0x00003900      0x10c c:/program files (x86)/gnu tools arm embedded/7 2018-q2-update/bin/../lib/gcc/arm-none-eabi/7.3.1/../../../../arm-none-eabi/lib/thumb/v7e-m\libg_nano.a(lib_a-fflush.o)
                0x00003900                __sflush_r
 .text._fflush_r
                0x00003a0c       0x54 c:/program files (x86)/gnu tools arm embedded/7 2018-q2-update/bin/../lib/gcc/arm-none-eabi/7.3.1/../../../../arm-none-eabi/lib/thumb/v7e-m\libg_nano.a(lib_a-fflush.o)
                0x00003a0c                _fflush_r
 .text.fflush   0x00003a60       0x24 c:/program files (x86)/gnu tools arm embedded/7 2018-q2-update/bin/../lib/gcc/arm-none-eabi/7.3.1/../../../../arm-none-eabi/lib/thumb/v7e-m\libg_nano.a(lib_a-fflush.o)
                0x00003a60                fflush
 .text          0x00003a84        0x0 c:/program files (x86)/gnu tools arm embedded/7 2018-q2-update/bin/../lib/gcc/arm-none-eabi/7.3.1/../../../../arm-none-eabi/lib/thumb/v7e-m\libg_nano.a(lib_a-lseekr.o)
 .text._lseek_r
                0x00003a84       0x24 c:/program files (x86)/gnu tools arm embedded/7 2018-q2-update/bin/../lib/gcc/arm-none-eabi/7.3.1/../../../../arm-none-eabi/lib/thumb/v7e-m\libg_nano.a(lib_a-lseekr.o)
                0x00003a84                _lseek_r
 .text          0x00003aa8        0x0 c:/program files (x86)/gnu tools arm embedded/7 2018-q2-update/bin/../lib/gcc/arm-none-eabi/7.3.1/../../../../arm-none-eabi/lib/thumb/v7e-m\libg_nano.a(lib_a-makebuf.o)
 .text.__swhatbuf_r
                0x00003aa8       0x48 c:/program files (x86)/gnu tools arm embedded/7 2018-q2-update/bin/../lib/gcc/arm-none-eabi/7.3.1/../../../../arm-none-eabi/lib/thumb/v7e-m\libg_nano.a(lib_a-makebuf.o)
                0x00003aa8                __swhatbuf_r
 .text.__smakebuf_r
                0x00003af0       0x80 c:/program files (x86)/gnu tools arm embedded/7 2018-q2-update/bin/../lib/gcc/arm-none-eabi/7.3.1/../../../../arm-none-eabi/lib/thumb/v7e-m\libg_nano.a(lib_a-makebuf.o)
                0x00003af0                __smakebuf_r
 .text          0x00003b70        0x0 c:/program files (x86)/gnu tools arm embedded/7 2018-q2-update/bin/../lib/gcc/arm-none-eabi/7.3.1/../../../../arm-none-eabi/lib/thumb/v7e-m\libg_nano.a(lib_a-readr.o)
 .text._read_r  0x00003b70       0x24 c:/program files (x86)/gnu tools arm embedded/7 2018-q2-update/bin/../lib/gcc/arm-none-eabi/7.3.1/../../../../arm-none-eabi/lib/thumb/v7e-m\libg_nano.a(lib_a-readr.o)
                0x00003b70                _read_r
 .text          0x00003b94        0x0 c:/program files (x86)/gnu tools arm embedded/7 2018-q2-update/bin/../lib/gcc/arm-none-eabi/7.3.1/../../../../arm-none-eabi/lib/thumb/v7e-m\libg_nano.a(lib_a-fstatr.o)
 .text._fstat_r
                0x00003b94       0x24 c:/program files (x86)/gnu tools arm embedded/7 2018-q2-update/bin/../lib/gcc/arm-none-eabi/7.3.1/../../../../arm-none-eabi/lib/thumb/v7e-m\libg_nano.a(lib_a-fstatr.o)
                0x00003b94                _fstat_r
 .text          0x00003bb8        0x0 c:/program files (x86)/gnu tools arm embedded/7 2018-q2-update/bin/../lib/gcc/arm-none-eabi/7.3.1/../../../../arm-none-eabi/lib/thumb/v7e-m\libg_nano.a(lib_a-isattyr.o)
 .text._isatty_r
                0x00003bb8       0x20 c:/program files (x86)/gnu tools arm embedded/7 2018-q2-update/bin/../lib/gcc/arm-none-eabi/7.3.1/../../../../arm-none-eabi/lib/thumb/v7e-m\libg_nano.a(lib_a-isattyr.o)
                0x00003bb8                _isatty_r
 .text          0x00003bd8        0x0 c:/program files (x86)/gnu tools arm embedded/7 2018-q2-update/bin/../lib/gcc/arm-none-eabi/7.3.1/../../../../arm-none-eabi/lib/thumb/v7e-m\libnosys.a(close.o)
 .text._close   0x00003bd8       0x10 c:/program files (x86)/gnu tools arm embedded/7 2018-q2-update/bin/../lib/gcc/arm-none-eabi/7.3.1/../../../../arm-none-eabi/lib/thumb/v7e-m\libnosys.a(close.o)
                0x00003bd8                _close
 .text          0x00003be8        0x0 c:/program files (x86)/gnu tools arm embedded/7 2018-q2-update/bin/../lib/gcc/arm-none-eabi/7.3.1/../../../../arm-none-eabi/lib/thumb/v7e-m\libnosys.a(fstat.o)
 .text._fstat   0x00003be8       0x10 c:/program files (x86)/gnu tools arm embedded/7 2018-q2-update/bin/../lib/gcc/arm-none-eabi/7.3.1/../../../../arm-none-eabi/lib/thumb/v7e-m\libnosys.a(fstat.o)
                0x00003be8                _fstat
 .text          0x00003bf8        0x0 c:/program files (x86)/gnu tools arm embedded/7 2018-q2-update/bin/../lib/gcc/arm-none-eabi/7.3.1/../../../../arm-none-eabi/lib/thumb/v7e-m\libnosys.a(isatty.o)
 .text._isatty  0x00003bf8       0x10 c:/program files (x86)/gnu tools arm embedded/7 2018-q2-update/bin/../lib/gcc/arm-none-eabi/7.3.1/../../../../arm-none-eabi/lib/thumb/v7e-m\libnosys.a(isatty.o)
                0x00003bf8                _isatty
 .text          0x00003c08        0x0 c:/program files (x86)/gnu tools arm embedded/7 2018-q2-update/bin/../lib/gcc/arm-none-eabi/7.3.1/../../../../arm-none-eabi/lib/thumb/v7e-m\libnosys.a(lseek.o)
 .text._lseek   0x00003c08       0x10 c:/program files (x86)/gnu tools arm embedded/7 2018-q2-update/bin/../lib/gcc/arm-none-eabi/7.3.1/../../../../arm-none-eabi/lib/thumb/v7e-m\libnosys.a(lseek.o)
                0x00003c08                _lseek
 .text          0x00003c18        0x0 c:/program files (x86)/gnu tools arm embedded/7 2018-q2-update/bin/../lib/gcc/arm-none-eabi/7.3.1/../../../../arm-none-eabi/lib/thumb/v7e-m\libnosys.a(read.o)
 .text._read    0x00003c18       0x10 c:/program files (x86)/gnu tools arm embedded/7 2018-q2-update/bin/../lib/gcc/arm-none-eabi/7.3.1/../../../../arm-none-eabi/lib/thumb/v7e-m\libnosys.a(read.o)
                0x00003c18                _read
 .text          0x00003c28        0x0 c:/program files (x86)/gnu tools arm embedded/7 2018-q2-update/bin/../lib/gcc/arm-none-eabi/7.3.1/../../../../arm-none-eabi/lib/thumb/v7e-m\libnosys.a(sbrk.o)
 .text._sbrk    0x00003c28       0x1c c:/program files (x86)/gnu tools arm embedded/7 2018-q2-update/bin/../lib/gcc/arm-none-eabi/7.3.1/../../../../arm-none-eabi/lib/thumb/v7e-m\libnosys.a(sbrk.o)
                0x00003c28                _sbrk
 .text          0x00003c44        0x0 c:/program files (x86)/gnu tools arm embedded/7 2018-q2-update/bin/../lib/gcc/arm-none-eabi/7.3.1/../../../../arm-none-eabi/lib/thumb/v7e-m\libnosys.a(write.o)
 .text._write   0x00003c44       0x10 c:/program files (x86)/gnu tools arm embedded/7 2018-q2-update/bin/../lib/gcc/arm-none-eabi/7.3.1/../../../../arm-none-eabi/lib/thumb/v7e-m\libnosys.a(write.o)
                0x00003c44                _write
 *(.rodata*)
 .rodata.str1.4
                0x00003c54       0x2d ./objects/hello.o
 *fill*         0x00003c81        0x3 
 .rodata.g_pppui32XTALtoVCO
                0x00003c84      0x120 ./lib/libdriver.a(sysctl.o)
 .rodata.g_pui32VCOFrequencies
                0x00003da4        0x8 ./lib/libdriver.a(sysctl.o)
 .rodata.g_sXTALtoMEMTIM
                0x00003dac       0x30 ./lib/libdriver.a(sysctl.o)
 .rodata.g_pui32Xtals
                0x00003ddc       0x6c ./lib/libdriver.a(sysctl.o)
 .rodata.g_pui32Priority
                0x00003e48       0x20 ./lib/libdriver.a(interrupt.o)
 .rodata.g_pui32Dii16Regs
                0x00003e68       0x14 ./lib/libdriver.a(interrupt.o)
 .rodata.g_pui32PendRegs
                0x00003e7c       0x14 ./lib/libdriver.a(interrupt.o)
 .rodata.g_pui32Regs
                0x00003e90       0x9c ./lib/libdriver.a(interrupt.o)
 .rodata.g_pui32EnRegs
                0x00003f2c       0x14 ./lib/libdriver.a(interrupt.o)
 .rodata.g_pui32UnpendRegs
                0x00003f40       0x14 ./lib/libdriver.a(interrupt.o)
 .rodata        0x00003f54       0x18 ./objects/uartstdio.o
 .rodata.str1.4
                0x00003f6c       0x32 ./objects/uartstdio.o
 *fill*         0x00003f9e        0x2 
 .rodata        0x00003fa0      0x210 ./objects/gpio.o
 .rodata.str1.4
                0x000041b0        0x7 ./objects/gpio.o
 *fill*         0x000041b7        0x1 
 .rodata.str1.4
                0x000041b8       0x4d ./objects/contexts.o
 *fill*         0x00004205        0x3 
 .rodata.str1.4
                0x00004208       0x1b ./objects/ppos.o
 *fill*         0x00004223        0x1 
 .rodata.str1.4
                0x00004224        0x4 ./objects/queue.o
                                  0x2 (size before relaxing)
 .rodata._perror_r.str1.1
                0x00004228        0x3 c:/program files (x86)/gnu tools arm embedded/7 2018-q2-update/bin/../lib/gcc/arm-none-eabi/7.3.1/../../../../arm-none-eabi/lib/thumb/v7e-m\libg_nano.a(lib_a-perror.o)
 .rodata._strerror_r.str1.1
                0x0000422b      0x696 c:/program files (x86)/gnu tools arm embedded/7 2018-q2-update/bin/../lib/gcc/arm-none-eabi/7.3.1/../../../../arm-none-eabi/lib/thumb/v7e-m\libg_nano.a(lib_a-strerror.o)
                                0x697 (size before relaxing)
 *fill*         0x000048c1        0x3 
 .rodata.__sf_fake_stderr
                0x000048c4       0x20 c:/program files (x86)/gnu tools arm embedded/7 2018-q2-update/bin/../lib/gcc/arm-none-eabi/7.3.1/../../../../arm-none-eabi/lib/thumb/v7e-m\libg_nano.a(lib_a-findfp.o)
                0x000048c4                __sf_fake_stderr
 .rodata.__sf_fake_stdin
                0x000048e4       0x20 c:/program files (x86)/gnu tools arm embedded/7 2018-q2-update/bin/../lib/gcc/arm-none-eabi/7.3.1/../../../../arm-none-eabi/lib/thumb/v7e-m\libg_nano.a(lib_a-findfp.o)
                0x000048e4                __sf_fake_stdin
 .rodata.__sf_fake_stdout
                0x00004904       0x20 c:/program files (x86)/gnu tools arm embedded/7 2018-q2-update/bin/../lib/gcc/arm-none-eabi/7.3.1/../../../../arm-none-eabi/lib/thumb/v7e-m\libg_nano.a(lib_a-findfp.o)
                0x00004904                __sf_fake_stdout
 .rodata._global_impure_ptr
                0x00004924        0x4 c:/program files (x86)/gnu tools arm embedded/7 2018-q2-update/bin/../lib/gcc/arm-none-eabi/7.3.1/../../../../arm-none-eabi/lib/thumb/v7e-m\libg_nano.a(lib_a-impure.o)
                0x00004924                _global_impure_ptr
                0x00004928                _etext = .

.glue_7         0x00004928        0x0
 .glue_7        0x00004928        0x0 linker stubs

.glue_7t        0x00004928        0x0
 .glue_7t       0x00004928        0x0 linker stubs

.vfp11_veneer   0x00004928        0x0
 .vfp11_veneer  0x00004928        0x0 linker stubs

.v4_bx          0x00004928        0x0
 .v4_bx         0x00004928        0x0 linker stubs

.iplt           0x00004928        0x0
 .iplt          0x00004928        0x0 ./objects/startup_gcc.o

.rel.dyn        0x00004928        0x0
 .rel.iplt      0x00004928        0x0 ./objects/startup_gcc.o

.data           0x20000000      0x464 load address 0x00004928
                0x20000000                _data = .
 *(vtable)
 vtable         0x20000000      0x400 ./lib/libdriver.a(interrupt.o)
 *(.data*)
 .data          0x20000400        0x0 ./objects/startup_gcc.o
 .data          0x20000400        0x0 ./objects/hello.o
 .data          0x20000400        0x0 ./lib/libdriver.a(sysctl.o)
 .data          0x20000400        0x0 ./lib/libdriver.a(cpu.o)
 .data          0x20000400        0x0 ./lib/libdriver.a(interrupt.o)
 .data          0x20000400        0x0 ./objects/uartstdio.o
 .data          0x20000400        0x0 ./objects/pinout.o
 .data          0x20000400        0x0 ./objects/gpio.o
 .data          0x20000400        0x0 ./objects/cpu.o
 .data          0x20000400        0x0 ./objects/ucontext_asm.o
 .data          0x20000400        0x0 ./objects/ucontext.o
 .data          0x20000400        0x0 ./objects/contexts.o
 .data          0x20000400        0x0 ./objects/ppos.o
 .data          0x20000400        0x0 ./objects/queue.o
 .data          0x20000400        0x0 c:/program files (x86)/gnu tools arm embedded/7 2018-q2-update/bin/../lib/gcc/arm-none-eabi/7.3.1/../../../../arm-none-eabi/lib/thumb/v7e-m\libg_nano.a(lib_a-malloc.o)
 .data          0x20000400        0x0 c:/program files (x86)/gnu tools arm embedded/7 2018-q2-update/bin/../lib/gcc/arm-none-eabi/7.3.1/../../../../arm-none-eabi/lib/thumb/v7e-m\libg_nano.a(lib_a-nano-freer.o)
 .data          0x20000400        0x0 c:/program files (x86)/gnu tools arm embedded/7 2018-q2-update/bin/../lib/gcc/arm-none-eabi/7.3.1/../../../../arm-none-eabi/lib/thumb/v7e-m\libg_nano.a(lib_a-nano-mallocr.o)
 .data          0x20000400        0x0 c:/program files (x86)/gnu tools arm embedded/7 2018-q2-update/bin/../lib/gcc/arm-none-eabi/7.3.1/../../../../arm-none-eabi/lib/thumb/v7e-m\libg_nano.a(lib_a-perror.o)
 .data          0x20000400        0x0 c:/program files (x86)/gnu tools arm embedded/7 2018-q2-update/bin/../lib/gcc/arm-none-eabi/7.3.1/../../../../arm-none-eabi/lib/thumb/v7e-m\libg_nano.a(lib_a-sbrkr.o)
 .data          0x20000400        0x0 c:/program files (x86)/gnu tools arm embedded/7 2018-q2-update/bin/../lib/gcc/arm-none-eabi/7.3.1/../../../../arm-none-eabi/lib/thumb/v7e-m\libg_nano.a(lib_a-strerror.o)
 .data          0x20000400        0x0 c:/program files (x86)/gnu tools arm embedded/7 2018-q2-update/bin/../lib/gcc/arm-none-eabi/7.3.1/../../../../arm-none-eabi/lib/thumb/v7e-m\libg_nano.a(lib_a-u_strerr.o)
 .data          0x20000400        0x0 c:/program files (x86)/gnu tools arm embedded/7 2018-q2-update/bin/../lib/gcc/arm-none-eabi/7.3.1/../../../../arm-none-eabi/lib/thumb/v7e-m\libg_nano.a(lib_a-findfp.o)
 .data          0x20000400        0x0 c:/program files (x86)/gnu tools arm embedded/7 2018-q2-update/bin/../lib/gcc/arm-none-eabi/7.3.1/../../../../arm-none-eabi/lib/thumb/v7e-m\libg_nano.a(lib_a-fputc.o)
 .data          0x20000400        0x0 c:/program files (x86)/gnu tools arm embedded/7 2018-q2-update/bin/../lib/gcc/arm-none-eabi/7.3.1/../../../../arm-none-eabi/lib/thumb/v7e-m\libg_nano.a(lib_a-fputs.o)
 .data          0x20000400        0x0 c:/program files (x86)/gnu tools arm embedded/7 2018-q2-update/bin/../lib/gcc/arm-none-eabi/7.3.1/../../../../arm-none-eabi/lib/thumb/v7e-m\libg_nano.a(lib_a-fwalk.o)
 .data          0x20000400        0x0 c:/program files (x86)/gnu tools arm embedded/7 2018-q2-update/bin/../lib/gcc/arm-none-eabi/7.3.1/../../../../arm-none-eabi/lib/thumb/v7e-m\libg_nano.a(lib_a-impure.o)
 .data._impure_ptr
                0x20000400        0x4 c:/program files (x86)/gnu tools arm embedded/7 2018-q2-update/bin/../lib/gcc/arm-none-eabi/7.3.1/../../../../arm-none-eabi/lib/thumb/v7e-m\libg_nano.a(lib_a-impure.o)
                0x20000400                _impure_ptr
 .data.impure_data
                0x20000404       0x60 c:/program files (x86)/gnu tools arm embedded/7 2018-q2-update/bin/../lib/gcc/arm-none-eabi/7.3.1/../../../../arm-none-eabi/lib/thumb/v7e-m\libg_nano.a(lib_a-impure.o)
 .data          0x20000464        0x0 c:/program files (x86)/gnu tools arm embedded/7 2018-q2-update/bin/../lib/gcc/arm-none-eabi/7.3.1/../../../../arm-none-eabi/lib/thumb/v7e-m\libg_nano.a(lib_a-memset.o)
 .data          0x20000464        0x0 c:/program files (x86)/gnu tools arm embedded/7 2018-q2-update/bin/../lib/gcc/arm-none-eabi/7.3.1/../../../../arm-none-eabi/lib/thumb/v7e-m\libg_nano.a(lib_a-mlock.o)
 .data          0x20000464        0x0 c:/program files (x86)/gnu tools arm embedded/7 2018-q2-update/bin/../lib/gcc/arm-none-eabi/7.3.1/../../../../arm-none-eabi/lib/thumb/v7e-m\libg_nano.a(lib_a-putc.o)
 .data          0x20000464        0x0 c:/program files (x86)/gnu tools arm embedded/7 2018-q2-update/bin/../lib/gcc/arm-none-eabi/7.3.1/../../../../arm-none-eabi/lib/thumb/v7e-m\libg_nano.a(lib_a-reent.o)
 .data          0x20000464        0x0 c:/program files (x86)/gnu tools arm embedded/7 2018-q2-update/bin/../lib/gcc/arm-none-eabi/7.3.1/../../../../arm-none-eabi/lib/thumb/v7e-m\libg_nano.a(lib_a-stdio.o)
 .data          0x20000464        0x0 c:/program files (x86)/gnu tools arm embedded/7 2018-q2-update/bin/../lib/gcc/arm-none-eabi/7.3.1/../../../../arm-none-eabi/lib/thumb/v7e-m\libg_nano.a(lib_a-wbuf.o)
 .data          0x20000464        0x0 c:/program files (x86)/gnu tools arm embedded/7 2018-q2-update/bin/../lib/gcc/arm-none-eabi/7.3.1/../../../../arm-none-eabi/lib/thumb/v7e-m\libg_nano.a(lib_a-writer.o)
 .data          0x20000464        0x0 c:/program files (x86)/gnu tools arm embedded/7 2018-q2-update/bin/../lib/gcc/arm-none-eabi/7.3.1/../../../../arm-none-eabi/lib/thumb/v7e-m\libg_nano.a(lib_a-wsetup.o)
 .data          0x20000464        0x0 c:/program files (x86)/gnu tools arm embedded/7 2018-q2-update/bin/../lib/gcc/arm-none-eabi/7.3.1/../../../../arm-none-eabi/lib/thumb/v7e-m\libg_nano.a(lib_a-closer.o)
 .data          0x20000464        0x0 c:/program files (x86)/gnu tools arm embedded/7 2018-q2-update/bin/../lib/gcc/arm-none-eabi/7.3.1/../../../../arm-none-eabi/lib/thumb/v7e-m\libg_nano.a(lib_a-fflush.o)
 .data          0x20000464        0x0 c:/program files (x86)/gnu tools arm embedded/7 2018-q2-update/bin/../lib/gcc/arm-none-eabi/7.3.1/../../../../arm-none-eabi/lib/thumb/v7e-m\libg_nano.a(lib_a-lseekr.o)
 .data          0x20000464        0x0 c:/program files (x86)/gnu tools arm embedded/7 2018-q2-update/bin/../lib/gcc/arm-none-eabi/7.3.1/../../../../arm-none-eabi/lib/thumb/v7e-m\libg_nano.a(lib_a-makebuf.o)
 .data          0x20000464        0x0 c:/program files (x86)/gnu tools arm embedded/7 2018-q2-update/bin/../lib/gcc/arm-none-eabi/7.3.1/../../../../arm-none-eabi/lib/thumb/v7e-m\libg_nano.a(lib_a-readr.o)
 .data          0x20000464        0x0 c:/program files (x86)/gnu tools arm embedded/7 2018-q2-update/bin/../lib/gcc/arm-none-eabi/7.3.1/../../../../arm-none-eabi/lib/thumb/v7e-m\libg_nano.a(lib_a-fstatr.o)
 .data          0x20000464        0x0 c:/program files (x86)/gnu tools arm embedded/7 2018-q2-update/bin/../lib/gcc/arm-none-eabi/7.3.1/../../../../arm-none-eabi/lib/thumb/v7e-m\libg_nano.a(lib_a-isattyr.o)
 .data          0x20000464        0x0 c:/program files (x86)/gnu tools arm embedded/7 2018-q2-update/bin/../lib/gcc/arm-none-eabi/7.3.1/../../../../arm-none-eabi/lib/thumb/v7e-m\libnosys.a(close.o)
 .data          0x20000464        0x0 c:/program files (x86)/gnu tools arm embedded/7 2018-q2-update/bin/../lib/gcc/arm-none-eabi/7.3.1/../../../../arm-none-eabi/lib/thumb/v7e-m\libnosys.a(fstat.o)
 .data          0x20000464        0x0 c:/program files (x86)/gnu tools arm embedded/7 2018-q2-update/bin/../lib/gcc/arm-none-eabi/7.3.1/../../../../arm-none-eabi/lib/thumb/v7e-m\libnosys.a(isatty.o)
 .data          0x20000464        0x0 c:/program files (x86)/gnu tools arm embedded/7 2018-q2-update/bin/../lib/gcc/arm-none-eabi/7.3.1/../../../../arm-none-eabi/lib/thumb/v7e-m\libnosys.a(lseek.o)
 .data          0x20000464        0x0 c:/program files (x86)/gnu tools arm embedded/7 2018-q2-update/bin/../lib/gcc/arm-none-eabi/7.3.1/../../../../arm-none-eabi/lib/thumb/v7e-m\libnosys.a(read.o)
 .data          0x20000464        0x0 c:/program files (x86)/gnu tools arm embedded/7 2018-q2-update/bin/../lib/gcc/arm-none-eabi/7.3.1/../../../../arm-none-eabi/lib/thumb/v7e-m\libnosys.a(sbrk.o)
 .data          0x20000464        0x0 c:/program files (x86)/gnu tools arm embedded/7 2018-q2-update/bin/../lib/gcc/arm-none-eabi/7.3.1/../../../../arm-none-eabi/lib/thumb/v7e-m\libnosys.a(write.o)
                0x20000464                _edata = .

.igot.plt       0x20000464        0x0 load address 0x00004d8c
 .igot.plt      0x20000464        0x0 ./objects/startup_gcc.o

.bss            0x20000464      0x404 load address 0x00004d8c
                0x20000464                _bss = .
                0x20000464                end = _bss
 *(.bss*)
 .bss           0x20000464      0x200 ./objects/startup_gcc.o
 .bss           0x20000664        0x0 ./objects/hello.o
 .bss           0x20000664        0x0 ./lib/libdriver.a(sysctl.o)
 .bss           0x20000664        0x0 ./lib/libdriver.a(cpu.o)
 .bss           0x20000664        0x0 ./lib/libdriver.a(interrupt.o)
 .bss           0x20000664        0x5 ./objects/uartstdio.o
 .bss           0x20000669        0x0 ./objects/pinout.o
 .bss           0x20000669        0x0 ./objects/gpio.o
 .bss           0x20000669        0x0 ./objects/cpu.o
 .bss           0x20000669        0x0 ./objects/ucontext_asm.o
 .bss           0x20000669        0x0 ./objects/ucontext.o
 *fill*         0x20000669        0x3 
 .bss           0x2000066c        0x4 ./objects/contexts.o
                0x2000066c                memPC
 .bss           0x20000670        0x4 ./objects/ppos.o
                0x20000670                count_id
 .bss           0x20000674        0x0 ./objects/queue.o
 .bss           0x20000674        0x0 c:/program files (x86)/gnu tools arm embedded/7 2018-q2-update/bin/../lib/gcc/arm-none-eabi/7.3.1/../../../../arm-none-eabi/lib/thumb/v7e-m\libg_nano.a(lib_a-malloc.o)
 .bss           0x20000674        0x0 c:/program files (x86)/gnu tools arm embedded/7 2018-q2-update/bin/../lib/gcc/arm-none-eabi/7.3.1/../../../../arm-none-eabi/lib/thumb/v7e-m\libg_nano.a(lib_a-nano-freer.o)
 .bss           0x20000674        0x0 c:/program files (x86)/gnu tools arm embedded/7 2018-q2-update/bin/../lib/gcc/arm-none-eabi/7.3.1/../../../../arm-none-eabi/lib/thumb/v7e-m\libg_nano.a(lib_a-nano-mallocr.o)
 .bss.__malloc_free_list
                0x20000674        0x4 c:/program files (x86)/gnu tools arm embedded/7 2018-q2-update/bin/../lib/gcc/arm-none-eabi/7.3.1/../../../../arm-none-eabi/lib/thumb/v7e-m\libg_nano.a(lib_a-nano-mallocr.o)
                0x20000674                __malloc_free_list
 .bss.__malloc_sbrk_start
                0x20000678        0x4 c:/program files (x86)/gnu tools arm embedded/7 2018-q2-update/bin/../lib/gcc/arm-none-eabi/7.3.1/../../../../arm-none-eabi/lib/thumb/v7e-m\libg_nano.a(lib_a-nano-mallocr.o)
                0x20000678                __malloc_sbrk_start
 .bss           0x2000067c        0x0 c:/program files (x86)/gnu tools arm embedded/7 2018-q2-update/bin/../lib/gcc/arm-none-eabi/7.3.1/../../../../arm-none-eabi/lib/thumb/v7e-m\libg_nano.a(lib_a-perror.o)
 .bss           0x2000067c        0x0 c:/program files (x86)/gnu tools arm embedded/7 2018-q2-update/bin/../lib/gcc/arm-none-eabi/7.3.1/../../../../arm-none-eabi/lib/thumb/v7e-m\libg_nano.a(lib_a-sbrkr.o)
 .bss           0x2000067c        0x0 c:/program files (x86)/gnu tools arm embedded/7 2018-q2-update/bin/../lib/gcc/arm-none-eabi/7.3.1/../../../../arm-none-eabi/lib/thumb/v7e-m\libg_nano.a(lib_a-strerror.o)
 .bss           0x2000067c        0x0 c:/program files (x86)/gnu tools arm embedded/7 2018-q2-update/bin/../lib/gcc/arm-none-eabi/7.3.1/../../../../arm-none-eabi/lib/thumb/v7e-m\libg_nano.a(lib_a-u_strerr.o)
 .bss           0x2000067c        0x0 c:/program files (x86)/gnu tools arm embedded/7 2018-q2-update/bin/../lib/gcc/arm-none-eabi/7.3.1/../../../../arm-none-eabi/lib/thumb/v7e-m\libg_nano.a(lib_a-findfp.o)
 .bss           0x2000067c        0x0 c:/program files (x86)/gnu tools arm embedded/7 2018-q2-update/bin/../lib/gcc/arm-none-eabi/7.3.1/../../../../arm-none-eabi/lib/thumb/v7e-m\libg_nano.a(lib_a-fputc.o)
 .bss           0x2000067c        0x0 c:/program files (x86)/gnu tools arm embedded/7 2018-q2-update/bin/../lib/gcc/arm-none-eabi/7.3.1/../../../../arm-none-eabi/lib/thumb/v7e-m\libg_nano.a(lib_a-fputs.o)
 .bss           0x2000067c        0x0 c:/program files (x86)/gnu tools arm embedded/7 2018-q2-update/bin/../lib/gcc/arm-none-eabi/7.3.1/../../../../arm-none-eabi/lib/thumb/v7e-m\libg_nano.a(lib_a-fwalk.o)
 .bss           0x2000067c        0x0 c:/program files (x86)/gnu tools arm embedded/7 2018-q2-update/bin/../lib/gcc/arm-none-eabi/7.3.1/../../../../arm-none-eabi/lib/thumb/v7e-m\libg_nano.a(lib_a-impure.o)
 .bss           0x2000067c        0x0 c:/program files (x86)/gnu tools arm embedded/7 2018-q2-update/bin/../lib/gcc/arm-none-eabi/7.3.1/../../../../arm-none-eabi/lib/thumb/v7e-m\libg_nano.a(lib_a-memset.o)
 .bss           0x2000067c        0x0 c:/program files (x86)/gnu tools arm embedded/7 2018-q2-update/bin/../lib/gcc/arm-none-eabi/7.3.1/../../../../arm-none-eabi/lib/thumb/v7e-m\libg_nano.a(lib_a-mlock.o)
 .bss           0x2000067c        0x0 c:/program files (x86)/gnu tools arm embedded/7 2018-q2-update/bin/../lib/gcc/arm-none-eabi/7.3.1/../../../../arm-none-eabi/lib/thumb/v7e-m\libg_nano.a(lib_a-putc.o)
 .bss           0x2000067c        0x0 c:/program files (x86)/gnu tools arm embedded/7 2018-q2-update/bin/../lib/gcc/arm-none-eabi/7.3.1/../../../../arm-none-eabi/lib/thumb/v7e-m\libg_nano.a(lib_a-reent.o)
 .bss           0x2000067c        0x0 c:/program files (x86)/gnu tools arm embedded/7 2018-q2-update/bin/../lib/gcc/arm-none-eabi/7.3.1/../../../../arm-none-eabi/lib/thumb/v7e-m\libg_nano.a(lib_a-stdio.o)
 .bss           0x2000067c        0x0 c:/program files (x86)/gnu tools arm embedded/7 2018-q2-update/bin/../lib/gcc/arm-none-eabi/7.3.1/../../../../arm-none-eabi/lib/thumb/v7e-m\libg_nano.a(lib_a-wbuf.o)
 .bss           0x2000067c        0x0 c:/program files (x86)/gnu tools arm embedded/7 2018-q2-update/bin/../lib/gcc/arm-none-eabi/7.3.1/../../../../arm-none-eabi/lib/thumb/v7e-m\libg_nano.a(lib_a-writer.o)
 .bss           0x2000067c        0x0 c:/program files (x86)/gnu tools arm embedded/7 2018-q2-update/bin/../lib/gcc/arm-none-eabi/7.3.1/../../../../arm-none-eabi/lib/thumb/v7e-m\libg_nano.a(lib_a-wsetup.o)
 .bss           0x2000067c        0x0 c:/program files (x86)/gnu tools arm embedded/7 2018-q2-update/bin/../lib/gcc/arm-none-eabi/7.3.1/../../../../arm-none-eabi/lib/thumb/v7e-m\libg_nano.a(lib_a-closer.o)
 .bss           0x2000067c        0x0 c:/program files (x86)/gnu tools arm embedded/7 2018-q2-update/bin/../lib/gcc/arm-none-eabi/7.3.1/../../../../arm-none-eabi/lib/thumb/v7e-m\libg_nano.a(lib_a-fflush.o)
 .bss           0x2000067c        0x0 c:/program files (x86)/gnu tools arm embedded/7 2018-q2-update/bin/../lib/gcc/arm-none-eabi/7.3.1/../../../../arm-none-eabi/lib/thumb/v7e-m\libg_nano.a(lib_a-lseekr.o)
 .bss           0x2000067c        0x0 c:/program files (x86)/gnu tools arm embedded/7 2018-q2-update/bin/../lib/gcc/arm-none-eabi/7.3.1/../../../../arm-none-eabi/lib/thumb/v7e-m\libg_nano.a(lib_a-makebuf.o)
 .bss           0x2000067c        0x0 c:/program files (x86)/gnu tools arm embedded/7 2018-q2-update/bin/../lib/gcc/arm-none-eabi/7.3.1/../../../../arm-none-eabi/lib/thumb/v7e-m\libg_nano.a(lib_a-readr.o)
 .bss           0x2000067c        0x0 c:/program files (x86)/gnu tools arm embedded/7 2018-q2-update/bin/../lib/gcc/arm-none-eabi/7.3.1/../../../../arm-none-eabi/lib/thumb/v7e-m\libg_nano.a(lib_a-fstatr.o)
 .bss           0x2000067c        0x0 c:/program files (x86)/gnu tools arm embedded/7 2018-q2-update/bin/../lib/gcc/arm-none-eabi/7.3.1/../../../../arm-none-eabi/lib/thumb/v7e-m\libg_nano.a(lib_a-isattyr.o)
 .bss           0x2000067c        0x0 c:/program files (x86)/gnu tools arm embedded/7 2018-q2-update/bin/../lib/gcc/arm-none-eabi/7.3.1/../../../../arm-none-eabi/lib/thumb/v7e-m\libnosys.a(close.o)
 .bss           0x2000067c        0x0 c:/program files (x86)/gnu tools arm embedded/7 2018-q2-update/bin/../lib/gcc/arm-none-eabi/7.3.1/../../../../arm-none-eabi/lib/thumb/v7e-m\libnosys.a(fstat.o)
 .bss           0x2000067c        0x0 c:/program files (x86)/gnu tools arm embedded/7 2018-q2-update/bin/../lib/gcc/arm-none-eabi/7.3.1/../../../../arm-none-eabi/lib/thumb/v7e-m\libnosys.a(isatty.o)
 .bss           0x2000067c        0x0 c:/program files (x86)/gnu tools arm embedded/7 2018-q2-update/bin/../lib/gcc/arm-none-eabi/7.3.1/../../../../arm-none-eabi/lib/thumb/v7e-m\libnosys.a(lseek.o)
 .bss           0x2000067c        0x0 c:/program files (x86)/gnu tools arm embedded/7 2018-q2-update/bin/../lib/gcc/arm-none-eabi/7.3.1/../../../../arm-none-eabi/lib/thumb/v7e-m\libnosys.a(read.o)
 .bss           0x2000067c        0x0 c:/program files (x86)/gnu tools arm embedded/7 2018-q2-update/bin/../lib/gcc/arm-none-eabi/7.3.1/../../../../arm-none-eabi/lib/thumb/v7e-m\libnosys.a(sbrk.o)
 .bss.heap_end.4102
                0x2000067c        0x4 c:/program files (x86)/gnu tools arm embedded/7 2018-q2-update/bin/../lib/gcc/arm-none-eabi/7.3.1/../../../../arm-none-eabi/lib/thumb/v7e-m\libnosys.a(sbrk.o)
 .bss           0x20000680        0x0 c:/program files (x86)/gnu tools arm embedded/7 2018-q2-update/bin/../lib/gcc/arm-none-eabi/7.3.1/../../../../arm-none-eabi/lib/thumb/v7e-m\libnosys.a(write.o)
 *(COMMON)
 COMMON         0x20000680      0x130 ./objects/hello.o
                0x20000680                ContextPing
                0x200006e4                ContextMain
                0x20000748                ContextPong
                0x200007ac                g_ui32SysClock
 COMMON         0x200007b0       0x44 ./objects/ucontext.o
                0x200007b0                r14
                0x200007b4                r3
                0x200007b8                r9
                0x200007bc                r6
                0x200007c0                r4
                0x200007c4                r0
                0x200007c8                r
                0x200007cc                r10
                0x200007d0                r8
                0x200007d4                r7
                0x200007d8                r11
                0x200007dc                r2
                0x200007e0                r12
                0x200007e4                r15
                0x200007e8                r5
                0x200007ec                r1
                0x200007f0                r13
 COMMON         0x200007f4        0x4 ./objects/contexts.o
                0x200007f4                flag
 COMMON         0x200007f8       0x6c ./objects/ppos.o
                0x200007f8                taskStack
                0x200007fc                mainContext
                0x20000860                taskRunning
 COMMON         0x20000864        0x4 c:/program files (x86)/gnu tools arm embedded/7 2018-q2-update/bin/../lib/gcc/arm-none-eabi/7.3.1/../../../../arm-none-eabi/lib/thumb/v7e-m\libg_nano.a(lib_a-reent.o)
                0x20000864                errno
                0x20000868                _ebss = .
OUTPUT(./Objects/NOVO.elf elf32-littlearm)

.debug_info     0x00000000     0x5ec0
 .debug_info    0x00000000      0x1a8 ./objects/startup_gcc.o
 .debug_info    0x000001a8      0xf81 ./objects/hello.o
 .debug_info    0x00001129      0x5ae ./objects/uartstdio.o
 .debug_info    0x000016d7      0x54b ./objects/pinout.o
 .debug_info    0x00001c22     0x2027 ./objects/gpio.o
 .debug_info    0x00003c49       0x64 ./objects/cpu.o
 .debug_info    0x00003cad       0x26 ./objects/ucontext_asm.o
 .debug_info    0x00003cd3      0x456 ./objects/ucontext.o
 .debug_info    0x00004129      0xd46 ./objects/contexts.o
 .debug_info    0x00004e6f      0xe04 ./objects/ppos.o
 .debug_info    0x00005c73      0x24d ./objects/queue.o

.debug_abbrev   0x00000000      0xe3f
 .debug_abbrev  0x00000000       0xfa ./objects/startup_gcc.o
 .debug_abbrev  0x000000fa      0x268 ./objects/hello.o
 .debug_abbrev  0x00000362      0x1a8 ./objects/uartstdio.o
 .debug_abbrev  0x0000050a       0xd3 ./objects/pinout.o
 .debug_abbrev  0x000005dd      0x176 ./objects/gpio.o
 .debug_abbrev  0x00000753       0x26 ./objects/cpu.o
 .debug_abbrev  0x00000779       0x14 ./objects/ucontext_asm.o
 .debug_abbrev  0x0000078d      0x12e ./objects/ucontext.o
 .debug_abbrev  0x000008bb      0x1f0 ./objects/contexts.o
 .debug_abbrev  0x00000aab      0x23a ./objects/ppos.o
 .debug_abbrev  0x00000ce5      0x15a ./objects/queue.o

.debug_loc      0x00000000     0x2770
 .debug_loc     0x00000000       0x4b ./objects/startup_gcc.o
 .debug_loc     0x0000004b      0x108 ./objects/hello.o
 .debug_loc     0x00000153      0x88a ./objects/uartstdio.o
 .debug_loc     0x000009dd      0x126 ./objects/pinout.o
 .debug_loc     0x00000b03     0x16a6 ./objects/gpio.o
 .debug_loc     0x000021a9       0xc5 ./objects/ucontext.o
 .debug_loc     0x0000226e       0xec ./objects/contexts.o
 .debug_loc     0x0000235a      0x14b ./objects/ppos.o
 .debug_loc     0x000024a5      0x2cb ./objects/queue.o

.debug_aranges  0x00000000      0x158
 .debug_aranges
                0x00000000       0x20 ./objects/startup_gcc.o
 .debug_aranges
                0x00000020       0x20 ./objects/hello.o
 .debug_aranges
                0x00000040       0x20 ./objects/uartstdio.o
 .debug_aranges
                0x00000060       0x20 ./objects/pinout.o
 .debug_aranges
                0x00000080       0x20 ./objects/gpio.o
 .debug_aranges
                0x000000a0       0x18 ./objects/cpu.o
 .debug_aranges
                0x000000b8       0x20 ./objects/ucontext_asm.o
 .debug_aranges
                0x000000d8       0x20 ./objects/ucontext.o
 .debug_aranges
                0x000000f8       0x20 ./objects/contexts.o
 .debug_aranges
                0x00000118       0x20 ./objects/ppos.o
 .debug_aranges
                0x00000138       0x20 ./objects/queue.o

.debug_line     0x00000000     0x1476
 .debug_line    0x00000000      0x12c ./objects/startup_gcc.o
 .debug_line    0x0000012c      0x2db ./objects/hello.o
 .debug_line    0x00000407      0x34e ./objects/uartstdio.o
 .debug_line    0x00000755      0x180 ./objects/pinout.o
 .debug_line    0x000008d5      0x55f ./objects/gpio.o
 .debug_line    0x00000e34       0x1d ./objects/cpu.o
 .debug_line    0x00000e51       0x9d ./objects/ucontext_asm.o
 .debug_line    0x00000eee       0xac ./objects/ucontext.o
 .debug_line    0x00000f9a      0x203 ./objects/contexts.o
 .debug_line    0x0000119d      0x20e ./objects/ppos.o
 .debug_line    0x000013ab       0xcb ./objects/queue.o

.debug_str      0x00000000      0xf24
 .debug_str     0x00000000      0x199 ./objects/startup_gcc.o
                                0x1db (size before relaxing)
 .debug_str     0x00000199      0x59a ./objects/hello.o
                                0x749 (size before relaxing)
 .debug_str     0x00000733      0x134 ./objects/uartstdio.o
                                0x2d2 (size before relaxing)
 .debug_str     0x00000867       0x81 ./objects/pinout.o
                                0x1f5 (size before relaxing)
 .debug_str     0x000008e8      0x4b1 ./objects/gpio.o
                                0x6c9 (size before relaxing)
 .debug_str     0x00000d99        0x6 ./objects/cpu.o
                                0x146 (size before relaxing)
 .debug_str     0x00000d9f       0x25 ./objects/ucontext_asm.o
                                 0x54 (size before relaxing)
 .debug_str     0x00000dc4       0x75 ./objects/ucontext.o
                                0x224 (size before relaxing)
 .debug_str     0x00000e39       0x36 ./objects/contexts.o
                                0x684 (size before relaxing)
 .debug_str     0x00000e6f       0x68 ./objects/ppos.o
                                0x6f6 (size before relaxing)
 .debug_str     0x00000ed7       0x4d ./objects/queue.o
                                0x1c6 (size before relaxing)

.comment        0x00000000       0xaa
 .comment       0x00000000       0x7f ./objects/startup_gcc.o
                                 0x80 (size before relaxing)
 .comment       0x0000007f       0x80 ./objects/hello.o
 .comment       0x0000007f       0x2b ./lib/libdriver.a(sysctl.o)
                                 0x2c (size before relaxing)
 .comment       0x000000aa       0x2c ./lib/libdriver.a(cpu.o)
 .comment       0x000000aa       0x2c ./lib/libdriver.a(interrupt.o)
 .comment       0x000000aa       0x80 ./objects/uartstdio.o
 .comment       0x000000aa       0x80 ./objects/pinout.o
 .comment       0x000000aa       0x80 ./objects/gpio.o
 .comment       0x000000aa       0x80 ./objects/cpu.o
 .comment       0x000000aa       0x80 ./objects/ucontext.o
 .comment       0x000000aa       0x80 ./objects/contexts.o
 .comment       0x000000aa       0x80 ./objects/ppos.o
 .comment       0x000000aa       0x80 ./objects/queue.o

.ARM.attributes
                0x00000000       0x37
 .ARM.attributes
                0x00000000       0x33 ./objects/startup_gcc.o
 .ARM.attributes
                0x00000033       0x33 ./objects/hello.o
 .ARM.attributes
                0x00000066       0x37 ./lib/libdriver.a(sysctl.o)
 .ARM.attributes
                0x0000009d       0x37 ./lib/libdriver.a(cpu.o)
 .ARM.attributes
                0x000000d4       0x37 ./lib/libdriver.a(interrupt.o)
 .ARM.attributes
                0x0000010b       0x33 ./objects/uartstdio.o
 .ARM.attributes
                0x0000013e       0x33 ./objects/pinout.o
 .ARM.attributes
                0x00000171       0x33 ./objects/gpio.o
 .ARM.attributes
                0x000001a4       0x33 ./objects/cpu.o
 .ARM.attributes
                0x000001d7       0x1b ./objects/ucontext_asm.o
 .ARM.attributes
                0x000001f2       0x33 ./objects/ucontext.o
 .ARM.attributes
                0x00000225       0x33 ./objects/contexts.o
 .ARM.attributes
                0x00000258       0x33 ./objects/ppos.o
 .ARM.attributes
                0x0000028b       0x33 ./objects/queue.o
 .ARM.attributes
                0x000002be       0x2e c:/program files (x86)/gnu tools arm embedded/7 2018-q2-update/bin/../lib/gcc/arm-none-eabi/7.3.1/../../../../arm-none-eabi/lib/thumb/v7e-m\libg_nano.a(lib_a-malloc.o)
 .ARM.attributes
                0x000002ec       0x2e c:/program files (x86)/gnu tools arm embedded/7 2018-q2-update/bin/../lib/gcc/arm-none-eabi/7.3.1/../../../../arm-none-eabi/lib/thumb/v7e-m\libg_nano.a(lib_a-nano-freer.o)
 .ARM.attributes
                0x0000031a       0x2e c:/program files (x86)/gnu tools arm embedded/7 2018-q2-update/bin/../lib/gcc/arm-none-eabi/7.3.1/../../../../arm-none-eabi/lib/thumb/v7e-m\libg_nano.a(lib_a-nano-mallocr.o)
 .ARM.attributes
                0x00000348       0x2e c:/program files (x86)/gnu tools arm embedded/7 2018-q2-update/bin/../lib/gcc/arm-none-eabi/7.3.1/../../../../arm-none-eabi/lib/thumb/v7e-m\libg_nano.a(lib_a-perror.o)
 .ARM.attributes
                0x00000376       0x2e c:/program files (x86)/gnu tools arm embedded/7 2018-q2-update/bin/../lib/gcc/arm-none-eabi/7.3.1/../../../../arm-none-eabi/lib/thumb/v7e-m\libg_nano.a(lib_a-sbrkr.o)
 .ARM.attributes
                0x000003a4       0x2e c:/program files (x86)/gnu tools arm embedded/7 2018-q2-update/bin/../lib/gcc/arm-none-eabi/7.3.1/../../../../arm-none-eabi/lib/thumb/v7e-m\libg_nano.a(lib_a-strerror.o)
 .ARM.attributes
                0x000003d2       0x2e c:/program files (x86)/gnu tools arm embedded/7 2018-q2-update/bin/../lib/gcc/arm-none-eabi/7.3.1/../../../../arm-none-eabi/lib/thumb/v7e-m\libg_nano.a(lib_a-u_strerr.o)
 .ARM.attributes
                0x00000400       0x2e c:/program files (x86)/gnu tools arm embedded/7 2018-q2-update/bin/../lib/gcc/arm-none-eabi/7.3.1/../../../../arm-none-eabi/lib/thumb/v7e-m\libg_nano.a(lib_a-findfp.o)
 .ARM.attributes
                0x0000042e       0x2e c:/program files (x86)/gnu tools arm embedded/7 2018-q2-update/bin/../lib/gcc/arm-none-eabi/7.3.1/../../../../arm-none-eabi/lib/thumb/v7e-m\libg_nano.a(lib_a-fputc.o)
 .ARM.attributes
                0x0000045c       0x2e c:/program files (x86)/gnu tools arm embedded/7 2018-q2-update/bin/../lib/gcc/arm-none-eabi/7.3.1/../../../../arm-none-eabi/lib/thumb/v7e-m\libg_nano.a(lib_a-fputs.o)
 .ARM.attributes
                0x0000048a       0x2e c:/program files (x86)/gnu tools arm embedded/7 2018-q2-update/bin/../lib/gcc/arm-none-eabi/7.3.1/../../../../arm-none-eabi/lib/thumb/v7e-m\libg_nano.a(lib_a-fwalk.o)
 .ARM.attributes
                0x000004b8       0x2e c:/program files (x86)/gnu tools arm embedded/7 2018-q2-update/bin/../lib/gcc/arm-none-eabi/7.3.1/../../../../arm-none-eabi/lib/thumb/v7e-m\libg_nano.a(lib_a-impure.o)
 .ARM.attributes
                0x000004e6       0x2e c:/program files (x86)/gnu tools arm embedded/7 2018-q2-update/bin/../lib/gcc/arm-none-eabi/7.3.1/../../../../arm-none-eabi/lib/thumb/v7e-m\libg_nano.a(lib_a-memset.o)
 .ARM.attributes
                0x00000514       0x2e c:/program files (x86)/gnu tools arm embedded/7 2018-q2-update/bin/../lib/gcc/arm-none-eabi/7.3.1/../../../../arm-none-eabi/lib/thumb/v7e-m\libg_nano.a(lib_a-mlock.o)
 .ARM.attributes
                0x00000542       0x2e c:/program files (x86)/gnu tools arm embedded/7 2018-q2-update/bin/../lib/gcc/arm-none-eabi/7.3.1/../../../../arm-none-eabi/lib/thumb/v7e-m\libg_nano.a(lib_a-putc.o)
 .ARM.attributes
                0x00000570       0x2e c:/program files (x86)/gnu tools arm embedded/7 2018-q2-update/bin/../lib/gcc/arm-none-eabi/7.3.1/../../../../arm-none-eabi/lib/thumb/v7e-m\libg_nano.a(lib_a-reent.o)
 .ARM.attributes
                0x0000059e       0x2e c:/program files (x86)/gnu tools arm embedded/7 2018-q2-update/bin/../lib/gcc/arm-none-eabi/7.3.1/../../../../arm-none-eabi/lib/thumb/v7e-m\libg_nano.a(lib_a-stdio.o)
 .ARM.attributes
                0x000005cc       0x2e c:/program files (x86)/gnu tools arm embedded/7 2018-q2-update/bin/../lib/gcc/arm-none-eabi/7.3.1/../../../../arm-none-eabi/lib/thumb/v7e-m\libg_nano.a(lib_a-wbuf.o)
 .ARM.attributes
                0x000005fa       0x2e c:/program files (x86)/gnu tools arm embedded/7 2018-q2-update/bin/../lib/gcc/arm-none-eabi/7.3.1/../../../../arm-none-eabi/lib/thumb/v7e-m\libg_nano.a(lib_a-writer.o)
 .ARM.attributes
                0x00000628       0x2e c:/program files (x86)/gnu tools arm embedded/7 2018-q2-update/bin/../lib/gcc/arm-none-eabi/7.3.1/../../../../arm-none-eabi/lib/thumb/v7e-m\libg_nano.a(lib_a-wsetup.o)
 .ARM.attributes
                0x00000656       0x2e c:/program files (x86)/gnu tools arm embedded/7 2018-q2-update/bin/../lib/gcc/arm-none-eabi/7.3.1/../../../../arm-none-eabi/lib/thumb/v7e-m\libg_nano.a(lib_a-closer.o)
 .ARM.attributes
                0x00000684       0x2e c:/program files (x86)/gnu tools arm embedded/7 2018-q2-update/bin/../lib/gcc/arm-none-eabi/7.3.1/../../../../arm-none-eabi/lib/thumb/v7e-m\libg_nano.a(lib_a-fflush.o)
 .ARM.attributes
                0x000006b2       0x2e c:/program files (x86)/gnu tools arm embedded/7 2018-q2-update/bin/../lib/gcc/arm-none-eabi/7.3.1/../../../../arm-none-eabi/lib/thumb/v7e-m\libg_nano.a(lib_a-lseekr.o)
 .ARM.attributes
                0x000006e0       0x2e c:/program files (x86)/gnu tools arm embedded/7 2018-q2-update/bin/../lib/gcc/arm-none-eabi/7.3.1/../../../../arm-none-eabi/lib/thumb/v7e-m\libg_nano.a(lib_a-makebuf.o)
 .ARM.attributes
                0x0000070e       0x2e c:/program files (x86)/gnu tools arm embedded/7 2018-q2-update/bin/../lib/gcc/arm-none-eabi/7.3.1/../../../../arm-none-eabi/lib/thumb/v7e-m\libg_nano.a(lib_a-readr.o)
 .ARM.attributes
                0x0000073c       0x2e c:/program files (x86)/gnu tools arm embedded/7 2018-q2-update/bin/../lib/gcc/arm-none-eabi/7.3.1/../../../../arm-none-eabi/lib/thumb/v7e-m\libg_nano.a(lib_a-fstatr.o)
 .ARM.attributes
                0x0000076a       0x2e c:/program files (x86)/gnu tools arm embedded/7 2018-q2-update/bin/../lib/gcc/arm-none-eabi/7.3.1/../../../../arm-none-eabi/lib/thumb/v7e-m\libg_nano.a(lib_a-isattyr.o)
 .ARM.attributes
                0x00000798       0x2e c:/program files (x86)/gnu tools arm embedded/7 2018-q2-update/bin/../lib/gcc/arm-none-eabi/7.3.1/../../../../arm-none-eabi/lib/thumb/v7e-m\libnosys.a(close.o)
 .ARM.attributes
                0x000007c6       0x2e c:/program files (x86)/gnu tools arm embedded/7 2018-q2-update/bin/../lib/gcc/arm-none-eabi/7.3.1/../../../../arm-none-eabi/lib/thumb/v7e-m\libnosys.a(fstat.o)
 .ARM.attributes
                0x000007f4       0x2e c:/program files (x86)/gnu tools arm embedded/7 2018-q2-update/bin/../lib/gcc/arm-none-eabi/7.3.1/../../../../arm-none-eabi/lib/thumb/v7e-m\libnosys.a(isatty.o)
 .ARM.attributes
                0x00000822       0x2e c:/program files (x86)/gnu tools arm embedded/7 2018-q2-update/bin/../lib/gcc/arm-none-eabi/7.3.1/../../../../arm-none-eabi/lib/thumb/v7e-m\libnosys.a(lseek.o)
 .ARM.attributes
                0x00000850       0x2e c:/program files (x86)/gnu tools arm embedded/7 2018-q2-update/bin/../lib/gcc/arm-none-eabi/7.3.1/../../../../arm-none-eabi/lib/thumb/v7e-m\libnosys.a(read.o)
 .ARM.attributes
                0x0000087e       0x2e c:/program files (x86)/gnu tools arm embedded/7 2018-q2-update/bin/../lib/gcc/arm-none-eabi/7.3.1/../../../../arm-none-eabi/lib/thumb/v7e-m\libnosys.a(sbrk.o)
 .ARM.attributes
                0x000008ac       0x2e c:/program files (x86)/gnu tools arm embedded/7 2018-q2-update/bin/../lib/gcc/arm-none-eabi/7.3.1/../../../../arm-none-eabi/lib/thumb/v7e-m\libnosys.a(write.o)

.debug_frame    0x00000000     0x1248
 .debug_frame   0x00000000       0x5c ./objects/startup_gcc.o
 .debug_frame   0x0000005c       0x70 ./objects/hello.o
 .debug_frame   0x000000cc      0x120 ./objects/uartstdio.o
 .debug_frame   0x000001ec       0x6c ./objects/pinout.o
 .debug_frame   0x00000258      0x638 ./objects/gpio.o
 .debug_frame   0x00000890       0x5c ./objects/ucontext.o
 .debug_frame   0x000008ec       0x60 ./objects/contexts.o
 .debug_frame   0x0000094c       0x94 ./objects/ppos.o
 .debug_frame   0x000009e0       0x80 ./objects/queue.o
 .debug_frame   0x00000a60       0x30 c:/program files (x86)/gnu tools arm embedded/7 2018-q2-update/bin/../lib/gcc/arm-none-eabi/7.3.1/../../../../arm-none-eabi/lib/thumb/v7e-m\libg_nano.a(lib_a-malloc.o)
 .debug_frame   0x00000a90       0x38 c:/program files (x86)/gnu tools arm embedded/7 2018-q2-update/bin/../lib/gcc/arm-none-eabi/7.3.1/../../../../arm-none-eabi/lib/thumb/v7e-m\libg_nano.a(lib_a-nano-freer.o)
 .debug_frame   0x00000ac8       0x2c c:/program files (x86)/gnu tools arm embedded/7 2018-q2-update/bin/../lib/gcc/arm-none-eabi/7.3.1/../../../../arm-none-eabi/lib/thumb/v7e-m\libg_nano.a(lib_a-nano-mallocr.o)
 .debug_frame   0x00000af4       0x3c c:/program files (x86)/gnu tools arm embedded/7 2018-q2-update/bin/../lib/gcc/arm-none-eabi/7.3.1/../../../../arm-none-eabi/lib/thumb/v7e-m\libg_nano.a(lib_a-perror.o)
 .debug_frame   0x00000b30       0x2c c:/program files (x86)/gnu tools arm embedded/7 2018-q2-update/bin/../lib/gcc/arm-none-eabi/7.3.1/../../../../arm-none-eabi/lib/thumb/v7e-m\libg_nano.a(lib_a-sbrkr.o)
 .debug_frame   0x00000b5c       0x48 c:/program files (x86)/gnu tools arm embedded/7 2018-q2-update/bin/../lib/gcc/arm-none-eabi/7.3.1/../../../../arm-none-eabi/lib/thumb/v7e-m\libg_nano.a(lib_a-strerror.o)
 .debug_frame   0x00000ba4       0x20 c:/program files (x86)/gnu tools arm embedded/7 2018-q2-update/bin/../lib/gcc/arm-none-eabi/7.3.1/../../../../arm-none-eabi/lib/thumb/v7e-m\libg_nano.a(lib_a-u_strerr.o)
 .debug_frame   0x00000bc4      0x11c c:/program files (x86)/gnu tools arm embedded/7 2018-q2-update/bin/../lib/gcc/arm-none-eabi/7.3.1/../../../../arm-none-eabi/lib/thumb/v7e-m\libg_nano.a(lib_a-findfp.o)
 .debug_frame   0x00000ce0       0x48 c:/program files (x86)/gnu tools arm embedded/7 2018-q2-update/bin/../lib/gcc/arm-none-eabi/7.3.1/../../../../arm-none-eabi/lib/thumb/v7e-m\libg_nano.a(lib_a-fputc.o)
 .debug_frame   0x00000d28       0x3c c:/program files (x86)/gnu tools arm embedded/7 2018-q2-update/bin/../lib/gcc/arm-none-eabi/7.3.1/../../../../arm-none-eabi/lib/thumb/v7e-m\libg_nano.a(lib_a-fputs.o)
 .debug_frame   0x00000d64       0x54 c:/program files (x86)/gnu tools arm embedded/7 2018-q2-update/bin/../lib/gcc/arm-none-eabi/7.3.1/../../../../arm-none-eabi/lib/thumb/v7e-m\libg_nano.a(lib_a-fwalk.o)
 .debug_frame   0x00000db8       0x20 c:/program files (x86)/gnu tools arm embedded/7 2018-q2-update/bin/../lib/gcc/arm-none-eabi/7.3.1/../../../../arm-none-eabi/lib/thumb/v7e-m\libg_nano.a(lib_a-memset.o)
 .debug_frame   0x00000dd8       0x30 c:/program files (x86)/gnu tools arm embedded/7 2018-q2-update/bin/../lib/gcc/arm-none-eabi/7.3.1/../../../../arm-none-eabi/lib/thumb/v7e-m\libg_nano.a(lib_a-mlock.o)
 .debug_frame   0x00000e08       0x48 c:/program files (x86)/gnu tools arm embedded/7 2018-q2-update/bin/../lib/gcc/arm-none-eabi/7.3.1/../../../../arm-none-eabi/lib/thumb/v7e-m\libg_nano.a(lib_a-putc.o)
 .debug_frame   0x00000e50       0x5c c:/program files (x86)/gnu tools arm embedded/7 2018-q2-update/bin/../lib/gcc/arm-none-eabi/7.3.1/../../../../arm-none-eabi/lib/thumb/v7e-m\libg_nano.a(lib_a-reent.o)
 .debug_frame   0x00000eac       0x88 c:/program files (x86)/gnu tools arm embedded/7 2018-q2-update/bin/../lib/gcc/arm-none-eabi/7.3.1/../../../../arm-none-eabi/lib/thumb/v7e-m\libg_nano.a(lib_a-stdio.o)
 .debug_frame   0x00000f34       0x40 c:/program files (x86)/gnu tools arm embedded/7 2018-q2-update/bin/../lib/gcc/arm-none-eabi/7.3.1/../../../../arm-none-eabi/lib/thumb/v7e-m\libg_nano.a(lib_a-wbuf.o)
 .debug_frame   0x00000f74       0x2c c:/program files (x86)/gnu tools arm embedded/7 2018-q2-update/bin/../lib/gcc/arm-none-eabi/7.3.1/../../../../arm-none-eabi/lib/thumb/v7e-m\libg_nano.a(lib_a-writer.o)
 .debug_frame   0x00000fa0       0x2c c:/program files (x86)/gnu tools arm embedded/7 2018-q2-update/bin/../lib/gcc/arm-none-eabi/7.3.1/../../../../arm-none-eabi/lib/thumb/v7e-m\libg_nano.a(lib_a-wsetup.o)
 .debug_frame   0x00000fcc       0x2c c:/program files (x86)/gnu tools arm embedded/7 2018-q2-update/bin/../lib/gcc/arm-none-eabi/7.3.1/../../../../arm-none-eabi/lib/thumb/v7e-m\libg_nano.a(lib_a-closer.o)
 .debug_frame   0x00000ff8       0x68 c:/program files (x86)/gnu tools arm embedded/7 2018-q2-update/bin/../lib/gcc/arm-none-eabi/7.3.1/../../../../arm-none-eabi/lib/thumb/v7e-m\libg_nano.a(lib_a-fflush.o)
 .debug_frame   0x00001060       0x2c c:/program files (x86)/gnu tools arm embedded/7 2018-q2-update/bin/../lib/gcc/arm-none-eabi/7.3.1/../../../../arm-none-eabi/lib/thumb/v7e-m\libg_nano.a(lib_a-lseekr.o)
 .debug_frame   0x0000108c       0x58 c:/program files (x86)/gnu tools arm embedded/7 2018-q2-update/bin/../lib/gcc/arm-none-eabi/7.3.1/../../../../arm-none-eabi/lib/thumb/v7e-m\libg_nano.a(lib_a-makebuf.o)
 .debug_frame   0x000010e4       0x2c c:/program files (x86)/gnu tools arm embedded/7 2018-q2-update/bin/../lib/gcc/arm-none-eabi/7.3.1/../../../../arm-none-eabi/lib/thumb/v7e-m\libg_nano.a(lib_a-readr.o)
 .debug_frame   0x00001110       0x2c c:/program files (x86)/gnu tools arm embedded/7 2018-q2-update/bin/../lib/gcc/arm-none-eabi/7.3.1/../../../../arm-none-eabi/lib/thumb/v7e-m\libg_nano.a(lib_a-fstatr.o)
 .debug_frame   0x0000113c       0x2c c:/program files (x86)/gnu tools arm embedded/7 2018-q2-update/bin/../lib/gcc/arm-none-eabi/7.3.1/../../../../arm-none-eabi/lib/thumb/v7e-m\libg_nano.a(lib_a-isattyr.o)
 .debug_frame   0x00001168       0x20 c:/program files (x86)/gnu tools arm embedded/7 2018-q2-update/bin/../lib/gcc/arm-none-eabi/7.3.1/../../../../arm-none-eabi/lib/thumb/v7e-m\libnosys.a(close.o)
 .debug_frame   0x00001188       0x20 c:/program files (x86)/gnu tools arm embedded/7 2018-q2-update/bin/../lib/gcc/arm-none-eabi/7.3.1/../../../../arm-none-eabi/lib/thumb/v7e-m\libnosys.a(fstat.o)
 .debug_frame   0x000011a8       0x20 c:/program files (x86)/gnu tools arm embedded/7 2018-q2-update/bin/../lib/gcc/arm-none-eabi/7.3.1/../../../../arm-none-eabi/lib/thumb/v7e-m\libnosys.a(isatty.o)
 .debug_frame   0x000011c8       0x20 c:/program files (x86)/gnu tools arm embedded/7 2018-q2-update/bin/../lib/gcc/arm-none-eabi/7.3.1/../../../../arm-none-eabi/lib/thumb/v7e-m\libnosys.a(lseek.o)
 .debug_frame   0x000011e8       0x20 c:/program files (x86)/gnu tools arm embedded/7 2018-q2-update/bin/../lib/gcc/arm-none-eabi/7.3.1/../../../../arm-none-eabi/lib/thumb/v7e-m\libnosys.a(read.o)
 .debug_frame   0x00001208       0x20 c:/program files (x86)/gnu tools arm embedded/7 2018-q2-update/bin/../lib/gcc/arm-none-eabi/7.3.1/../../../../arm-none-eabi/lib/thumb/v7e-m\libnosys.a(sbrk.o)
 .debug_frame   0x00001228       0x20 c:/program files (x86)/gnu tools arm embedded/7 2018-q2-update/bin/../lib/gcc/arm-none-eabi/7.3.1/../../../../arm-none-eabi/lib/thumb/v7e-m\libnosys.a(write.o)

.debug_ranges   0x00000000       0x18
 .debug_ranges  0x00000000       0x18 ./objects/queue.o

.stab           0x00000000       0x9c
 .stab          0x00000000       0x24 c:/program files (x86)/gnu tools arm embedded/7 2018-q2-update/bin/../lib/gcc/arm-none-eabi/7.3.1/../../../../arm-none-eabi/lib/thumb/v7e-m\libnosys.a(close.o)
 .stab          0x00000024       0x18 c:/program files (x86)/gnu tools arm embedded/7 2018-q2-update/bin/../lib/gcc/arm-none-eabi/7.3.1/../../../../arm-none-eabi/lib/thumb/v7e-m\libnosys.a(fstat.o)
                                 0x24 (size before relaxing)
 .stab          0x0000003c       0x18 c:/program files (x86)/gnu tools arm embedded/7 2018-q2-update/bin/../lib/gcc/arm-none-eabi/7.3.1/../../../../arm-none-eabi/lib/thumb/v7e-m\libnosys.a(isatty.o)
                                 0x24 (size before relaxing)
 .stab          0x00000054       0x18 c:/program files (x86)/gnu tools arm embedded/7 2018-q2-update/bin/../lib/gcc/arm-none-eabi/7.3.1/../../../../arm-none-eabi/lib/thumb/v7e-m\libnosys.a(lseek.o)
                                 0x24 (size before relaxing)
 .stab          0x0000006c       0x18 c:/program files (x86)/gnu tools arm embedded/7 2018-q2-update/bin/../lib/gcc/arm-none-eabi/7.3.1/../../../../arm-none-eabi/lib/thumb/v7e-m\libnosys.a(read.o)
                                 0x24 (size before relaxing)
 .stab          0x00000084       0x18 c:/program files (x86)/gnu tools arm embedded/7 2018-q2-update/bin/../lib/gcc/arm-none-eabi/7.3.1/../../../../arm-none-eabi/lib/thumb/v7e-m\libnosys.a(write.o)
                                 0x24 (size before relaxing)

.stabstr        0x00000000      0x14d
 .stabstr       0x00000000      0x14d c:/program files (x86)/gnu tools arm embedded/7 2018-q2-update/bin/../lib/gcc/arm-none-eabi/7.3.1/../../../../arm-none-eabi/lib/thumb/v7e-m\libnosys.a(close.o)
