Archive member included to satisfy reference by file (symbol)

./lib/libdriver.a(sysctl.o)   ./objects/hello.o (SysCtlDelay)
./lib/libdriver.a(cpu.o)      ./lib/libdriver.a(sysctl.o) (CPUwfi)
./lib/libdriver.a(interrupt.o)
                              ./lib/libdriver.a(sysctl.o) (IntRegister)
c:/program files (x86)/gnu tools arm embedded/7 2018-q2-update/bin/../lib/gcc/arm-none-eabi/7.3.1/../../../../arm-none-eabi/lib/thumb/v7e-m\libg_nano.a(lib_a-malloc.o)
                              ./objects/ppos.o (malloc)
c:/program files (x86)/gnu tools arm embedded/7 2018-q2-update/bin/../lib/gcc/arm-none-eabi/7.3.1/../../../../arm-none-eabi/lib/thumb/v7e-m\libg_nano.a(lib_a-nano-freer.o)
                              c:/program files (x86)/gnu tools arm embedded/7 2018-q2-update/bin/../lib/gcc/arm-none-eabi/7.3.1/../../../../arm-none-eabi/lib/thumb/v7e-m\libg_nano.a(lib_a-malloc.o) (_free_r)
c:/program files (x86)/gnu tools arm embedded/7 2018-q2-update/bin/../lib/gcc/arm-none-eabi/7.3.1/../../../../arm-none-eabi/lib/thumb/v7e-m\libg_nano.a(lib_a-nano-mallocr.o)
                              c:/program files (x86)/gnu tools arm embedded/7 2018-q2-update/bin/../lib/gcc/arm-none-eabi/7.3.1/../../../../arm-none-eabi/lib/thumb/v7e-m\libg_nano.a(lib_a-malloc.o) (_malloc_r)
c:/program files (x86)/gnu tools arm embedded/7 2018-q2-update/bin/../lib/gcc/arm-none-eabi/7.3.1/../../../../arm-none-eabi/lib/thumb/v7e-m\libg_nano.a(lib_a-perror.o)
                              ./objects/ppos.o (perror)
c:/program files (x86)/gnu tools arm embedded/7 2018-q2-update/bin/../lib/gcc/arm-none-eabi/7.3.1/../../../../arm-none-eabi/lib/thumb/v7e-m\libg_nano.a(lib_a-sbrkr.o)
                              c:/program files (x86)/gnu tools arm embedded/7 2018-q2-update/bin/../lib/gcc/arm-none-eabi/7.3.1/../../../../arm-none-eabi/lib/thumb/v7e-m\libg_nano.a(lib_a-nano-mallocr.o) (_sbrk_r)
c:/program files (x86)/gnu tools arm embedded/7 2018-q2-update/bin/../lib/gcc/arm-none-eabi/7.3.1/../../../../arm-none-eabi/lib/thumb/v7e-m\libg_nano.a(lib_a-strerror.o)
                              c:/program files (x86)/gnu tools arm embedded/7 2018-q2-update/bin/../lib/gcc/arm-none-eabi/7.3.1/../../../../arm-none-eabi/lib/thumb/v7e-m\libg_nano.a(lib_a-perror.o) (_strerror_r)
c:/program files (x86)/gnu tools arm embedded/7 2018-q2-update/bin/../lib/gcc/arm-none-eabi/7.3.1/../../../../arm-none-eabi/lib/thumb/v7e-m\libg_nano.a(lib_a-u_strerr.o)
                              c:/program files (x86)/gnu tools arm embedded/7 2018-q2-update/bin/../lib/gcc/arm-none-eabi/7.3.1/../../../../arm-none-eabi/lib/thumb/v7e-m\libg_nano.a(lib_a-strerror.o) (_user_strerror)
c:/program files (x86)/gnu tools arm embedded/7 2018-q2-update/bin/../lib/gcc/arm-none-eabi/7.3.1/../../../../arm-none-eabi/lib/thumb/v7e-m\libg_nano.a(lib_a-findfp.o)
                              c:/program files (x86)/gnu tools arm embedded/7 2018-q2-update/bin/../lib/gcc/arm-none-eabi/7.3.1/../../../../arm-none-eabi/lib/thumb/v7e-m\libg_nano.a(lib_a-perror.o) (__sinit)
c:/program files (x86)/gnu tools arm embedded/7 2018-q2-update/bin/../lib/gcc/arm-none-eabi/7.3.1/../../../../arm-none-eabi/lib/thumb/v7e-m\libg_nano.a(lib_a-fputc.o)
                              c:/program files (x86)/gnu tools arm embedded/7 2018-q2-update/bin/../lib/gcc/arm-none-eabi/7.3.1/../../../../arm-none-eabi/lib/thumb/v7e-m\libg_nano.a(lib_a-perror.o) (fputc)
c:/program files (x86)/gnu tools arm embedded/7 2018-q2-update/bin/../lib/gcc/arm-none-eabi/7.3.1/../../../../arm-none-eabi/lib/thumb/v7e-m\libg_nano.a(lib_a-fputs.o)
                              c:/program files (x86)/gnu tools arm embedded/7 2018-q2-update/bin/../lib/gcc/arm-none-eabi/7.3.1/../../../../arm-none-eabi/lib/thumb/v7e-m\libg_nano.a(lib_a-perror.o) (fputs)
c:/program files (x86)/gnu tools arm embedded/7 2018-q2-update/bin/../lib/gcc/arm-none-eabi/7.3.1/../../../../arm-none-eabi/lib/thumb/v7e-m\libg_nano.a(lib_a-fwalk.o)
                              c:/program files (x86)/gnu tools arm embedded/7 2018-q2-update/bin/../lib/gcc/arm-none-eabi/7.3.1/../../../../arm-none-eabi/lib/thumb/v7e-m\libg_nano.a(lib_a-findfp.o) (_fwalk)
c:/program files (x86)/gnu tools arm embedded/7 2018-q2-update/bin/../lib/gcc/arm-none-eabi/7.3.1/../../../../arm-none-eabi/lib/thumb/v7e-m\libg_nano.a(lib_a-impure.o)
                              c:/program files (x86)/gnu tools arm embedded/7 2018-q2-update/bin/../lib/gcc/arm-none-eabi/7.3.1/../../../../arm-none-eabi/lib/thumb/v7e-m\libg_nano.a(lib_a-findfp.o) (_global_impure_ptr)
c:/program files (x86)/gnu tools arm embedded/7 2018-q2-update/bin/../lib/gcc/arm-none-eabi/7.3.1/../../../../arm-none-eabi/lib/thumb/v7e-m\libg_nano.a(lib_a-memset.o)
                              c:/program files (x86)/gnu tools arm embedded/7 2018-q2-update/bin/../lib/gcc/arm-none-eabi/7.3.1/../../../../arm-none-eabi/lib/thumb/v7e-m\libg_nano.a(lib_a-findfp.o) (memset)
[...]
Memory Configuration

Name             Origin             Length             Attributes
FLASH            0x00000000         0x00100000         xr
SRAM             0x20000000         0x00040000         xrw
*default*        0x00000000         0xffffffff

Linker script and memory map

LOAD ./objects/startup_gcc.o
LOAD ./objects/hello.o
LOAD ./lib/libdriver.a
LOAD ./lib/driverlib.a
LOAD ./objects/uartstdio.o
LOAD ./objects/pinout.o
LOAD ./objects/gpio.o
LOAD ./objects/cpu.o
LOAD ./objects/ucontext_asm.o
LOAD ./objects/ucontext.o
LOAD ./objects/contexts.o
LOAD ./objects/ppos.o
LOAD ./objects/pingpong-tasks1.o
LOAD ./objects/queue.o
LOAD c:/program files (x86)/gnu tools arm embedded/7 2018-q2-update/bin/../lib/gcc/arm-none-eabi/7.3.1/../../../../arm-none-eabi/lib/thumb/v7e-m\libm.a
LOAD c:/program files (x86)/gnu tools arm embedded/7 2018-q2-update/bin/../lib/gcc/arm-none-eabi/7.3.1/../../../../arm-none-eabi/lib/thumb/v7e-m\libm.a
LOAD c:/program files (x86)/gnu tools arm embedded/7 2018-q2-update/bin/../lib/gcc/arm-none-eabi/7.3.1/../../../../arm-none-eabi/lib/thumb/v7e-m\libg_nano.a
LOAD c:/program files (x86)/gnu tools arm embedded/7 2018-q2-update/bin/../lib/gcc/arm-none-eabi/7.3.1/thumb/v7e-m\libgcc.a
LOAD c:/program files (x86)/gnu tools arm embedded/7 2018-q2-update/bin/../lib/gcc/arm-none-eabi/7.3.1/../../../../arm-none-eabi/lib/thumb/v7e-m\libnosys.a
START GROUP
LOAD c:/program files (x86)/gnu tools arm embedded/7 2018-q2-update/bin/../lib/gcc/arm-none-eabi/7.3.1/thumb/v7e-m\libgcc.a
LOAD c:/program files (x86)/gnu tools arm embedded/7 2018-q2-update/bin/../lib/gcc/arm-none-eabi/7.3.1/../../../../arm-none-eabi/lib/thumb/v7e-m\libg_nano.a
LOAD c:/program files (x86)/gnu tools arm embedded/7 2018-q2-update/bin/../lib/gcc/arm-none-eabi/7.3.1/../../../../arm-none-eabi/lib/thumb/v7e-m\libc_nano.a
END GROUP
START GROUP
LOAD c:/program files (x86)/gnu tools arm embedded/7 2018-q2-update/bin/../lib/gcc/arm-none-eabi/7.3.1/thumb/v7e-m\libgcc.a
LOAD c:/program files (x86)/gnu tools arm embedded/7 2018-q2-update/bin/../lib/gcc/arm-none-eabi/7.3.1/../../../../arm-none-eabi/lib/thumb/v7e-m\libc_nano.a
END GROUP

.text           0x00000000     0x4954
                0x00000000                _text = .
 *(.isr_vector)
 .isr_vector    0x00000000      0x200 ./objects/startup_gcc.o
                0x00000000                g_pfnVectors
 *(.text*)
 .text          0x00000200       0x6c ./objects/startup_gcc.o
                0x00000206                ResetISR
 .text          0x0000026c      0x124 ./objects/hello.o
                0x0000026c                __error__
                0x00000280                ConfigureUART
                0x000002e0                main
 .text          0x00000390        0x0 ./lib/libdriver.a(sysctl.o)
 .text._SysCtlMemTimingGet
                0x00000390       0x24 ./lib/libdriver.a(sysctl.o)
 .text.SysCtlSRAMSizeGet
                0x000003b4       0x10 ./lib/libdriver.a(sysctl.o)
                0x000003b4                SysCtlSRAMSizeGet
 .text.SysCtlFlashSizeGet
                0x000003c4       0x40 ./lib/libdriver.a(sysctl.o)
                0x000003c4                SysCtlFlashSizeGet
 .text.SysCtlFlashSectorSizeGet
                0x00000404       0x3c ./lib/libdriver.a(sysctl.o)
                0x00000404                SysCtlFlashSectorSizeGet
 .text.SysCtlPeripheralPresent
                0x00000440       0x34 ./lib/libdriver.a(sysctl.o)
                0x00000440                SysCtlPeripheralPresent
 .text.SysCtlPeripheralReady
                0x00000474       0x34 ./lib/libdriver.a(sysctl.o)
                0x00000474                SysCtlPeripheralReady
 .text.SysCtlPeripheralPowerOn
                0x000004a8       0x30 ./lib/libdriver.a(sysctl.o)
                0x000004a8                SysCtlPeripheralPowerOn
 .text.SysCtlPeripheralPowerOff
                0x000004d8       0x30 ./lib/libdriver.a(sysctl.o)
                0x000004d8                SysCtlPeripheralPowerOff
 .text.SysCtlPeripheralReset
                0x00000508       0x48 ./lib/libdriver.a(sysctl.o)
                0x00000508                SysCtlPeripheralReset
 .text.SysCtlPeripheralEnable
                0x00000550       0x30 ./lib/libdriver.a(sysctl.o)
                0x00000550                SysCtlPeripheralEnable
 .text.SysCtlPeripheralDisable
                0x00000580       0x30 ./lib/libdriver.a(sysctl.o)
                0x00000580                SysCtlPeripheralDisable
 .text.SysCtlPeripheralSleepEnable
                0x000005b0       0x30 ./lib/libdriver.a(sysctl.o)
                0x000005b0                SysCtlPeripheralSleepEnable
 .text.SysCtlPeripheralSleepDisable
                0x000005e0       0x30 ./lib/libdriver.a(sysctl.o)
                0x000005e0                SysCtlPeripheralSleepDisable
 .text.SysCtlPeripheralDeepSleepEnable
                0x00000610       0x30 ./lib/libdriver.a(sysctl.o)
                0x00000610                SysCtlPeripheralDeepSleepEnable
 .text.SysCtlPeripheralDeepSleepDisable
                0x00000640       0x30 ./lib/libdriver.a(sysctl.o)
                0x00000640                SysCtlPeripheralDeepSleepDisable
 .text.SysCtlPeripheralClockGating
                0x00000670       0x50 ./lib/libdriver.a(sysctl.o)
                0x00000670                SysCtlPeripheralClockGating
 .text.SysCtlIntRegister
                0x000006c0       0x14 ./lib/libdriver.a(sysctl.o)
                0x000006c0                SysCtlIntRegister
 .text.SysCtlIntUnregister
                0x000006d4       0x12 ./lib/libdriver.a(sysctl.o)
                0x000006d4                SysCtlIntUnregister
 *fill*         0x000006e6        0x2 
 .text.SysCtlIntEnable
                0x000006e8       0x10 ./lib/libdriver.a(sysctl.o)
                0x000006e8                SysCtlIntEnable
 .text.SysCtlIntDisable
                0x000006f8       0x10 ./lib/libdriver.a(sysctl.o)
                0x000006f8                SysCtlIntDisable
 .text.SysCtlIntClear
                0x00000708        0xc ./lib/libdriver.a(sysctl.o)
                0x00000708                SysCtlIntClear
 .text.SysCtlIntStatus
                0x00000714       0x18 ./lib/libdriver.a(sysctl.o)
                0x00000714                SysCtlIntStatus
 .text.SysCtlLDOSleepSet
                0x0000072c        0xc ./lib/libdriver.a(sysctl.o)
                0x0000072c                SysCtlLDOSleepSet
 .text.SysCtlLDOSleepGet
                0x00000738        0xc ./lib/libdriver.a(sysctl.o)
                0x00000738                SysCtlLDOSleepGet
 .text.SysCtlLDODeepSleepSet
                0x00000744        0xc ./lib/libdriver.a(sysctl.o)
                0x00000744                SysCtlLDODeepSleepSet
 .text.SysCtlLDODeepSleepGet
                0x00000750        0xc ./lib/libdriver.a(sysctl.o)
                0x00000750                SysCtlLDODeepSleepGet
 .text.SysCtlSleepPowerSet
                0x0000075c        0xc ./lib/libdriver.a(sysctl.o)
                0x0000075c                SysCtlSleepPowerSet
 .text.SysCtlDeepSleepPowerSet
                0x00000768        0xc ./lib/libdriver.a(sysctl.o)
                0x00000768                SysCtlDeepSleepPowerSet
 .text.SysCtlReset
                0x00000774       0x10 ./lib/libdriver.a(sysctl.o)
                0x00000774                SysCtlReset
 .text.SysCtlSleep
                0x00000784        0x4 ./lib/libdriver.a(sysctl.o)
                0x00000784                SysCtlSleep
 .text.SysCtlDeepSleep
                0x00000788       0x20 ./lib/libdriver.a(sysctl.o)
                0x00000788                SysCtlDeepSleep
 .text.SysCtlResetCauseGet
                0x000007a8        0xc ./lib/libdriver.a(sysctl.o)
                0x000007a8                SysCtlResetCauseGet
 .text.SysCtlResetCauseClear
                0x000007b4       0x10 ./lib/libdriver.a(sysctl.o)
                0x000007b4                SysCtlResetCauseClear
 .text.SysCtlDelay
                0x000007c4        0x6 ./lib/libdriver.a(sysctl.o)
                0x000007c4                SysCtlDelay
 *fill*         0x000007ca        0x2 
 .text.SysCtlMOSCConfigSet
                0x000007cc        0xc ./lib/libdriver.a(sysctl.o)
                0x000007cc                SysCtlMOSCConfigSet
 .text.SysCtlPIOSCCalibrate
                0x000007d8       0x54 ./lib/libdriver.a(sysctl.o)
                0x000007d8                SysCtlPIOSCCalibrate
 .text.SysCtlResetBehaviorSet
                0x0000082c        0xc ./lib/libdriver.a(sysctl.o)
                0x0000082c                SysCtlResetBehaviorSet
 .text.SysCtlResetBehaviorGet
                0x00000838        0xc ./lib/libdriver.a(sysctl.o)
                0x00000838                SysCtlResetBehaviorGet
 .text.SysCtlClockFreqSet
                0x00000844      0x264 ./lib/libdriver.a(sysctl.o)
                0x00000844                SysCtlClockFreqSet
 .text.SysCtlClockSet
                0x00000aa8      0x128 ./lib/libdriver.a(sysctl.o)
                0x00000aa8                SysCtlClockSet
 .text.SysCtlClockGet
                0x00000bd0      0x15c ./lib/libdriver.a(sysctl.o)
                0x00000bd0                SysCtlClockGet
 .text.SysCtlDeepSleepClockSet
                0x00000d2c        0xc ./lib/libdriver.a(sysctl.o)
                0x00000d2c                SysCtlDeepSleepClockSet
 .text.SysCtlDeepSleepClockConfigSet
                0x00000d38       0x68 ./lib/libdriver.a(sysctl.o)
                0x00000d38                SysCtlDeepSleepClockConfigSet
 .text.SysCtlPWMClockSet
                0x00000da0       0x14 ./lib/libdriver.a(sysctl.o)
                0x00000da0                SysCtlPWMClockSet
 .text.SysCtlPWMClockGet
                0x00000db4       0x18 ./lib/libdriver.a(sysctl.o)
                0x00000db4                SysCtlPWMClockGet
 .text.SysCtlGPIOAHBEnable
                0x00000dcc       0x1c ./lib/libdriver.a(sysctl.o)
                0x00000dcc                SysCtlGPIOAHBEnable
 .text.SysCtlGPIOAHBDisable
                0x00000de8       0x1c ./lib/libdriver.a(sysctl.o)
                0x00000de8                SysCtlGPIOAHBDisable
 .text.SysCtlUSBPLLEnable
                0x00000e04       0x10 ./lib/libdriver.a(sysctl.o)
                0x00000e04                SysCtlUSBPLLEnable
 .text.SysCtlUSBPLLDisable
                0x00000e14       0x10 ./lib/libdriver.a(sysctl.o)
                0x00000e14                SysCtlUSBPLLDisable
 .text.SysCtlVoltageEventConfig
                0x00000e24        0xc ./lib/libdriver.a(sysctl.o)
                0x00000e24                SysCtlVoltageEventConfig
 .text.SysCtlVoltageEventStatus
                0x00000e30        0xc ./lib/libdriver.a(sysctl.o)
                0x00000e30                SysCtlVoltageEventStatus
 .text.SysCtlVoltageEventClear
                0x00000e3c       0x10 ./lib/libdriver.a(sysctl.o)
                0x00000e3c                SysCtlVoltageEventClear
 .text.SysCtlNMIStatus
                0x00000e4c        0xc ./lib/libdriver.a(sysctl.o)
                0x00000e4c                SysCtlNMIStatus
 .text.SysCtlNMIClear
                0x00000e58       0x10 ./lib/libdriver.a(sysctl.o)
                0x00000e58                SysCtlNMIClear
 .text.SysCtlClockOutConfig
                0x00000e68       0x14 ./lib/libdriver.a(sysctl.o)
                0x00000e68                SysCtlClockOutConfig
 .text.SysCtlAltClkConfig
                0x00000e7c        0xc ./lib/libdriver.a(sysctl.o)
                0x00000e7c                SysCtlAltClkConfig
 .text          0x00000e88        0x0 ./lib/libdriver.a(cpu.o)
 .text.CPUcpsid
                0x00000e88        0x8 ./lib/libdriver.a(cpu.o)
                0x00000e88                CPUcpsid
 .text.CPUprimask
                0x00000e90        0x6 ./lib/libdriver.a(cpu.o)
                0x00000e90                CPUprimask
 .text.CPUcpsie
                0x00000e96        0x8 ./lib/libdriver.a(cpu.o)
                0x00000e96                CPUcpsie
 .text.CPUwfi   0x00000e9e        0x4 ./lib/libdriver.a(cpu.o)
                0x00000e9e                CPUwfi
 .text.CPUbasepriSet
                0x00000ea2        0x6 ./lib/libdriver.a(cpu.o)
                0x00000ea2                CPUbasepriSet
 .text.CPUbasepriGet
                0x00000ea8        0x6 ./lib/libdriver.a(cpu.o)
                0x00000ea8                CPUbasepriGet
 .text          0x00000eae        0x0 ./lib/libdriver.a(interrupt.o)
 .text._IntDefaultHandler
                0x00000eae        0x2 ./lib/libdriver.a(interrupt.o)
 .text.IntMasterEnable
                0x00000eb0        0xe ./lib/libdriver.a(interrupt.o)
                0x00000eb0                IntMasterEnable
 .text.IntMasterDisable
                0x00000ebe        0xe ./lib/libdriver.a(interrupt.o)
                0x00000ebe                IntMasterDisable
 .text.IntRegister
                0x00000ecc       0x30 ./lib/libdriver.a(interrupt.o)
                0x00000ecc                IntRegister
 .text.IntUnregister
                0x00000efc       0x14 ./lib/libdriver.a(interrupt.o)
                0x00000efc                IntUnregister
 .text.IntPriorityGroupingSet
                0x00000f10       0x1c ./lib/libdriver.a(interrupt.o)
                0x00000f10                IntPriorityGroupingSet
 .text.IntPriorityGroupingGet
                0x00000f2c       0x24 ./lib/libdriver.a(interrupt.o)
                0x00000f2c                IntPriorityGroupingGet
 .text.IntPrioritySet
                0x00000f50       0x28 ./lib/libdriver.a(interrupt.o)
                0x00000f50                IntPrioritySet
 .text.IntPriorityGet
                0x00000f78       0x1c ./lib/libdriver.a(interrupt.o)
                0x00000f78                IntPriorityGet
 .text.IntEnable
                0x00000f94       0x60 ./lib/libdriver.a(interrupt.o)
                0x00000f94                IntEnable
 .text.IntDisable
                0x00000ff4       0x60 ./lib/libdriver.a(interrupt.o)
                0x00000ff4                IntDisable
 .text.IntIsEnabled
                0x00001054       0x64 ./lib/libdriver.a(interrupt.o)
                0x00001054                IntIsEnabled
 .text.IntPendSet
                0x000010b8       0x50 ./lib/libdriver.a(interrupt.o)
                0x000010b8                IntPendSet
 .text.IntPendClear
                0x00001108       0x40 ./lib/libdriver.a(interrupt.o)
                0x00001108                IntPendClear
 .text.IntPriorityMaskSet
                0x00001148        0x4 ./lib/libdriver.a(interrupt.o)
                0x00001148                IntPriorityMaskSet
 .text.IntPriorityMaskGet
                0x0000114c        0x4 ./lib/libdriver.a(interrupt.o)
                0x0000114c                IntPriorityMaskGet
 .text.IntTrigger
                0x00001150        0xc ./lib/libdriver.a(interrupt.o)
                0x00001150                IntTrigger
 .text          0x0000115c      0x4c8 ./objects/uartstdio.o
                0x0000115c                UARTStdioConfig
                0x000011d0                UARTwrite
                0x00001248                UARTgets
                0x00001304                UARTgetc
                0x00001320                UARTvprintf
                0x00001608                UARTprintf
 .text          0x00001624      0x2c8 ./objects/pinout.o
                0x00001624                PinoutSet
                0x00001818                LEDWrite
                0x00001890                LEDRead
 .text          0x000018ec      0xda4 ./objects/gpio.o
                0x00001a00                GPIODirModeSet
                0x00001a58                GPIODirModeGet
                0x00001aa8                GPIOIntTypeSet
                0x00001b38                GPIOIntTypeGet
                0x00001bac                GPIOPadConfigSet
                0x00001d40                GPIOPadConfigGet
                0x00001e4c                GPIOIntEnable
                0x00001e74                GPIOIntDisable
                0x00001ea0                GPIOIntStatus
                0x00001ecc                GPIOIntClear
                0x00001ef0                GPIOIntRegister
                0x00001f34                GPIOIntUnregister
                0x00001f74                GPIOPinRead
                0x00001f98                GPIOPinWrite
                0x00001fbc                GPIOPinTypeADC
                0x00001ff0                GPIOPinTypeCAN
                0x00002024                GPIOPinTypeComparator
                0x00002058                GPIOPinTypeEPI
                0x0000208c                GPIOPinTypeEthernetLED
                0x000020c0                GPIOPinTypeEthernetMII
                0x000020f4                GPIOPinTypeGPIOInput
                0x00002128                GPIOPinTypeGPIOOutput
                0x0000215c                GPIOPinTypeGPIOOutputOD
                0x00002190                GPIOPinTypeI2C
                0x000021c4                GPIOPinTypeI2CSCL
                0x000021f8                GPIOPinTypeLCD
                0x0000222c                GPIOPinTypeLPC
                0x00002260                GPIOPinTypePECIRx
                0x00002294                GPIOPinTypePECITx
                0x000022c8                GPIOPinTypePWM
                0x000022fc                GPIOPinTypeQEI
                0x00002330                GPIOPinTypeSSI
                0x00002364                GPIOPinTypeTimer
                0x00002398                GPIOPinTypeUART
                0x000023cc                GPIOPinTypeUSBAnalog
                0x00002400                GPIOPinTypeUSBDigital
                0x00002434                GPIOPinTypeWakeHigh
                0x0000246c                GPIOPinTypeWakeLow
                0x000024a4                GPIOPinTypeKBRow
                0x000024d8                GPIOPinTypeKBColumn
                0x0000250c                GPIOPinTypeLEDSeq
                0x00002540                GPIOPinTypeCIR
                0x00002574                GPIOPinWakeStatus
                0x0000257a                GPIOPinConfigure
                0x000025e8                GPIODMATriggerEnable
                0x00002610                GPIODMATriggerDisable
                0x0000263c                GPIOADCTriggerEnable
                0x00002664                GPIOADCTriggerDisable
 .text          0x00002690        0x0 ./objects/cpu.o
 .text          0x00002690      0x11c ./objects/ucontext_asm.o
                0x00002690                get_context_asm
                0x000026d8                set_context_asm
                0x00002722                swap_context_asm
 .text          0x000027ac      0x1fc ./objects/ucontext.o
                0x000027ac                getcontext
                0x00002878                setcontext
                0x0000298c                makecontext
                0x00002990                swapcontext
 .text          0x000029a8        0x0 ./objects/contexts.o
 .text          0x000029a8       0xf4 ./objects/ppos.o
                0x000029a8                ppos_init
                0x00002a00                task_create
                0x00002a54                task_switch
                0x00002a78                startSwitcher
                0x00002a8c                task_exit
 .text          0x00002a9c       0xe8 ./objects/pingpong-tasks1.o
                0x00002a9c                BodyPing
                0x00002ae4                BodyPong
                0x00002b2c                TestePingPong
 .text          0x00002b84       0xec ./objects/queue.o
                0x00002b84                queue_append
                0x00002bc0                queue_remove
                0x00002c24                queue_size
                0x00002c42                queue_print
 .text          0x00002c70        0x0 c:/program files (x86)/gnu tools arm embedded/7 2018-q2-update/bin/../lib/gcc/arm-none-eabi/7.3.1/../../../../arm-none-eabi/lib/thumb/v7e-m\libg_nano.a(lib_a-malloc.o)
 .text.malloc   0x00002c70       0x10 c:/program files (x86)/gnu tools arm embedded/7 2018-q2-update/bin/../lib/gcc/arm-none-eabi/7.3.1/../../../../arm-none-eabi/lib/thumb/v7e-m\libg_nano.a(lib_a-malloc.o)
                0x00002c70                malloc
 .text.free     0x00002c80       0x10 c:/program files (x86)/gnu tools arm embedded/7 2018-q2-update/bin/../lib/gcc/arm-none-eabi/7.3.1/../../../../arm-none-eabi/lib/thumb/v7e-m\libg_nano.a(lib_a-malloc.o)
                0x00002c80                free
 .text          0x00002c90        0x0 c:/program files (x86)/gnu tools arm embedded/7 2018-q2-update/bin/../lib/gcc/arm-none-eabi/7.3.1/../../../../arm-none-eabi/lib/thumb/v7e-m\libg_nano.a(lib_a-nano-freer.o)
 .text._free_r  0x00002c90       0x9c c:/program files (x86)/gnu tools arm embedded/7 2018-q2-update/bin/../lib/gcc/arm-none-eabi/7.3.1/../../../../arm-none-eabi/lib/thumb/v7e-m\libg_nano.a(lib_a-nano-freer.o)
                0x00002c90                _free_r
 .text          0x00002d2c        0x0 c:/program files (x86)/gnu tools arm embedded/7 2018-q2-update/bin/../lib/gcc/arm-none-eabi/7.3.1/../../../../arm-none-eabi/lib/thumb/v7e-m\libg_nano.a(lib_a-nano-mallocr.o)
 .text._malloc_r
                0x00002d2c       0xb4 c:/program files (x86)/gnu tools arm embedded/7 2018-q2-update/bin/../lib/gcc/arm-none-eabi/7.3.1/../../../../arm-none-eabi/lib/thumb/v7e-m\libg_nano.a(lib_a-nano-mallocr.o)
                0x00002d2c                _malloc_r
 .text          0x00002de0        0x0 c:/program files (x86)/gnu tools arm embedded/7 2018-q2-update/bin/../lib/gcc/arm-none-eabi/7.3.1/../../../../arm-none-eabi/lib/thumb/v7e-m\libg_nano.a(lib_a-perror.o)
 .text._perror_r
                0x00002de0       0x4c c:/program files (x86)/gnu tools arm embedded/7 2018-q2-update/bin/../lib/gcc/arm-none-eabi/7.3.1/../../../../arm-none-eabi/lib/thumb/v7e-m\libg_nano.a(lib_a-perror.o)
                0x00002de0                _perror_r
 .text.perror   0x00002e2c       0x10 c:/program files (x86)/gnu tools arm embedded/7 2018-q2-update/bin/../lib/gcc/arm-none-eabi/7.3.1/../../../../arm-none-eabi/lib/thumb/v7e-m\libg_nano.a(lib_a-perror.o)
                0x00002e2c                perror
 .text          0x00002e3c        0x0 c:/program files (x86)/gnu tools arm embedded/7 2018-q2-update/bin/../lib/gcc/arm-none-eabi/7.3.1/../../../../arm-none-eabi/lib/thumb/v7e-m\libg_nano.a(lib_a-sbrkr.o)
 .text._sbrk_r  0x00002e3c       0x20 c:/program files (x86)/gnu tools arm embedded/7 2018-q2-update/bin/../lib/gcc/arm-none-eabi/7.3.1/../../../../arm-none-eabi/lib/thumb/v7e-m\libg_nano.a(lib_a-sbrkr.o)
                0x00002e3c                _sbrk_r
 .text          0x00002e5c        0x0 c:/program files (x86)/gnu tools arm embedded/7 2018-q2-update/bin/../lib/gcc/arm-none-eabi/7.3.1/../../../../arm-none-eabi/lib/thumb/v7e-m\libg_nano.a(lib_a-strerror.o)
 .text._strerror_r
                0x00002e5c      0x3cc c:/program files (x86)/gnu tools arm embedded/7 2018-q2-update/bin/../lib/gcc/arm-none-eabi/7.3.1/../../../../arm-none-eabi/lib/thumb/v7e-m\libg_nano.a(lib_a-strerror.o)
                0x00002e5c                _strerror_r
 .text.strerror
                0x00003228       0x14 c:/program files (x86)/gnu tools arm embedded/7 2018-q2-update/bin/../lib/gcc/arm-none-eabi/7.3.1/../../../../arm-none-eabi/lib/thumb/v7e-m\libg_nano.a(lib_a-strerror.o)
                0x00003228                strerror
 .text.strerror_l
                0x0000323c       0x14 c:/program files (x86)/gnu tools arm embedded/7 2018-q2-update/bin/../lib/gcc/arm-none-eabi/7.3.1/../../../../arm-none-eabi/lib/thumb/v7e-m\libg_nano.a(lib_a-strerror.o)
                0x0000323c                strerror_l
 .text          0x00003250        0x0 c:/program files (x86)/gnu tools arm embedded/7 2018-q2-update/bin/../lib/gcc/arm-none-eabi/7.3.1/../../../../arm-none-eabi/lib/thumb/v7e-m\libg_nano.a(lib_a-u_strerr.o)
 .text._user_strerror
                0x00003250        0x4 c:/program files (x86)/gnu tools arm embedded/7 2018-q2-update/bin/../lib/gcc/arm-none-eabi/7.3.1/../../../../arm-none-eabi/lib/thumb/v7e-m\libg_nano.a(lib_a-u_strerr.o)
                0x00003250                _user_strerror
 .text          0x00003254        0x0 c:/program files (x86)/gnu tools arm embedded/7 2018-q2-update/bin/../lib/gcc/arm-none-eabi/7.3.1/../../../../arm-none-eabi/lib/thumb/v7e-m\libg_nano.a(lib_a-findfp.o)
 .text.__fp_lock
                0x00003254        0x4 c:/program files (x86)/gnu tools arm embedded/7 2018-q2-update/bin/../lib/gcc/arm-none-eabi/7.3.1/../../../../arm-none-eabi/lib/thumb/v7e-m\libg_nano.a(lib_a-findfp.o)
 .text.std      0x00003258       0x48 c:/program files (x86)/gnu tools arm embedded/7 2018-q2-update/bin/../lib/gcc/arm-none-eabi/7.3.1/../../../../arm-none-eabi/lib/thumb/v7e-m\libg_nano.a(lib_a-findfp.o)
 .text._cleanup_r
                0x000032a0        0xc c:/program files (x86)/gnu tools arm embedded/7 2018-q2-update/bin/../lib/gcc/arm-none-eabi/7.3.1/../../../../arm-none-eabi/lib/thumb/v7e-m\libg_nano.a(lib_a-findfp.o)
                0x000032a0                _cleanup_r
 .text.__fp_unlock
                0x000032ac        0x4 c:/program files (x86)/gnu tools arm embedded/7 2018-q2-update/bin/../lib/gcc/arm-none-eabi/7.3.1/../../../../arm-none-eabi/lib/thumb/v7e-m\libg_nano.a(lib_a-findfp.o)
 .text.__sfmoreglue
                0x000032b0       0x2c c:/program files (x86)/gnu tools arm embedded/7 2018-q2-update/bin/../lib/gcc/arm-none-eabi/7.3.1/../../../../arm-none-eabi/lib/thumb/v7e-m\libg_nano.a(lib_a-findfp.o)
                0x000032b0                __sfmoreglue
 .text._cleanup
                0x000032dc        0xc c:/program files (x86)/gnu tools arm embedded/7 2018-q2-update/bin/../lib/gcc/arm-none-eabi/7.3.1/../../../../arm-none-eabi/lib/thumb/v7e-m\libg_nano.a(lib_a-findfp.o)
                0x000032dc                _cleanup
 .text.__sinit  0x000032e8       0x60 c:/program files (x86)/gnu tools arm embedded/7 2018-q2-update/bin/../lib/gcc/arm-none-eabi/7.3.1/../../../../arm-none-eabi/lib/thumb/v7e-m\libg_nano.a(lib_a-findfp.o)
                0x000032e8                __sinit
 .text.__sfp    0x00003348       0x78 c:/program files (x86)/gnu tools arm embedded/7 2018-q2-update/bin/../lib/gcc/arm-none-eabi/7.3.1/../../../../arm-none-eabi/lib/thumb/v7e-m\libg_nano.a(lib_a-findfp.o)
                0x00003348                __sfp
 .text.__sfp_lock_acquire
                0x000033c0        0x2 c:/program files (x86)/gnu tools arm embedded/7 2018-q2-update/bin/../lib/gcc/arm-none-eabi/7.3.1/../../../../arm-none-eabi/lib/thumb/v7e-m\libg_nano.a(lib_a-findfp.o)
                0x000033c0                __sfp_lock_acquire
 .text.__sfp_lock_release
                0x000033c2        0x2 c:/program files (x86)/gnu tools arm embedded/7 2018-q2-update/bin/../lib/gcc/arm-none-eabi/7.3.1/../../../../arm-none-eabi/lib/thumb/v7e-m\libg_nano.a(lib_a-findfp.o)
                0x000033c2                __sfp_lock_release
 .text.__sinit_lock_acquire
                0x000033c4        0x2 c:/program files (x86)/gnu tools arm embedded/7 2018-q2-update/bin/../lib/gcc/arm-none-eabi/7.3.1/../../../../arm-none-eabi/lib/thumb/v7e-m\libg_nano.a(lib_a-findfp.o)
                0x000033c4                __sinit_lock_acquire
 .text.__sinit_lock_release
                0x000033c6        0x2 c:/program files (x86)/gnu tools arm embedded/7 2018-q2-update/bin/../lib/gcc/arm-none-eabi/7.3.1/../../../../arm-none-eabi/lib/thumb/v7e-m\libg_nano.a(lib_a-findfp.o)
                0x000033c6                __sinit_lock_release
 .text.__fp_lock_all
                0x000033c8       0x14 c:/program files (x86)/gnu tools arm embedded/7 2018-q2-update/bin/../lib/gcc/arm-none-eabi/7.3.1/../../../../arm-none-eabi/lib/thumb/v7e-m\libg_nano.a(lib_a-findfp.o)
                0x000033c8                __fp_lock_all
 .text.__fp_unlock_all
                0x000033dc       0x14 c:/program files (x86)/gnu tools arm embedded/7 2018-q2-update/bin/../lib/gcc/arm-none-eabi/7.3.1/../../../../arm-none-eabi/lib/thumb/v7e-m\libg_nano.a(lib_a-findfp.o)
                0x000033dc                __fp_unlock_all
 .text          0x000033f0        0x0 c:/program files (x86)/gnu tools arm embedded/7 2018-q2-update/bin/../lib/gcc/arm-none-eabi/7.3.1/../../../../arm-none-eabi/lib/thumb/v7e-m\libg_nano.a(lib_a-fputc.o)
 .text._fputc_r
                0x000033f0       0x48 c:/program files (x86)/gnu tools arm embedded/7 2018-q2-update/bin/../lib/gcc/arm-none-eabi/7.3.1/../../../../arm-none-eabi/lib/thumb/v7e-m\libg_nano.a(lib_a-fputc.o)
                0x000033f0                _fputc_r
 .text.fputc    0x00003438       0x10 c:/program files (x86)/gnu tools arm embedded/7 2018-q2-update/bin/../lib/gcc/arm-none-eabi/7.3.1/../../../../arm-none-eabi/lib/thumb/v7e-m\libg_nano.a(lib_a-fputc.o)
                0x00003438                fputc
 .text          0x00003448        0x0 c:/program files (x86)/gnu tools arm embedded/7 2018-q2-update/bin/../lib/gcc/arm-none-eabi/7.3.1/../../../../arm-none-eabi/lib/thumb/v7e-m\libg_nano.a(lib_a-fputs.o)
 .text._fputs_r
                0x00003448       0x90 c:/program files (x86)/gnu tools arm embedded/7 2018-q2-update/bin/../lib/gcc/arm-none-eabi/7.3.1/../../../../arm-none-eabi/lib/thumb/v7e-m\libg_nano.a(lib_a-fputs.o)
                0x00003448                _fputs_r
 .text.fputs    0x000034d8       0x10 c:/program files (x86)/gnu tools arm embedded/7 2018-q2-update/bin/../lib/gcc/arm-none-eabi/7.3.1/../../../../arm-none-eabi/lib/thumb/v7e-m\libg_nano.a(lib_a-fputs.o)
                0x000034d8                fputs
 .text          0x000034e8        0x0 c:/program files (x86)/gnu tools arm embedded/7 2018-q2-update/bin/../lib/gcc/arm-none-eabi/7.3.1/../../../../arm-none-eabi/lib/thumb/v7e-m\libg_nano.a(lib_a-fwalk.o)
 .text._fwalk   0x000034e8       0x38 c:/program files (x86)/gnu tools arm embedded/7 2018-q2-update/bin/../lib/gcc/arm-none-eabi/7.3.1/../../../../arm-none-eabi/lib/thumb/v7e-m\libg_nano.a(lib_a-fwalk.o)
                0x000034e8                _fwalk
 .text._fwalk_reent
                0x00003520       0x3c c:/program files (x86)/gnu tools arm embedded/7 2018-q2-update/bin/../lib/gcc/arm-none-eabi/7.3.1/../../../../arm-none-eabi/lib/thumb/v7e-m\libg_nano.a(lib_a-fwalk.o)
                0x00003520                _fwalk_reent
 .text          0x0000355c        0x0 c:/program files (x86)/gnu tools arm embedded/7 2018-q2-update/bin/../lib/gcc/arm-none-eabi/7.3.1/../../../../arm-none-eabi/lib/thumb/v7e-m\libg_nano.a(lib_a-impure.o)
 .text          0x0000355c        0x0 c:/program files (x86)/gnu tools arm embedded/7 2018-q2-update/bin/../lib/gcc/arm-none-eabi/7.3.1/../../../../arm-none-eabi/lib/thumb/v7e-m\libg_nano.a(lib_a-memset.o)
 .text.memset   0x0000355c       0x10 c:/program files (x86)/gnu tools arm embedded/7 2018-q2-update/bin/../lib/gcc/arm-none-eabi/7.3.1/../../../../arm-none-eabi/lib/thumb/v7e-m\libg_nano.a(lib_a-memset.o)
                0x0000355c                memset
 .text          0x0000356c        0x0 c:/program files (x86)/gnu tools arm embedded/7 2018-q2-update/bin/../lib/gcc/arm-none-eabi/7.3.1/../../../../arm-none-eabi/lib/thumb/v7e-m\libg_nano.a(lib_a-mlock.o)
 .text.__malloc_lock
                0x0000356c        0x2 c:/program files (x86)/gnu tools arm embedded/7 2018-q2-update/bin/../lib/gcc/arm-none-eabi/7.3.1/../../../../arm-none-eabi/lib/thumb/v7e-m\libg_nano.a(lib_a-mlock.o)
                0x0000356c                __malloc_lock
 .text.__malloc_unlock
                0x0000356e        0x2 c:/program files (x86)/gnu tools arm embedded/7 2018-q2-update/bin/../lib/gcc/arm-none-eabi/7.3.1/../../../../arm-none-eabi/lib/thumb/v7e-m\libg_nano.a(lib_a-mlock.o)
                0x0000356e                __malloc_unlock
 .text          0x00003570        0x0 c:/program files (x86)/gnu tools arm embedded/7 2018-q2-update/bin/../lib/gcc/arm-none-eabi/7.3.1/../../../../arm-none-eabi/lib/thumb/v7e-m\libg_nano.a(lib_a-putc.o)
 .text._putc_r  0x00003570       0x6c c:/program files (x86)/gnu tools arm embedded/7 2018-q2-update/bin/../lib/gcc/arm-none-eabi/7.3.1/../../../../arm-none-eabi/lib/thumb/v7e-m\libg_nano.a(lib_a-putc.o)
                0x00003570                _putc_r
 .text.putc     0x000035dc       0x10 c:/program files (x86)/gnu tools arm embedded/7 2018-q2-update/bin/../lib/gcc/arm-none-eabi/7.3.1/../../../../arm-none-eabi/lib/thumb/v7e-m\libg_nano.a(lib_a-putc.o)
                0x000035dc                putc
 .text          0x000035ec        0x0 c:/program files (x86)/gnu tools arm embedded/7 2018-q2-update/bin/../lib/gcc/arm-none-eabi/7.3.1/../../../../arm-none-eabi/lib/thumb/v7e-m\libg_nano.a(lib_a-reent.o)
 .text.cleanup_glue
                0x000035ec       0x1a c:/program files (x86)/gnu tools arm embedded/7 2018-q2-update/bin/../lib/gcc/arm-none-eabi/7.3.1/../../../../arm-none-eabi/lib/thumb/v7e-m\libg_nano.a(lib_a-reent.o)
                0x000035ec                cleanup_glue
 *fill*         0x00003606        0x2 
 .text._reclaim_reent
                0x00003608       0xb8 c:/program files (x86)/gnu tools arm embedded/7 2018-q2-update/bin/../lib/gcc/arm-none-eabi/7.3.1/../../../../arm-none-eabi/lib/thumb/v7e-m\libg_nano.a(lib_a-reent.o)
                0x00003608                _reclaim_reent
 .text          0x000036c0        0x0 c:/program files (x86)/gnu tools arm embedded/7 2018-q2-update/bin/../lib/gcc/arm-none-eabi/7.3.1/../../../../arm-none-eabi/lib/thumb/v7e-m\libg_nano.a(lib_a-stdio.o)
 .text.__sread  0x000036c0       0x22 c:/program files (x86)/gnu tools arm embedded/7 2018-q2-update/bin/../lib/gcc/arm-none-eabi/7.3.1/../../../../arm-none-eabi/lib/thumb/v7e-m\libg_nano.a(lib_a-stdio.o)
                0x000036c0                __sread
 .text.__seofread
                0x000036e2        0x4 c:/program files (x86)/gnu tools arm embedded/7 2018-q2-update/bin/../lib/gcc/arm-none-eabi/7.3.1/../../../../arm-none-eabi/lib/thumb/v7e-m\libg_nano.a(lib_a-stdio.o)
                0x000036e2                __seofread
 .text.__swrite
                0x000036e6       0x38 c:/program files (x86)/gnu tools arm embedded/7 2018-q2-update/bin/../lib/gcc/arm-none-eabi/7.3.1/../../../../arm-none-eabi/lib/thumb/v7e-m\libg_nano.a(lib_a-stdio.o)
                0x000036e6                __swrite
 .text.__sseek  0x0000371e       0x24 c:/program files (x86)/gnu tools arm embedded/7 2018-q2-update/bin/../lib/gcc/arm-none-eabi/7.3.1/../../../../arm-none-eabi/lib/thumb/v7e-m\libg_nano.a(lib_a-stdio.o)
                0x0000371e                __sseek
 .text.__sclose
                0x00003742        0x8 c:/program files (x86)/gnu tools arm embedded/7 2018-q2-update/bin/../lib/gcc/arm-none-eabi/7.3.1/../../../../arm-none-eabi/lib/thumb/v7e-m\libg_nano.a(lib_a-stdio.o)
                0x00003742                __sclose
 .text          0x0000374a        0x0 c:/program files (x86)/gnu tools arm embedded/7 2018-q2-update/bin/../lib/gcc/arm-none-eabi/7.3.1/../../../../arm-none-eabi/lib/thumb/v7e-m\libg_nano.a(lib_a-wbuf.o)
 *fill*         0x0000374a        0x2 
 .text.__swbuf_r
                0x0000374c       0xa4 c:/program files (x86)/gnu tools arm embedded/7 2018-q2-update/bin/../lib/gcc/arm-none-eabi/7.3.1/../../../../arm-none-eabi/lib/thumb/v7e-m\libg_nano.a(lib_a-wbuf.o)
                0x0000374c                __swbuf_r
 .text.__swbuf  0x000037f0       0x10 c:/program files (x86)/gnu tools arm embedded/7 2018-q2-update/bin/../lib/gcc/arm-none-eabi/7.3.1/../../../../arm-none-eabi/lib/thumb/v7e-m\libg_nano.a(lib_a-wbuf.o)
                0x000037f0                __swbuf
 .text          0x00003800        0x0 c:/program files (x86)/gnu tools arm embedded/7 2018-q2-update/bin/../lib/gcc/arm-none-eabi/7.3.1/../../../../arm-none-eabi/lib/thumb/v7e-m\libg_nano.a(lib_a-writer.o)
 .text._write_r
                0x00003800       0x24 c:/program files (x86)/gnu tools arm embedded/7 2018-q2-update/bin/../lib/gcc/arm-none-eabi/7.3.1/../../../../arm-none-eabi/lib/thumb/v7e-m\libg_nano.a(lib_a-writer.o)
                0x00003800                _write_r
 .text          0x00003824        0x0 c:/program files (x86)/gnu tools arm embedded/7 2018-q2-update/bin/../lib/gcc/arm-none-eabi/7.3.1/../../../../arm-none-eabi/lib/thumb/v7e-m\libg_nano.a(lib_a-wsetup.o)
 .text.__swsetup_r
                0x00003824       0xdc c:/program files (x86)/gnu tools arm embedded/7 2018-q2-update/bin/../lib/gcc/arm-none-eabi/7.3.1/../../../../arm-none-eabi/lib/thumb/v7e-m\libg_nano.a(lib_a-wsetup.o)
                0x00003824                __swsetup_r
 .text          0x00003900        0x0 c:/program files (x86)/gnu tools arm embedded/7 2018-q2-update/bin/../lib/gcc/arm-none-eabi/7.3.1/../../../../arm-none-eabi/lib/thumb/v7e-m\libg_nano.a(lib_a-closer.o)
 .text._close_r
                0x00003900       0x20 c:/program files (x86)/gnu tools arm embedded/7 2018-q2-update/bin/../lib/gcc/arm-none-eabi/7.3.1/../../../../arm-none-eabi/lib/thumb/v7e-m\libg_nano.a(lib_a-closer.o)
                0x00003900                _close_r
 .text          0x00003920        0x0 c:/program files (x86)/gnu tools arm embedded/7 2018-q2-update/bin/../lib/gcc/arm-none-eabi/7.3.1/../../../../arm-none-eabi/lib/thumb/v7e-m\libg_nano.a(lib_a-fflush.o)
 .text.__sflush_r
                0x00003920      0x10c c:/program files (x86)/gnu tools arm embedded/7 2018-q2-update/bin/../lib/gcc/arm-none-eabi/7.3.1/../../../../arm-none-eabi/lib/thumb/v7e-m\libg_nano.a(lib_a-fflush.o)
                0x00003920                __sflush_r
 .text._fflush_r
                0x00003a2c       0x54 c:/program files (x86)/gnu tools arm embedded/7 2018-q2-update/bin/../lib/gcc/arm-none-eabi/7.3.1/../../../../arm-none-eabi/lib/thumb/v7e-m\libg_nano.a(lib_a-fflush.o)
                0x00003a2c                _fflush_r
 .text.fflush   0x00003a80       0x24 c:/program files (x86)/gnu tools arm embedded/7 2018-q2-update/bin/../lib/gcc/arm-none-eabi/7.3.1/../../../../arm-none-eabi/lib/thumb/v7e-m\libg_nano.a(lib_a-fflush.o)
                0x00003a80                fflush
 .text          0x00003aa4        0x0 c:/program files (x86)/gnu tools arm embedded/7 2018-q2-update/bin/../lib/gcc/arm-none-eabi/7.3.1/../../../../arm-none-eabi/lib/thumb/v7e-m\libg_nano.a(lib_a-lseekr.o)
 .text._lseek_r
                0x00003aa4       0x24 c:/program files (x86)/gnu tools arm embedded/7 2018-q2-update/bin/../lib/gcc/arm-none-eabi/7.3.1/../../../../arm-none-eabi/lib/thumb/v7e-m\libg_nano.a(lib_a-lseekr.o)
                0x00003aa4                _lseek_r
 .text          0x00003ac8        0x0 c:/program files (x86)/gnu tools arm embedded/7 2018-q2-update/bin/../lib/gcc/arm-none-eabi/7.3.1/../../../../arm-none-eabi/lib/thumb/v7e-m\libg_nano.a(lib_a-makebuf.o)
 .text.__swhatbuf_r
                0x00003ac8       0x48 c:/program files (x86)/gnu tools arm embedded/7 2018-q2-update/bin/../lib/gcc/arm-none-eabi/7.3.1/../../../../arm-none-eabi/lib/thumb/v7e-m\libg_nano.a(lib_a-makebuf.o)
                0x00003ac8                __swhatbuf_r
 .text.__smakebuf_r
                0x00003b10       0x80 c:/program files (x86)/gnu tools arm embedded/7 2018-q2-update/bin/../lib/gcc/arm-none-eabi/7.3.1/../../../../arm-none-eabi/lib/thumb/v7e-m\libg_nano.a(lib_a-makebuf.o)
                0x00003b10                __smakebuf_r
 .text          0x00003b90        0x0 c:/program files (x86)/gnu tools arm embedded/7 2018-q2-update/bin/../lib/gcc/arm-none-eabi/7.3.1/../../../../arm-none-eabi/lib/thumb/v7e-m\libg_nano.a(lib_a-readr.o)
 .text._read_r  0x00003b90       0x24 c:/program files (x86)/gnu tools arm embedded/7 2018-q2-update/bin/../lib/gcc/arm-none-eabi/7.3.1/../../../../arm-none-eabi/lib/thumb/v7e-m\libg_nano.a(lib_a-readr.o)
                0x00003b90                _read_r
 .text          0x00003bb4        0x0 c:/program files (x86)/gnu tools arm embedded/7 2018-q2-update/bin/../lib/gcc/arm-none-eabi/7.3.1/../../../../arm-none-eabi/lib/thumb/v7e-m\libg_nano.a(lib_a-fstatr.o)
 .text._fstat_r
                0x00003bb4       0x24 c:/program files (x86)/gnu tools arm embedded/7 2018-q2-update/bin/../lib/gcc/arm-none-eabi/7.3.1/../../../../arm-none-eabi/lib/thumb/v7e-m\libg_nano.a(lib_a-fstatr.o)
                0x00003bb4                _fstat_r
 .text          0x00003bd8        0x0 c:/program files (x86)/gnu tools arm embedded/7 2018-q2-update/bin/../lib/gcc/arm-none-eabi/7.3.1/../../../../arm-none-eabi/lib/thumb/v7e-m\libg_nano.a(lib_a-isattyr.o)
 .text._isatty_r
                0x00003bd8       0x20 c:/program files (x86)/gnu tools arm embedded/7 2018-q2-update/bin/../lib/gcc/arm-none-eabi/7.3.1/../../../../arm-none-eabi/lib/thumb/v7e-m\libg_nano.a(lib_a-isattyr.o)
                0x00003bd8                _isatty_r
 .text          0x00003bf8        0x0 c:/program files (x86)/gnu tools arm embedded/7 2018-q2-update/bin/../lib/gcc/arm-none-eabi/7.3.1/../../../../arm-none-eabi/lib/thumb/v7e-m\libnosys.a(close.o)
 .text._close   0x00003bf8       0x10 c:/program files (x86)/gnu tools arm embedded/7 2018-q2-update/bin/../lib/gcc/arm-none-eabi/7.3.1/../../../../arm-none-eabi/lib/thumb/v7e-m\libnosys.a(close.o)
                0x00003bf8                _close
 .text          0x00003c08        0x0 c:/program files (x86)/gnu tools arm embedded/7 2018-q2-update/bin/../lib/gcc/arm-none-eabi/7.3.1/../../../../arm-none-eabi/lib/thumb/v7e-m\libnosys.a(fstat.o)
 .text._fstat   0x00003c08       0x10 c:/program files (x86)/gnu tools arm embedded/7 2018-q2-update/bin/../lib/gcc/arm-none-eabi/7.3.1/../../../../arm-none-eabi/lib/thumb/v7e-m\libnosys.a(fstat.o)
                0x00003c08                _fstat
 .text          0x00003c18        0x0 c:/program files (x86)/gnu tools arm embedded/7 2018-q2-update/bin/../lib/gcc/arm-none-eabi/7.3.1/../../../../arm-none-eabi/lib/thumb/v7e-m\libnosys.a(isatty.o)
 .text._isatty  0x00003c18       0x10 c:/program files (x86)/gnu tools arm embedded/7 2018-q2-update/bin/../lib/gcc/arm-none-eabi/7.3.1/../../../../arm-none-eabi/lib/thumb/v7e-m\libnosys.a(isatty.o)
                0x00003c18                _isatty
 .text          0x00003c28        0x0 c:/program files (x86)/gnu tools arm embedded/7 2018-q2-update/bin/../lib/gcc/arm-none-eabi/7.3.1/../../../../arm-none-eabi/lib/thumb/v7e-m\libnosys.a(lseek.o)
 .text._lseek   0x00003c28       0x10 c:/program files (x86)/gnu tools arm embedded/7 2018-q2-update/bin/../lib/gcc/arm-none-eabi/7.3.1/../../../../arm-none-eabi/lib/thumb/v7e-m\libnosys.a(lseek.o)
                0x00003c28                _lseek
 .text          0x00003c38        0x0 c:/program files (x86)/gnu tools arm embedded/7 2018-q2-update/bin/../lib/gcc/arm-none-eabi/7.3.1/../../../../arm-none-eabi/lib/thumb/v7e-m\libnosys.a(read.o)
 .text._read    0x00003c38       0x10 c:/program files (x86)/gnu tools arm embedded/7 2018-q2-update/bin/../lib/gcc/arm-none-eabi/7.3.1/../../../../arm-none-eabi/lib/thumb/v7e-m\libnosys.a(read.o)
                0x00003c38                _read
 .text          0x00003c48        0x0 c:/program files (x86)/gnu tools arm embedded/7 2018-q2-update/bin/../lib/gcc/arm-none-eabi/7.3.1/../../../../arm-none-eabi/lib/thumb/v7e-m\libnosys.a(sbrk.o)
 .text._sbrk    0x00003c48       0x1c c:/program files (x86)/gnu tools arm embedded/7 2018-q2-update/bin/../lib/gcc/arm-none-eabi/7.3.1/../../../../arm-none-eabi/lib/thumb/v7e-m\libnosys.a(sbrk.o)
                0x00003c48                _sbrk
 .text          0x00003c64        0x0 c:/program files (x86)/gnu tools arm embedded/7 2018-q2-update/bin/../lib/gcc/arm-none-eabi/7.3.1/../../../../arm-none-eabi/lib/thumb/v7e-m\libnosys.a(write.o)
 .text._write   0x00003c64       0x10 c:/program files (x86)/gnu tools arm embedded/7 2018-q2-update/bin/../lib/gcc/arm-none-eabi/7.3.1/../../../../arm-none-eabi/lib/thumb/v7e-m\libnosys.a(write.o)
                0x00003c64                _write
 *(.rodata*)
 .rodata.str1.4
                0x00003c74       0x23 ./objects/hello.o
 *fill*         0x00003c97        0x1 
 .rodata.g_pppui32XTALtoVCO
                0x00003c98      0x120 ./lib/libdriver.a(sysctl.o)
 .rodata.g_pui32VCOFrequencies
                0x00003db8        0x8 ./lib/libdriver.a(sysctl.o)
 .rodata.g_sXTALtoMEMTIM
                0x00003dc0       0x30 ./lib/libdriver.a(sysctl.o)
 .rodata.g_pui32Xtals
                0x00003df0       0x6c ./lib/libdriver.a(sysctl.o)
 .rodata.g_pui32Priority
                0x00003e5c       0x20 ./lib/libdriver.a(interrupt.o)
 .rodata.g_pui32Dii16Regs
                0x00003e7c       0x14 ./lib/libdriver.a(interrupt.o)
 .rodata.g_pui32PendRegs
                0x00003e90       0x14 ./lib/libdriver.a(interrupt.o)
 .rodata.g_pui32Regs
                0x00003ea4       0x9c ./lib/libdriver.a(interrupt.o)
 .rodata.g_pui32EnRegs
                0x00003f40       0x14 ./lib/libdriver.a(interrupt.o)
 .rodata.g_pui32UnpendRegs
                0x00003f54       0x14 ./lib/libdriver.a(interrupt.o)
 .rodata        0x00003f68       0x18 ./objects/uartstdio.o
 .rodata.str1.4
                0x00003f80       0x32 ./objects/uartstdio.o
 *fill*         0x00003fb2        0x2 
 .rodata        0x00003fb4      0x210 ./objects/gpio.o
 .rodata.str1.4
                0x000041c4        0x7 ./objects/gpio.o
 *fill*         0x000041cb        0x1 
 .rodata.str1.4
                0x000041cc       0x1b ./objects/ppos.o
 *fill*         0x000041e7        0x1 
 .rodata.str1.4
                0x000041e8       0x68 ./objects/pingpong-tasks1.o
 .rodata.str1.4
                0x00004250        0x4 ./objects/queue.o
                                  0x2 (size before relaxing)
 .rodata._perror_r.str1.1
                0x00004254        0x3 c:/program files (x86)/gnu tools arm embedded/7 2018-q2-update/bin/../lib/gcc/arm-none-eabi/7.3.1/../../../../arm-none-eabi/lib/thumb/v7e-m\libg_nano.a(lib_a-perror.o)
 .rodata._strerror_r.str1.1
                0x00004257      0x696 c:/program files (x86)/gnu tools arm embedded/7 2018-q2-update/bin/../lib/gcc/arm-none-eabi/7.3.1/../../../../arm-none-eabi/lib/thumb/v7e-m\libg_nano.a(lib_a-strerror.o)
                                0x697 (size before relaxing)
 *fill*         0x000048ed        0x3 
 .rodata.__sf_fake_stderr
                0x000048f0       0x20 c:/program files (x86)/gnu tools arm embedded/7 2018-q2-update/bin/../lib/gcc/arm-none-eabi/7.3.1/../../../../arm-none-eabi/lib/thumb/v7e-m\libg_nano.a(lib_a-findfp.o)
                0x000048f0                __sf_fake_stderr
 .rodata.__sf_fake_stdin
                0x00004910       0x20 c:/program files (x86)/gnu tools arm embedded/7 2018-q2-update/bin/../lib/gcc/arm-none-eabi/7.3.1/../../../../arm-none-eabi/lib/thumb/v7e-m\libg_nano.a(lib_a-findfp.o)
                0x00004910                __sf_fake_stdin
 .rodata.__sf_fake_stdout
                0x00004930       0x20 c:/program files (x86)/gnu tools arm embedded/7 2018-q2-update/bin/../lib/gcc/arm-none-eabi/7.3.1/../../../../arm-none-eabi/lib/thumb/v7e-m\libg_nano.a(lib_a-findfp.o)
                0x00004930                __sf_fake_stdout
 .rodata._global_impure_ptr
                0x00004950        0x4 c:/program files (x86)/gnu tools arm embedded/7 2018-q2-update/bin/../lib/gcc/arm-none-eabi/7.3.1/../../../../arm-none-eabi/lib/thumb/v7e-m\libg_nano.a(lib_a-impure.o)
                0x00004950                _global_impure_ptr
                0x00004954                _etext = .

.glue_7         0x00004954        0x0
 .glue_7        0x00004954        0x0 linker stubs

.glue_7t        0x00004954        0x0
 .glue_7t       0x00004954        0x0 linker stubs

.vfp11_veneer   0x00004954        0x0
 .vfp11_veneer  0x00004954        0x0 linker stubs

.v4_bx          0x00004954        0x0
 .v4_bx         0x00004954        0x0 linker stubs

.iplt           0x00004954        0x0
 .iplt          0x00004954        0x0 ./objects/startup_gcc.o

.rel.dyn        0x00004954        0x0
 .rel.iplt      0x00004954        0x0 ./objects/startup_gcc.o

.data           0x20000000      0x464 load address 0x00004954
                0x20000000                _data = .
 *(vtable)
 vtable         0x20000000      0x400 ./lib/libdriver.a(interrupt.o)
 *(.data*)
 .data          0x20000400        0x0 ./objects/startup_gcc.o
 .data          0x20000400        0x0 ./objects/hello.o
 .data          0x20000400        0x0 ./lib/libdriver.a(sysctl.o)
 .data          0x20000400        0x0 ./lib/libdriver.a(cpu.o)
 .data          0x20000400        0x0 ./lib/libdriver.a(interrupt.o)
 .data          0x20000400        0x0 ./objects/uartstdio.o
 .data          0x20000400        0x0 ./objects/pinout.o
 .data          0x20000400        0x0 ./objects/gpio.o
 .data          0x20000400        0x0 ./objects/cpu.o
 .data          0x20000400        0x0 ./objects/ucontext_asm.o
 .data          0x20000400        0x0 ./objects/ucontext.o
 .data          0x20000400        0x0 ./objects/contexts.o
 .data          0x20000400        0x0 ./objects/ppos.o
 .data          0x20000400        0x0 ./objects/pingpong-tasks1.o
 .data          0x20000400        0x0 ./objects/queue.o
 .data          0x20000400        0x0 c:/program files (x86)/gnu tools arm embedded/7 2018-q2-update/bin/../lib/gcc/arm-none-eabi/7.3.1/../../../../arm-none-eabi/lib/thumb/v7e-m\libg_nano.a(lib_a-malloc.o)
 .data          0x20000400        0x0 c:/program files (x86)/gnu tools arm embedded/7 2018-q2-update/bin/../lib/gcc/arm-none-eabi/7.3.1/../../../../arm-none-eabi/lib/thumb/v7e-m\libg_nano.a(lib_a-nano-freer.o)
 .data          0x20000400        0x0 c:/program files (x86)/gnu tools arm embedded/7 2018-q2-update/bin/../lib/gcc/arm-none-eabi/7.3.1/../../../../arm-none-eabi/lib/thumb/v7e-m\libg_nano.a(lib_a-nano-mallocr.o)
 .data          0x20000400        0x0 c:/program files (x86)/gnu tools arm embedded/7 2018-q2-update/bin/../lib/gcc/arm-none-eabi/7.3.1/../../../../arm-none-eabi/lib/thumb/v7e-m\libg_nano.a(lib_a-perror.o)
 .data          0x20000400        0x0 c:/program files (x86)/gnu tools arm embedded/7 2018-q2-update/bin/../lib/gcc/arm-none-eabi/7.3.1/../../../../arm-none-eabi/lib/thumb/v7e-m\libg_nano.a(lib_a-sbrkr.o)
 .data          0x20000400        0x0 c:/program files (x86)/gnu tools arm embedded/7 2018-q2-update/bin/../lib/gcc/arm-none-eabi/7.3.1/../../../../arm-none-eabi/lib/thumb/v7e-m\libg_nano.a(lib_a-strerror.o)
 .data          0x20000400        0x0 c:/program files (x86)/gnu tools arm embedded/7 2018-q2-update/bin/../lib/gcc/arm-none-eabi/7.3.1/../../../../arm-none-eabi/lib/thumb/v7e-m\libg_nano.a(lib_a-u_strerr.o)
 .data          0x20000400        0x0 c:/program files (x86)/gnu tools arm embedded/7 2018-q2-update/bin/../lib/gcc/arm-none-eabi/7.3.1/../../../../arm-none-eabi/lib/thumb/v7e-m\libg_nano.a(lib_a-findfp.o)
 .data          0x20000400        0x0 c:/program files (x86)/gnu tools arm embedded/7 2018-q2-update/bin/../lib/gcc/arm-none-eabi/7.3.1/../../../../arm-none-eabi/lib/thumb/v7e-m\libg_nano.a(lib_a-fputc.o)
 .data          0x20000400        0x0 c:/program files (x86)/gnu tools arm embedded/7 2018-q2-update/bin/../lib/gcc/arm-none-eabi/7.3.1/../../../../arm-none-eabi/lib/thumb/v7e-m\libg_nano.a(lib_a-fputs.o)
 .data          0x20000400        0x0 c:/program files (x86)/gnu tools arm embedded/7 2018-q2-update/bin/../lib/gcc/arm-none-eabi/7.3.1/../../../../arm-none-eabi/lib/thumb/v7e-m\libg_nano.a(lib_a-fwalk.o)
 .data          0x20000400        0x0 c:/program files (x86)/gnu tools arm embedded/7 2018-q2-update/bin/../lib/gcc/arm-none-eabi/7.3.1/../../../../arm-none-eabi/lib/thumb/v7e-m\libg_nano.a(lib_a-impure.o)
 .data._impure_ptr
                0x20000400        0x4 c:/program files (x86)/gnu tools arm embedded/7 2018-q2-update/bin/../lib/gcc/arm-none-eabi/7.3.1/../../../../arm-none-eabi/lib/thumb/v7e-m\libg_nano.a(lib_a-impure.o)
                0x20000400                _impure_ptr
 .data.impure_data
                0x20000404       0x60 c:/program files (x86)/gnu tools arm embedded/7 2018-q2-update/bin/../lib/gcc/arm-none-eabi/7.3.1/../../../../arm-none-eabi/lib/thumb/v7e-m\libg_nano.a(lib_a-impure.o)
 .data          0x20000464        0x0 c:/program files (x86)/gnu tools arm embedded/7 2018-q2-update/bin/../lib/gcc/arm-none-eabi/7.3.1/../../../../arm-none-eabi/lib/thumb/v7e-m\libg_nano.a(lib_a-memset.o)
 .data          0x20000464        0x0 c:/program files (x86)/gnu tools arm embedded/7 2018-q2-update/bin/../lib/gcc/arm-none-eabi/7.3.1/../../../../arm-none-eabi/lib/thumb/v7e-m\libg_nano.a(lib_a-mlock.o)
 .data          0x20000464        0x0 c:/program files (x86)/gnu tools arm embedded/7 2018-q2-update/bin/../lib/gcc/arm-none-eabi/7.3.1/../../../../arm-none-eabi/lib/thumb/v7e-m\libg_nano.a(lib_a-putc.o)
 .data          0x20000464        0x0 c:/program files (x86)/gnu tools arm embedded/7 2018-q2-update/bin/../lib/gcc/arm-none-eabi/7.3.1/../../../../arm-none-eabi/lib/thumb/v7e-m\libg_nano.a(lib_a-reent.o)
 .data          0x20000464        0x0 c:/program files (x86)/gnu tools arm embedded/7 2018-q2-update/bin/../lib/gcc/arm-none-eabi/7.3.1/../../../../arm-none-eabi/lib/thumb/v7e-m\libg_nano.a(lib_a-stdio.o)
 .data          0x20000464        0x0 c:/program files (x86)/gnu tools arm embedded/7 2018-q2-update/bin/../lib/gcc/arm-none-eabi/7.3.1/../../../../arm-none-eabi/lib/thumb/v7e-m\libg_nano.a(lib_a-wbuf.o)
 .data          0x20000464        0x0 c:/program files (x86)/gnu tools arm embedded/7 2018-q2-update/bin/../lib/gcc/arm-none-eabi/7.3.1/../../../../arm-none-eabi/lib/thumb/v7e-m\libg_nano.a(lib_a-writer.o)
 .data          0x20000464        0x0 c:/program files (x86)/gnu tools arm embedded/7 2018-q2-update/bin/../lib/gcc/arm-none-eabi/7.3.1/../../../../arm-none-eabi/lib/thumb/v7e-m\libg_nano.a(lib_a-wsetup.o)
 .data          0x20000464        0x0 c:/program files (x86)/gnu tools arm embedded/7 2018-q2-update/bin/../lib/gcc/arm-none-eabi/7.3.1/../../../../arm-none-eabi/lib/thumb/v7e-m\libg_nano.a(lib_a-closer.o)
 .data          0x20000464        0x0 c:/program files (x86)/gnu tools arm embedded/7 2018-q2-update/bin/../lib/gcc/arm-none-eabi/7.3.1/../../../../arm-none-eabi/lib/thumb/v7e-m\libg_nano.a(lib_a-fflush.o)
 .data          0x20000464        0x0 c:/program files (x86)/gnu tools arm embedded/7 2018-q2-update/bin/../lib/gcc/arm-none-eabi/7.3.1/../../../../arm-none-eabi/lib/thumb/v7e-m\libg_nano.a(lib_a-lseekr.o)
 .data          0x20000464        0x0 c:/program files (x86)/gnu tools arm embedded/7 2018-q2-update/bin/../lib/gcc/arm-none-eabi/7.3.1/../../../../arm-none-eabi/lib/thumb/v7e-m\libg_nano.a(lib_a-makebuf.o)
 .data          0x20000464        0x0 c:/program files (x86)/gnu tools arm embedded/7 2018-q2-update/bin/../lib/gcc/arm-none-eabi/7.3.1/../../../../arm-none-eabi/lib/thumb/v7e-m\libg_nano.a(lib_a-readr.o)
 .data          0x20000464        0x0 c:/program files (x86)/gnu tools arm embedded/7 2018-q2-update/bin/../lib/gcc/arm-none-eabi/7.3.1/../../../../arm-none-eabi/lib/thumb/v7e-m\libg_nano.a(lib_a-fstatr.o)
 .data          0x20000464        0x0 c:/program files (x86)/gnu tools arm embedded/7 2018-q2-update/bin/../lib/gcc/arm-none-eabi/7.3.1/../../../../arm-none-eabi/lib/thumb/v7e-m\libg_nano.a(lib_a-isattyr.o)
 .data          0x20000464        0x0 c:/program files (x86)/gnu tools arm embedded/7 2018-q2-update/bin/../lib/gcc/arm-none-eabi/7.3.1/../../../../arm-none-eabi/lib/thumb/v7e-m\libnosys.a(close.o)
 .data          0x20000464        0x0 c:/program files (x86)/gnu tools arm embedded/7 2018-q2-update/bin/../lib/gcc/arm-none-eabi/7.3.1/../../../../arm-none-eabi/lib/thumb/v7e-m\libnosys.a(fstat.o)
 .data          0x20000464        0x0 c:/program files (x86)/gnu tools arm embedded/7 2018-q2-update/bin/../lib/gcc/arm-none-eabi/7.3.1/../../../../arm-none-eabi/lib/thumb/v7e-m\libnosys.a(isatty.o)
 .data          0x20000464        0x0 c:/program files (x86)/gnu tools arm embedded/7 2018-q2-update/bin/../lib/gcc/arm-none-eabi/7.3.1/../../../../arm-none-eabi/lib/thumb/v7e-m\libnosys.a(lseek.o)
 .data          0x20000464        0x0 c:/program files (x86)/gnu tools arm embedded/7 2018-q2-update/bin/../lib/gcc/arm-none-eabi/7.3.1/../../../../arm-none-eabi/lib/thumb/v7e-m\libnosys.a(read.o)
 .data          0x20000464        0x0 c:/program files (x86)/gnu tools arm embedded/7 2018-q2-update/bin/../lib/gcc/arm-none-eabi/7.3.1/../../../../arm-none-eabi/lib/thumb/v7e-m\libnosys.a(sbrk.o)
 .data          0x20000464        0x0 c:/program files (x86)/gnu tools arm embedded/7 2018-q2-update/bin/../lib/gcc/arm-none-eabi/7.3.1/../../../../arm-none-eabi/lib/thumb/v7e-m\libnosys.a(write.o)
                0x20000464                _edata = .

.igot.plt       0x20000464        0x0 load address 0x00004db8
 .igot.plt      0x20000464        0x0 ./objects/startup_gcc.o

.bss            0x20000464      0x3c8 load address 0x00004db8
                0x20000464                _bss = .
                0x20000464                end = _bss
 *(.bss*)
 .bss           0x20000464      0x200 ./objects/startup_gcc.o
 .bss           0x20000664        0x0 ./objects/hello.o
 .bss           0x20000664        0x0 ./lib/libdriver.a(sysctl.o)
 .bss           0x20000664        0x0 ./lib/libdriver.a(cpu.o)
 .bss           0x20000664        0x0 ./lib/libdriver.a(interrupt.o)
 .bss           0x20000664        0x5 ./objects/uartstdio.o
 .bss           0x20000669        0x0 ./objects/pinout.o
 .bss           0x20000669        0x0 ./objects/gpio.o
 .bss           0x20000669        0x0 ./objects/cpu.o
 .bss           0x20000669        0x0 ./objects/ucontext_asm.o
 .bss           0x20000669        0x0 ./objects/ucontext.o
 .bss           0x20000669        0x0 ./objects/contexts.o
 *fill*         0x20000669        0x3 
 .bss           0x2000066c        0x4 ./objects/ppos.o
                0x2000066c                count_id
 .bss           0x20000670        0x0 ./objects/pingpong-tasks1.o
 .bss           0x20000670        0x0 ./objects/queue.o
 .bss           0x20000670        0x0 c:/program files (x86)/gnu tools arm embedded/7 2018-q2-update/bin/../lib/gcc/arm-none-eabi/7.3.1/../../../../arm-none-eabi/lib/thumb/v7e-m\libg_nano.a(lib_a-malloc.o)
 .bss           0x20000670        0x0 c:/program files (x86)/gnu tools arm embedded/7 2018-q2-update/bin/../lib/gcc/arm-none-eabi/7.3.1/../../../../arm-none-eabi/lib/thumb/v7e-m\libg_nano.a(lib_a-nano-freer.o)
 .bss           0x20000670        0x0 c:/program files (x86)/gnu tools arm embedded/7 2018-q2-update/bin/../lib/gcc/arm-none-eabi/7.3.1/../../../../arm-none-eabi/lib/thumb/v7e-m\libg_nano.a(lib_a-nano-mallocr.o)
 .bss.__malloc_free_list
                0x20000670        0x4 c:/program files (x86)/gnu tools arm embedded/7 2018-q2-update/bin/../lib/gcc/arm-none-eabi/7.3.1/../../../../arm-none-eabi/lib/thumb/v7e-m\libg_nano.a(lib_a-nano-mallocr.o)
                0x20000670                __malloc_free_list
 .bss.__malloc_sbrk_start
                0x20000674        0x4 c:/program files (x86)/gnu tools arm embedded/7 2018-q2-update/bin/../lib/gcc/arm-none-eabi/7.3.1/../../../../arm-none-eabi/lib/thumb/v7e-m\libg_nano.a(lib_a-nano-mallocr.o)
                0x20000674                __malloc_sbrk_start
 .bss           0x20000678        0x0 c:/program files (x86)/gnu tools arm embedded/7 2018-q2-update/bin/../lib/gcc/arm-none-eabi/7.3.1/../../../../arm-none-eabi/lib/thumb/v7e-m\libg_nano.a(lib_a-perror.o)
 .bss           0x20000678        0x0 c:/program files (x86)/gnu tools arm embedded/7 2018-q2-update/bin/../lib/gcc/arm-none-eabi/7.3.1/../../../../arm-none-eabi/lib/thumb/v7e-m\libg_nano.a(lib_a-sbrkr.o)
 .bss           0x20000678        0x0 c:/program files (x86)/gnu tools arm embedded/7 2018-q2-update/bin/../lib/gcc/arm-none-eabi/7.3.1/../../../../arm-none-eabi/lib/thumb/v7e-m\libg_nano.a(lib_a-strerror.o)
 .bss           0x20000678        0x0 c:/program files (x86)/gnu tools arm embedded/7 2018-q2-update/bin/../lib/gcc/arm-none-eabi/7.3.1/../../../../arm-none-eabi/lib/thumb/v7e-m\libg_nano.a(lib_a-u_strerr.o)
 .bss           0x20000678        0x0 c:/program files (x86)/gnu tools arm embedded/7 2018-q2-update/bin/../lib/gcc/arm-none-eabi/7.3.1/../../../../arm-none-eabi/lib/thumb/v7e-m\libg_nano.a(lib_a-findfp.o)
 .bss           0x20000678        0x0 c:/program files (x86)/gnu tools arm embedded/7 2018-q2-update/bin/../lib/gcc/arm-none-eabi/7.3.1/../../../../arm-none-eabi/lib/thumb/v7e-m\libg_nano.a(lib_a-fputc.o)
 .bss           0x20000678        0x0 c:/program files (x86)/gnu tools arm embedded/7 2018-q2-update/bin/../lib/gcc/arm-none-eabi/7.3.1/../../../../arm-none-eabi/lib/thumb/v7e-m\libg_nano.a(lib_a-fputs.o)
 .bss           0x20000678        0x0 c:/program files (x86)/gnu tools arm embedded/7 2018-q2-update/bin/../lib/gcc/arm-none-eabi/7.3.1/../../../../arm-none-eabi/lib/thumb/v7e-m\libg_nano.a(lib_a-fwalk.o)
 .bss           0x20000678        0x0 c:/program files (x86)/gnu tools arm embedded/7 2018-q2-update/bin/../lib/gcc/arm-none-eabi/7.3.1/../../../../arm-none-eabi/lib/thumb/v7e-m\libg_nano.a(lib_a-impure.o)
 .bss           0x20000678        0x0 c:/program files (x86)/gnu tools arm embedded/7 2018-q2-update/bin/../lib/gcc/arm-none-eabi/7.3.1/../../../../arm-none-eabi/lib/thumb/v7e-m\libg_nano.a(lib_a-memset.o)
 .bss           0x20000678        0x0 c:/program files (x86)/gnu tools arm embedded/7 2018-q2-update/bin/../lib/gcc/arm-none-eabi/7.3.1/../../../../arm-none-eabi/lib/thumb/v7e-m\libg_nano.a(lib_a-mlock.o)
 .bss           0x20000678        0x0 c:/program files (x86)/gnu tools arm embedded/7 2018-q2-update/bin/../lib/gcc/arm-none-eabi/7.3.1/../../../../arm-none-eabi/lib/thumb/v7e-m\libg_nano.a(lib_a-putc.o)
 .bss           0x20000678        0x0 c:/program files (x86)/gnu tools arm embedded/7 2018-q2-update/bin/../lib/gcc/arm-none-eabi/7.3.1/../../../../arm-none-eabi/lib/thumb/v7e-m\libg_nano.a(lib_a-reent.o)
 .bss           0x20000678        0x0 c:/program files (x86)/gnu tools arm embedded/7 2018-q2-update/bin/../lib/gcc/arm-none-eabi/7.3.1/../../../../arm-none-eabi/lib/thumb/v7e-m\libg_nano.a(lib_a-stdio.o)
 .bss           0x20000678        0x0 c:/program files (x86)/gnu tools arm embedded/7 2018-q2-update/bin/../lib/gcc/arm-none-eabi/7.3.1/../../../../arm-none-eabi/lib/thumb/v7e-m\libg_nano.a(lib_a-wbuf.o)
 .bss           0x20000678        0x0 c:/program files (x86)/gnu tools arm embedded/7 2018-q2-update/bin/../lib/gcc/arm-none-eabi/7.3.1/../../../../arm-none-eabi/lib/thumb/v7e-m\libg_nano.a(lib_a-writer.o)
 .bss           0x20000678        0x0 c:/program files (x86)/gnu tools arm embedded/7 2018-q2-update/bin/../lib/gcc/arm-none-eabi/7.3.1/../../../../arm-none-eabi/lib/thumb/v7e-m\libg_nano.a(lib_a-wsetup.o)
 .bss           0x20000678        0x0 c:/program files (x86)/gnu tools arm embedded/7 2018-q2-update/bin/../lib/gcc/arm-none-eabi/7.3.1/../../../../arm-none-eabi/lib/thumb/v7e-m\libg_nano.a(lib_a-closer.o)
 .bss           0x20000678        0x0 c:/program files (x86)/gnu tools arm embedded/7 2018-q2-update/bin/../lib/gcc/arm-none-eabi/7.3.1/../../../../arm-none-eabi/lib/thumb/v7e-m\libg_nano.a(lib_a-fflush.o)
 .bss           0x20000678        0x0 c:/program files (x86)/gnu tools arm embedded/7 2018-q2-update/bin/../lib/gcc/arm-none-eabi/7.3.1/../../../../arm-none-eabi/lib/thumb/v7e-m\libg_nano.a(lib_a-lseekr.o)
 .bss           0x20000678        0x0 c:/program files (x86)/gnu tools arm embedded/7 2018-q2-update/bin/../lib/gcc/arm-none-eabi/7.3.1/../../../../arm-none-eabi/lib/thumb/v7e-m\libg_nano.a(lib_a-makebuf.o)
 .bss           0x20000678        0x0 c:/program files (x86)/gnu tools arm embedded/7 2018-q2-update/bin/../lib/gcc/arm-none-eabi/7.3.1/../../../../arm-none-eabi/lib/thumb/v7e-m\libg_nano.a(lib_a-readr.o)
 .bss           0x20000678        0x0 c:/program files (x86)/gnu tools arm embedded/7 2018-q2-update/bin/../lib/gcc/arm-none-eabi/7.3.1/../../../../arm-none-eabi/lib/thumb/v7e-m\libg_nano.a(lib_a-fstatr.o)
 .bss           0x20000678        0x0 c:/program files (x86)/gnu tools arm embedded/7 2018-q2-update/bin/../lib/gcc/arm-none-eabi/7.3.1/../../../../arm-none-eabi/lib/thumb/v7e-m\libg_nano.a(lib_a-isattyr.o)
 .bss           0x20000678        0x0 c:/program files (x86)/gnu tools arm embedded/7 2018-q2-update/bin/../lib/gcc/arm-none-eabi/7.3.1/../../../../arm-none-eabi/lib/thumb/v7e-m\libnosys.a(close.o)
 .bss           0x20000678        0x0 c:/program files (x86)/gnu tools arm embedded/7 2018-q2-update/bin/../lib/gcc/arm-none-eabi/7.3.1/../../../../arm-none-eabi/lib/thumb/v7e-m\libnosys.a(fstat.o)
 .bss           0x20000678        0x0 c:/program files (x86)/gnu tools arm embedded/7 2018-q2-update/bin/../lib/gcc/arm-none-eabi/7.3.1/../../../../arm-none-eabi/lib/thumb/v7e-m\libnosys.a(isatty.o)
 .bss           0x20000678        0x0 c:/program files (x86)/gnu tools arm embedded/7 2018-q2-update/bin/../lib/gcc/arm-none-eabi/7.3.1/../../../../arm-none-eabi/lib/thumb/v7e-m\libnosys.a(lseek.o)
 .bss           0x20000678        0x0 c:/program files (x86)/gnu tools arm embedded/7 2018-q2-update/bin/../lib/gcc/arm-none-eabi/7.3.1/../../../../arm-none-eabi/lib/thumb/v7e-m\libnosys.a(read.o)
 .bss           0x20000678        0x0 c:/program files (x86)/gnu tools arm embedded/7 2018-q2-update/bin/../lib/gcc/arm-none-eabi/7.3.1/../../../../arm-none-eabi/lib/thumb/v7e-m\libnosys.a(sbrk.o)
 .bss.heap_end.4102
                0x20000678        0x4 c:/program files (x86)/gnu tools arm embedded/7 2018-q2-update/bin/../lib/gcc/arm-none-eabi/7.3.1/../../../../arm-none-eabi/lib/thumb/v7e-m\libnosys.a(sbrk.o)
 .bss           0x2000067c        0x0 c:/program files (x86)/gnu tools arm embedded/7 2018-q2-update/bin/../lib/gcc/arm-none-eabi/7.3.1/../../../../arm-none-eabi/lib/thumb/v7e-m\libnosys.a(write.o)
 *(COMMON)
 COMMON         0x2000067c        0x4 ./objects/hello.o
                0x2000067c                g_ui32SysClock
 COMMON         0x20000680       0x44 ./objects/ucontext.o
                0x20000680                r14
                0x20000684                r3
                0x20000688                r9
                0x2000068c                r6
                0x20000690                r4
                0x20000694                r0
                0x20000698                r
                0x2000069c                r10
                0x200006a0                r8
                0x200006a4                r7
                0x200006a8                r11
                0x200006ac                r2
                0x200006b0                r12
                0x200006b4                r15
                0x200006b8                r5
                0x200006bc                r1
                0x200006c0                r13
 COMMON         0x200006c4       0x7c ./objects/ppos.o
                0x200006c4                mainTask
                0x20000738                taskStack
                0x2000073c                taskRunning
 COMMON         0x20000740       0xe8 ./objects/pingpong-tasks1.o
                0x20000740                Ping
                0x200007b4                Pong
 COMMON         0x20000828        0x4 c:/program files (x86)/gnu tools arm embedded/7 2018-q2-update/bin/../lib/gcc/arm-none-eabi/7.3.1/../../../../arm-none-eabi/lib/thumb/v7e-m\libg_nano.a(lib_a-reent.o)
                0x20000828                errno
                0x2000082c                _ebss = .
OUTPUT(./Objects/NOVO.elf elf32-littlearm)

.debug_info     0x00000000     0x5c56
 .debug_info    0x00000000      0x1a8 ./objects/startup_gcc.o
 .debug_info    0x000001a8      0xc34 ./objects/hello.o
 .debug_info    0x00000ddc      0x5ae ./objects/uartstdio.o
 .debug_info    0x0000138a      0x54b ./objects/pinout.o
 .debug_info    0x000018d5     0x2027 ./objects/gpio.o
 .debug_info    0x000038fc       0x64 ./objects/cpu.o
 .debug_info    0x00003960       0x26 ./objects/ucontext_asm.o
 .debug_info    0x00003986      0x456 ./objects/ucontext.o
 .debug_info    0x00003ddc      0xdd3 ./objects/ppos.o
 .debug_info    0x00004baf      0xe5a ./objects/pingpong-tasks1.o
 .debug_info    0x00005a09      0x24d ./objects/queue.o

.debug_abbrev   0x00000000      0xe16
 .debug_abbrev  0x00000000       0xfa ./objects/startup_gcc.o
 .debug_abbrev  0x000000fa      0x225 ./objects/hello.o
 .debug_abbrev  0x0000031f      0x1a8 ./objects/uartstdio.o
 .debug_abbrev  0x000004c7       0xd3 ./objects/pinout.o
 .debug_abbrev  0x0000059a      0x176 ./objects/gpio.o
 .debug_abbrev  0x00000710       0x26 ./objects/cpu.o
 .debug_abbrev  0x00000736       0x14 ./objects/ucontext_asm.o
 .debug_abbrev  0x0000074a      0x12e ./objects/ucontext.o
 .debug_abbrev  0x00000878      0x23a ./objects/ppos.o
 .debug_abbrev  0x00000ab2      0x20a ./objects/pingpong-tasks1.o
 .debug_abbrev  0x00000cbc      0x15a ./objects/queue.o

.debug_loc      0x00000000     0x27ed
 .debug_loc     0x00000000       0x4b ./objects/startup_gcc.o
 .debug_loc     0x0000004b       0xb8 ./objects/hello.o
 .debug_loc     0x00000103      0x88a ./objects/uartstdio.o
 .debug_loc     0x0000098d      0x126 ./objects/pinout.o
 .debug_loc     0x00000ab3     0x16a6 ./objects/gpio.o
 .debug_loc     0x00002159       0xc5 ./objects/ucontext.o
 .debug_loc     0x0000221e      0x18a ./objects/ppos.o
 .debug_loc     0x000023a8      0x17a ./objects/pingpong-tasks1.o
 .debug_loc     0x00002522      0x2cb ./objects/queue.o

.debug_aranges  0x00000000      0x158
 .debug_aranges
                0x00000000       0x20 ./objects/startup_gcc.o
 .debug_aranges
                0x00000020       0x20 ./objects/hello.o
 .debug_aranges
                0x00000040       0x20 ./objects/uartstdio.o
 .debug_aranges
                0x00000060       0x20 ./objects/pinout.o
 .debug_aranges
                0x00000080       0x20 ./objects/gpio.o
 .debug_aranges
                0x000000a0       0x18 ./objects/cpu.o
 .debug_aranges
                0x000000b8       0x20 ./objects/ucontext_asm.o
 .debug_aranges
                0x000000d8       0x20 ./objects/ucontext.o
 .debug_aranges
                0x000000f8       0x20 ./objects/ppos.o
 .debug_aranges
                0x00000118       0x20 ./objects/pingpong-tasks1.o
 .debug_aranges
                0x00000138       0x20 ./objects/queue.o

.debug_line     0x00000000     0x1441
 .debug_line    0x00000000      0x12c ./objects/startup_gcc.o
 .debug_line    0x0000012c      0x2a6 ./objects/hello.o
 .debug_line    0x000003d2      0x34e ./objects/uartstdio.o
 .debug_line    0x00000720      0x180 ./objects/pinout.o
 .debug_line    0x000008a0      0x55f ./objects/gpio.o
 .debug_line    0x00000dff       0x1d ./objects/cpu.o
 .debug_line    0x00000e1c       0x9d ./objects/ucontext_asm.o
 .debug_line    0x00000eb9       0xac ./objects/ucontext.o
 .debug_line    0x00000f65        0x0 ./objects/contexts.o
 .debug_line    0x00000f65      0x1f0 ./objects/ppos.o
 .debug_line    0x00001155      0x221 ./objects/pingpong-tasks1.o
 .debug_line    0x00001376       0xcb ./objects/queue.o

.debug_str      0x00000000      0xf03
 .debug_str     0x00000000      0x19e ./objects/startup_gcc.o
                                0x1db (size before relaxing)
 .debug_str     0x0000019e      0x455 ./objects/hello.o
                                0x5e5 (size before relaxing)
 .debug_str     0x000005f3      0x134 ./objects/uartstdio.o
                                0x2d2 (size before relaxing)
 .debug_str     0x00000727       0x81 ./objects/pinout.o
                                0x1f5 (size before relaxing)
 .debug_str     0x000007a8      0x4b1 ./objects/gpio.o
                                0x6c9 (size before relaxing)
 .debug_str     0x00000c59        0x6 ./objects/cpu.o
                                0x146 (size before relaxing)
 .debug_str     0x00000c5f       0x25 ./objects/ucontext_asm.o
                                 0x54 (size before relaxing)
 .debug_str     0x00000c84      0x14d ./objects/ucontext.o
                                0x224 (size before relaxing)
 .debug_str     0x00000dd1       0x13 ./objects/contexts.o
                                 0xcf (size before relaxing)
 .debug_str     0x00000de4       0x95 ./objects/ppos.o
                                0x6e7 (size before relaxing)
 .debug_str     0x00000e79       0x28 ./objects/pingpong-tasks1.o
                                0x6af (size before relaxing)
 .debug_str     0x00000ea1       0x62 ./objects/queue.o
                                0x1c6 (size before relaxing)

.comment        0x00000000       0xaa
 .comment       0x00000000       0x7f ./objects/startup_gcc.o
                                 0x80 (size before relaxing)
 .comment       0x0000007f       0x80 ./objects/hello.o
 .comment       0x0000007f       0x2b ./lib/libdriver.a(sysctl.o)
                                 0x2c (size before relaxing)
 .comment       0x000000aa       0x2c ./lib/libdriver.a(cpu.o)
 .comment       0x000000aa       0x2c ./lib/libdriver.a(interrupt.o)
 .comment       0x000000aa       0x80 ./objects/uartstdio.o
 .comment       0x000000aa       0x80 ./objects/pinout.o
 .comment       0x000000aa       0x80 ./objects/gpio.o
 .comment       0x000000aa       0x80 ./objects/cpu.o
 .comment       0x000000aa       0x80 ./objects/ucontext.o
 .comment       0x000000aa       0x80 ./objects/contexts.o
 .comment       0x000000aa       0x80 ./objects/ppos.o
 .comment       0x000000aa       0x80 ./objects/pingpong-tasks1.o
 .comment       0x000000aa       0x80 ./objects/queue.o

.ARM.attributes
                0x00000000       0x37
 .ARM.attributes
                0x00000000       0x33 ./objects/startup_gcc.o
 .ARM.attributes
                0x00000033       0x33 ./objects/hello.o
 .ARM.attributes
                0x00000066       0x37 ./lib/libdriver.a(sysctl.o)
 .ARM.attributes
                0x0000009d       0x37 ./lib/libdriver.a(cpu.o)
 .ARM.attributes
                0x000000d4       0x37 ./lib/libdriver.a(interrupt.o)
 .ARM.attributes
                0x0000010b       0x33 ./objects/uartstdio.o
 .ARM.attributes
                0x0000013e       0x33 ./objects/pinout.o
 .ARM.attributes
                0x00000171       0x33 ./objects/gpio.o
 .ARM.attributes
                0x000001a4       0x33 ./objects/cpu.o
 .ARM.attributes
                0x000001d7       0x1b ./objects/ucontext_asm.o
 .ARM.attributes
                0x000001f2       0x33 ./objects/ucontext.o
 .ARM.attributes
                0x00000225       0x33 ./objects/contexts.o
 .ARM.attributes
                0x00000258       0x33 ./objects/ppos.o
 .ARM.attributes
                0x0000028b       0x33 ./objects/pingpong-tasks1.o
 .ARM.attributes
                0x000002be       0x33 ./objects/queue.o
 .ARM.attributes
                0x000002f1       0x2e c:/program files (x86)/gnu tools arm embedded/7 2018-q2-update/bin/../lib/gcc/arm-none-eabi/7.3.1/../../../../arm-none-eabi/lib/thumb/v7e-m\libg_nano.a(lib_a-malloc.o)
 .ARM.attributes
                0x0000031f       0x2e c:/program files (x86)/gnu tools arm embedded/7 2018-q2-update/bin/../lib/gcc/arm-none-eabi/7.3.1/../../../../arm-none-eabi/lib/thumb/v7e-m\libg_nano.a(lib_a-nano-freer.o)
 .ARM.attributes
                0x0000034d       0x2e c:/program files (x86)/gnu tools arm embedded/7 2018-q2-update/bin/../lib/gcc/arm-none-eabi/7.3.1/../../../../arm-none-eabi/lib/thumb/v7e-m\libg_nano.a(lib_a-nano-mallocr.o)
 .ARM.attributes
                0x0000037b       0x2e c:/program files (x86)/gnu tools arm embedded/7 2018-q2-update/bin/../lib/gcc/arm-none-eabi/7.3.1/../../../../arm-none-eabi/lib/thumb/v7e-m\libg_nano.a(lib_a-perror.o)
 .ARM.attributes
                0x000003a9       0x2e c:/program files (x86)/gnu tools arm embedded/7 2018-q2-update/bin/../lib/gcc/arm-none-eabi/7.3.1/../../../../arm-none-eabi/lib/thumb/v7e-m\libg_nano.a(lib_a-sbrkr.o)
 .ARM.attributes
                0x000003d7       0x2e c:/program files (x86)/gnu tools arm embedded/7 2018-q2-update/bin/../lib/gcc/arm-none-eabi/7.3.1/../../../../arm-none-eabi/lib/thumb/v7e-m\libg_nano.a(lib_a-strerror.o)
 .ARM.attributes
                0x00000405       0x2e c:/program files (x86)/gnu tools arm embedded/7 2018-q2-update/bin/../lib/gcc/arm-none-eabi/7.3.1/../../../../arm-none-eabi/lib/thumb/v7e-m\libg_nano.a(lib_a-u_strerr.o)
 .ARM.attributes
                0x00000433       0x2e c:/program files (x86)/gnu tools arm embedded/7 2018-q2-update/bin/../lib/gcc/arm-none-eabi/7.3.1/../../../../arm-none-eabi/lib/thumb/v7e-m\libg_nano.a(lib_a-findfp.o)
 .ARM.attributes
                0x00000461       0x2e c:/program files (x86)/gnu tools arm embedded/7 2018-q2-update/bin/../lib/gcc/arm-none-eabi/7.3.1/../../../../arm-none-eabi/lib/thumb/v7e-m\libg_nano.a(lib_a-fputc.o)
 .ARM.attributes
                0x0000048f       0x2e c:/program files (x86)/gnu tools arm embedded/7 2018-q2-update/bin/../lib/gcc/arm-none-eabi/7.3.1/../../../../arm-none-eabi/lib/thumb/v7e-m\libg_nano.a(lib_a-fputs.o)
 .ARM.attributes
                0x000004bd       0x2e c:/program files (x86)/gnu tools arm embedded/7 2018-q2-update/bin/../lib/gcc/arm-none-eabi/7.3.1/../../../../arm-none-eabi/lib/thumb/v7e-m\libg_nano.a(lib_a-fwalk.o)
 .ARM.attributes
                0x000004eb       0x2e c:/program files (x86)/gnu tools arm embedded/7 2018-q2-update/bin/../lib/gcc/arm-none-eabi/7.3.1/../../../../arm-none-eabi/lib/thumb/v7e-m\libg_nano.a(lib_a-impure.o)
 .ARM.attributes
                0x00000519       0x2e c:/program files (x86)/gnu tools arm embedded/7 2018-q2-update/bin/../lib/gcc/arm-none-eabi/7.3.1/../../../../arm-none-eabi/lib/thumb/v7e-m\libg_nano.a(lib_a-memset.o)
 .ARM.attributes
                0x00000547       0x2e c:/program files (x86)/gnu tools arm embedded/7 2018-q2-update/bin/../lib/gcc/arm-none-eabi/7.3.1/../../../../arm-none-eabi/lib/thumb/v7e-m\libg_nano.a(lib_a-mlock.o)
 .ARM.attributes
                0x00000575       0x2e c:/program files (x86)/gnu tools arm embedded/7 2018-q2-update/bin/../lib/gcc/arm-none-eabi/7.3.1/../../../../arm-none-eabi/lib/thumb/v7e-m\libg_nano.a(lib_a-putc.o)
 .ARM.attributes
                0x000005a3       0x2e c:/program files (x86)/gnu tools arm embedded/7 2018-q2-update/bin/../lib/gcc/arm-none-eabi/7.3.1/../../../../arm-none-eabi/lib/thumb/v7e-m\libg_nano.a(lib_a-reent.o)
 .ARM.attributes
                0x000005d1       0x2e c:/program files (x86)/gnu tools arm embedded/7 2018-q2-update/bin/../lib/gcc/arm-none-eabi/7.3.1/../../../../arm-none-eabi/lib/thumb/v7e-m\libg_nano.a(lib_a-stdio.o)
 .ARM.attributes
                0x000005ff       0x2e c:/program files (x86)/gnu tools arm embedded/7 2018-q2-update/bin/../lib/gcc/arm-none-eabi/7.3.1/../../../../arm-none-eabi/lib/thumb/v7e-m\libg_nano.a(lib_a-wbuf.o)
 .ARM.attributes
                0x0000062d       0x2e c:/program files (x86)/gnu tools arm embedded/7 2018-q2-update/bin/../lib/gcc/arm-none-eabi/7.3.1/../../../../arm-none-eabi/lib/thumb/v7e-m\libg_nano.a(lib_a-writer.o)
 .ARM.attributes
                0x0000065b       0x2e c:/program files (x86)/gnu tools arm embedded/7 2018-q2-update/bin/../lib/gcc/arm-none-eabi/7.3.1/../../../../arm-none-eabi/lib/thumb/v7e-m\libg_nano.a(lib_a-wsetup.o)
 .ARM.attributes
                0x00000689       0x2e c:/program files (x86)/gnu tools arm embedded/7 2018-q2-update/bin/../lib/gcc/arm-none-eabi/7.3.1/../../../../arm-none-eabi/lib/thumb/v7e-m\libg_nano.a(lib_a-closer.o)
 .ARM.attributes
                0x000006b7       0x2e c:/program files (x86)/gnu tools arm embedded/7 2018-q2-update/bin/../lib/gcc/arm-none-eabi/7.3.1/../../../../arm-none-eabi/lib/thumb/v7e-m\libg_nano.a(lib_a-fflush.o)
 .ARM.attributes
                0x000006e5       0x2e c:/program files (x86)/gnu tools arm embedded/7 2018-q2-update/bin/../lib/gcc/arm-none-eabi/7.3.1/../../../../arm-none-eabi/lib/thumb/v7e-m\libg_nano.a(lib_a-lseekr.o)
 .ARM.attributes
                0x00000713       0x2e c:/program files (x86)/gnu tools arm embedded/7 2018-q2-update/bin/../lib/gcc/arm-none-eabi/7.3.1/../../../../arm-none-eabi/lib/thumb/v7e-m\libg_nano.a(lib_a-makebuf.o)
 .ARM.attributes
                0x00000741       0x2e c:/program files (x86)/gnu tools arm embedded/7 2018-q2-update/bin/../lib/gcc/arm-none-eabi/7.3.1/../../../../arm-none-eabi/lib/thumb/v7e-m\libg_nano.a(lib_a-readr.o)
 .ARM.attributes
                0x0000076f       0x2e c:/program files (x86)/gnu tools arm embedded/7 2018-q2-update/bin/../lib/gcc/arm-none-eabi/7.3.1/../../../../arm-none-eabi/lib/thumb/v7e-m\libg_nano.a(lib_a-fstatr.o)
 .ARM.attributes
                0x0000079d       0x2e c:/program files (x86)/gnu tools arm embedded/7 2018-q2-update/bin/../lib/gcc/arm-none-eabi/7.3.1/../../../../arm-none-eabi/lib/thumb/v7e-m\libg_nano.a(lib_a-isattyr.o)
 .ARM.attributes
                0x000007cb       0x2e c:/program files (x86)/gnu tools arm embedded/7 2018-q2-update/bin/../lib/gcc/arm-none-eabi/7.3.1/../../../../arm-none-eabi/lib/thumb/v7e-m\libnosys.a(close.o)
 .ARM.attributes
                0x000007f9       0x2e c:/program files (x86)/gnu tools arm embedded/7 2018-q2-update/bin/../lib/gcc/arm-none-eabi/7.3.1/../../../../arm-none-eabi/lib/thumb/v7e-m\libnosys.a(fstat.o)
 .ARM.attributes
                0x00000827       0x2e c:/program files (x86)/gnu tools arm embedded/7 2018-q2-update/bin/../lib/gcc/arm-none-eabi/7.3.1/../../../../arm-none-eabi/lib/thumb/v7e-m\libnosys.a(isatty.o)
 .ARM.attributes
                0x00000855       0x2e c:/program files (x86)/gnu tools arm embedded/7 2018-q2-update/bin/../lib/gcc/arm-none-eabi/7.3.1/../../../../arm-none-eabi/lib/thumb/v7e-m\libnosys.a(lseek.o)
 .ARM.attributes
                0x00000883       0x2e c:/program files (x86)/gnu tools arm embedded/7 2018-q2-update/bin/../lib/gcc/arm-none-eabi/7.3.1/../../../../arm-none-eabi/lib/thumb/v7e-m\libnosys.a(read.o)
 .ARM.attributes
                0x000008b1       0x2e c:/program files (x86)/gnu tools arm embedded/7 2018-q2-update/bin/../lib/gcc/arm-none-eabi/7.3.1/../../../../arm-none-eabi/lib/thumb/v7e-m\libnosys.a(sbrk.o)
 .ARM.attributes
                0x000008df       0x2e c:/program files (x86)/gnu tools arm embedded/7 2018-q2-update/bin/../lib/gcc/arm-none-eabi/7.3.1/../../../../arm-none-eabi/lib/thumb/v7e-m\libnosys.a(write.o)

.debug_frame    0x00000000     0x125c
 .debug_frame   0x00000000       0x5c ./objects/startup_gcc.o
 .debug_frame   0x0000005c       0x64 ./objects/hello.o
 .debug_frame   0x000000c0      0x120 ./objects/uartstdio.o
 .debug_frame   0x000001e0       0x6c ./objects/pinout.o
 .debug_frame   0x0000024c      0x638 ./objects/gpio.o
 .debug_frame   0x00000884       0x5c ./objects/ucontext.o
 .debug_frame   0x000008e0       0x94 ./objects/ppos.o
 .debug_frame   0x00000974       0x80 ./objects/pingpong-tasks1.o
 .debug_frame   0x000009f4       0x80 ./objects/queue.o
 .debug_frame   0x00000a74       0x30 c:/program files (x86)/gnu tools arm embedded/7 2018-q2-update/bin/../lib/gcc/arm-none-eabi/7.3.1/../../../../arm-none-eabi/lib/thumb/v7e-m\libg_nano.a(lib_a-malloc.o)
 .debug_frame   0x00000aa4       0x38 c:/program files (x86)/gnu tools arm embedded/7 2018-q2-update/bin/../lib/gcc/arm-none-eabi/7.3.1/../../../../arm-none-eabi/lib/thumb/v7e-m\libg_nano.a(lib_a-nano-freer.o)
 .debug_frame   0x00000adc       0x2c c:/program files (x86)/gnu tools arm embedded/7 2018-q2-update/bin/../lib/gcc/arm-none-eabi/7.3.1/../../../../arm-none-eabi/lib/thumb/v7e-m\libg_nano.a(lib_a-nano-mallocr.o)
 .debug_frame   0x00000b08       0x3c c:/program files (x86)/gnu tools arm embedded/7 2018-q2-update/bin/../lib/gcc/arm-none-eabi/7.3.1/../../../../arm-none-eabi/lib/thumb/v7e-m\libg_nano.a(lib_a-perror.o)
 .debug_frame   0x00000b44       0x2c c:/program files (x86)/gnu tools arm embedded/7 2018-q2-update/bin/../lib/gcc/arm-none-eabi/7.3.1/../../../../arm-none-eabi/lib/thumb/v7e-m\libg_nano.a(lib_a-sbrkr.o)
 .debug_frame   0x00000b70       0x48 c:/program files (x86)/gnu tools arm embedded/7 2018-q2-update/bin/../lib/gcc/arm-none-eabi/7.3.1/../../../../arm-none-eabi/lib/thumb/v7e-m\libg_nano.a(lib_a-strerror.o)
 .debug_frame   0x00000bb8       0x20 c:/program files (x86)/gnu tools arm embedded/7 2018-q2-update/bin/../lib/gcc/arm-none-eabi/7.3.1/../../../../arm-none-eabi/lib/thumb/v7e-m\libg_nano.a(lib_a-u_strerr.o)
 .debug_frame   0x00000bd8      0x11c c:/program files (x86)/gnu tools arm embedded/7 2018-q2-update/bin/../lib/gcc/arm-none-eabi/7.3.1/../../../../arm-none-eabi/lib/thumb/v7e-m\libg_nano.a(lib_a-findfp.o)
 .debug_frame   0x00000cf4       0x48 c:/program files (x86)/gnu tools arm embedded/7 2018-q2-update/bin/../lib/gcc/arm-none-eabi/7.3.1/../../../../arm-none-eabi/lib/thumb/v7e-m\libg_nano.a(lib_a-fputc.o)
 .debug_frame   0x00000d3c       0x3c c:/program files (x86)/gnu tools arm embedded/7 2018-q2-update/bin/../lib/gcc/arm-none-eabi/7.3.1/../../../../arm-none-eabi/lib/thumb/v7e-m\libg_nano.a(lib_a-fputs.o)
 .debug_frame   0x00000d78       0x54 c:/program files (x86)/gnu tools arm embedded/7 2018-q2-update/bin/../lib/gcc/arm-none-eabi/7.3.1/../../../../arm-none-eabi/lib/thumb/v7e-m\libg_nano.a(lib_a-fwalk.o)
 .debug_frame   0x00000dcc       0x20 c:/program files (x86)/gnu tools arm embedded/7 2018-q2-update/bin/../lib/gcc/arm-none-eabi/7.3.1/../../../../arm-none-eabi/lib/thumb/v7e-m\libg_nano.a(lib_a-memset.o)
 .debug_frame   0x00000dec       0x30 c:/program files (x86)/gnu tools arm embedded/7 2018-q2-update/bin/../lib/gcc/arm-none-eabi/7.3.1/../../../../arm-none-eabi/lib/thumb/v7e-m\libg_nano.a(lib_a-mlock.o)
 .debug_frame   0x00000e1c       0x48 c:/program files (x86)/gnu tools arm embedded/7 2018-q2-update/bin/../lib/gcc/arm-none-eabi/7.3.1/../../../../arm-none-eabi/lib/thumb/v7e-m\libg_nano.a(lib_a-putc.o)
 .debug_frame   0x00000e64       0x5c c:/program files (x86)/gnu tools arm embedded/7 2018-q2-update/bin/../lib/gcc/arm-none-eabi/7.3.1/../../../../arm-none-eabi/lib/thumb/v7e-m\libg_nano.a(lib_a-reent.o)
 .debug_frame   0x00000ec0       0x88 c:/program files (x86)/gnu tools arm embedded/7 2018-q2-update/bin/../lib/gcc/arm-none-eabi/7.3.1/../../../../arm-none-eabi/lib/thumb/v7e-m\libg_nano.a(lib_a-stdio.o)
 .debug_frame   0x00000f48       0x40 c:/program files (x86)/gnu tools arm embedded/7 2018-q2-update/bin/../lib/gcc/arm-none-eabi/7.3.1/../../../../arm-none-eabi/lib/thumb/v7e-m\libg_nano.a(lib_a-wbuf.o)
 .debug_frame   0x00000f88       0x2c c:/program files (x86)/gnu tools arm embedded/7 2018-q2-update/bin/../lib/gcc/arm-none-eabi/7.3.1/../../../../arm-none-eabi/lib/thumb/v7e-m\libg_nano.a(lib_a-writer.o)
 .debug_frame   0x00000fb4       0x2c c:/program files (x86)/gnu tools arm embedded/7 2018-q2-update/bin/../lib/gcc/arm-none-eabi/7.3.1/../../../../arm-none-eabi/lib/thumb/v7e-m\libg_nano.a(lib_a-wsetup.o)
 .debug_frame   0x00000fe0       0x2c c:/program files (x86)/gnu tools arm embedded/7 2018-q2-update/bin/../lib/gcc/arm-none-eabi/7.3.1/../../../../arm-none-eabi/lib/thumb/v7e-m\libg_nano.a(lib_a-closer.o)
 .debug_frame   0x0000100c       0x68 c:/program files (x86)/gnu tools arm embedded/7 2018-q2-update/bin/../lib/gcc/arm-none-eabi/7.3.1/../../../../arm-none-eabi/lib/thumb/v7e-m\libg_nano.a(lib_a-fflush.o)
 .debug_frame   0x00001074       0x2c c:/program files (x86)/gnu tools arm embedded/7 2018-q2-update/bin/../lib/gcc/arm-none-eabi/7.3.1/../../../../arm-none-eabi/lib/thumb/v7e-m\libg_nano.a(lib_a-lseekr.o)
 .debug_frame   0x000010a0       0x58 c:/program files (x86)/gnu tools arm embedded/7 2018-q2-update/bin/../lib/gcc/arm-none-eabi/7.3.1/../../../../arm-none-eabi/lib/thumb/v7e-m\libg_nano.a(lib_a-makebuf.o)
 .debug_frame   0x000010f8       0x2c c:/program files (x86)/gnu tools arm embedded/7 2018-q2-update/bin/../lib/gcc/arm-none-eabi/7.3.1/../../../../arm-none-eabi/lib/thumb/v7e-m\libg_nano.a(lib_a-readr.o)
 .debug_frame   0x00001124       0x2c c:/program files (x86)/gnu tools arm embedded/7 2018-q2-update/bin/../lib/gcc/arm-none-eabi/7.3.1/../../../../arm-none-eabi/lib/thumb/v7e-m\libg_nano.a(lib_a-fstatr.o)
 .debug_frame   0x00001150       0x2c c:/program files (x86)/gnu tools arm embedded/7 2018-q2-update/bin/../lib/gcc/arm-none-eabi/7.3.1/../../../../arm-none-eabi/lib/thumb/v7e-m\libg_nano.a(lib_a-isattyr.o)
 .debug_frame   0x0000117c       0x20 c:/program files (x86)/gnu tools arm embedded/7 2018-q2-update/bin/../lib/gcc/arm-none-eabi/7.3.1/../../../../arm-none-eabi/lib/thumb/v7e-m\libnosys.a(close.o)
 .debug_frame   0x0000119c       0x20 c:/program files (x86)/gnu tools arm embedded/7 2018-q2-update/bin/../lib/gcc/arm-none-eabi/7.3.1/../../../../arm-none-eabi/lib/thumb/v7e-m\libnosys.a(fstat.o)
 .debug_frame   0x000011bc       0x20 c:/program files (x86)/gnu tools arm embedded/7 2018-q2-update/bin/../lib/gcc/arm-none-eabi/7.3.1/../../../../arm-none-eabi/lib/thumb/v7e-m\libnosys.a(isatty.o)
 .debug_frame   0x000011dc       0x20 c:/program files (x86)/gnu tools arm embedded/7 2018-q2-update/bin/../lib/gcc/arm-none-eabi/7.3.1/../../../../arm-none-eabi/lib/thumb/v7e-m\libnosys.a(lseek.o)
 .debug_frame   0x000011fc       0x20 c:/program files (x86)/gnu tools arm embedded/7 2018-q2-update/bin/../lib/gcc/arm-none-eabi/7.3.1/../../../../arm-none-eabi/lib/thumb/v7e-m\libnosys.a(read.o)
 .debug_frame   0x0000121c       0x20 c:/program files (x86)/gnu tools arm embedded/7 2018-q2-update/bin/../lib/gcc/arm-none-eabi/7.3.1/../../../../arm-none-eabi/lib/thumb/v7e-m\libnosys.a(sbrk.o)
 .debug_frame   0x0000123c       0x20 c:/program files (x86)/gnu tools arm embedded/7 2018-q2-update/bin/../lib/gcc/arm-none-eabi/7.3.1/../../../../arm-none-eabi/lib/thumb/v7e-m\libnosys.a(write.o)

.debug_ranges   0x00000000       0x18
 .debug_ranges  0x00000000       0x18 ./objects/queue.o

.stab           0x00000000       0x9c
 .stab          0x00000000       0x24 c:/program files (x86)/gnu tools arm embedded/7 2018-q2-update/bin/../lib/gcc/arm-none-eabi/7.3.1/../../../../arm-none-eabi/lib/thumb/v7e-m\libnosys.a(close.o)
 .stab          0x00000024       0x18 c:/program files (x86)/gnu tools arm embedded/7 2018-q2-update/bin/../lib/gcc/arm-none-eabi/7.3.1/../../../../arm-none-eabi/lib/thumb/v7e-m\libnosys.a(fstat.o)
                                 0x24 (size before relaxing)
 .stab          0x0000003c       0x18 c:/program files (x86)/gnu tools arm embedded/7 2018-q2-update/bin/../lib/gcc/arm-none-eabi/7.3.1/../../../../arm-none-eabi/lib/thumb/v7e-m\libnosys.a(isatty.o)
                                 0x24 (size before relaxing)
 .stab          0x00000054       0x18 c:/program files (x86)/gnu tools arm embedded/7 2018-q2-update/bin/../lib/gcc/arm-none-eabi/7.3.1/../../../../arm-none-eabi/lib/thumb/v7e-m\libnosys.a(lseek.o)
                                 0x24 (size before relaxing)
 .stab          0x0000006c       0x18 c:/program files (x86)/gnu tools arm embedded/7 2018-q2-update/bin/../lib/gcc/arm-none-eabi/7.3.1/../../../../arm-none-eabi/lib/thumb/v7e-m\libnosys.a(read.o)
                                 0x24 (size before relaxing)
 .stab          0x00000084       0x18 c:/program files (x86)/gnu tools arm embedded/7 2018-q2-update/bin/../lib/gcc/arm-none-eabi/7.3.1/../../../../arm-none-eabi/lib/thumb/v7e-m\libnosys.a(write.o)
                                 0x24 (size before relaxing)

.stabstr        0x00000000      0x14d
 .stabstr       0x00000000      0x14d c:/program files (x86)/gnu tools arm embedded/7 2018-q2-update/bin/../lib/gcc/arm-none-eabi/7.3.1/../../../../arm-none-eabi/lib/thumb/v7e-m\libnosys.a(close.o)
