ARM GAS  C:\Users\Diogo\AppData\Local\Temp\cciwJ6rh.s 			page 1


   1              		.cpu cortex-m4
   2              		.eabi_attribute 20, 1
   3              		.eabi_attribute 21, 1
   4              		.eabi_attribute 23, 3
   5              		.eabi_attribute 24, 1
   6              		.eabi_attribute 25, 1
   7              		.eabi_attribute 26, 1
   8              		.eabi_attribute 30, 1
   9              		.eabi_attribute 34, 1
  10              		.eabi_attribute 18, 4
  11              		.file	"startup_gcc.c"
  12              		.text
  13              	.Ltext0:
  14              		.cfi_sections	.debug_frame
  15              		.align	1
  16              		.syntax unified
  17              		.thumb
  18              		.thumb_func
  19              		.fpu softvfp
  20              		.type	NmiSR, %function
  21              	NmiSR:
  22              	.LFB1:
  23              		.file 1 "startup_gcc.c"
   1:startup_gcc.c **** //*****************************************************************************
   2:startup_gcc.c **** //
   3:startup_gcc.c **** // startup_gcc.c - Startup code for use with GNU tools.
   4:startup_gcc.c **** //
   5:startup_gcc.c **** // Copyright (c) 2013-2014 Texas Instruments Incorporated.  All rights reserved.
   6:startup_gcc.c **** // Software License Agreement
   7:startup_gcc.c **** // 
   8:startup_gcc.c **** // Texas Instruments (TI) is supplying this software for use solely and
   9:startup_gcc.c **** // exclusively on TI's microcontroller products. The software is owned by
  10:startup_gcc.c **** // TI and/or its suppliers, and is protected under applicable copyright
  11:startup_gcc.c **** // laws. You may not combine this software with "viral" open-source
  12:startup_gcc.c **** // software in order to form a larger program.
  13:startup_gcc.c **** // 
  14:startup_gcc.c **** // THIS SOFTWARE IS PROVIDED "AS IS" AND WITH ALL FAULTS.
  15:startup_gcc.c **** // NO WARRANTIES, WHETHER EXPRESS, IMPLIED OR STATUTORY, INCLUDING, BUT
  16:startup_gcc.c **** // NOT LIMITED TO, IMPLIED WARRANTIES OF MERCHANTABILITY AND FITNESS FOR
  17:startup_gcc.c **** // A PARTICULAR PURPOSE APPLY TO THIS SOFTWARE. TI SHALL NOT, UNDER ANY
  18:startup_gcc.c **** // CIRCUMSTANCES, BE LIABLE FOR SPECIAL, INCIDENTAL, OR CONSEQUENTIAL
  19:startup_gcc.c **** // DAMAGES, FOR ANY REASON WHATSOEVER.
  20:startup_gcc.c **** // 
  21:startup_gcc.c **** // This is part of revision 2.1.0.12573 of the EK-TM4C1294XL Firmware Package.
  22:startup_gcc.c **** //
  23:startup_gcc.c **** //*****************************************************************************
  24:startup_gcc.c **** 
  25:startup_gcc.c **** #include <stdint.h>
  26:startup_gcc.c **** #include "hw_nvic.h"
  27:startup_gcc.c **** #include "hw_types.h"
  28:startup_gcc.c **** 
  29:startup_gcc.c **** //*****************************************************************************
  30:startup_gcc.c **** //
  31:startup_gcc.c **** // Forward declaration of the default fault handlers.
  32:startup_gcc.c **** //
  33:startup_gcc.c **** //*****************************************************************************
  34:startup_gcc.c **** void ResetISR(void);
ARM GAS  C:\Users\Diogo\AppData\Local\Temp\cciwJ6rh.s 			page 2


  35:startup_gcc.c **** static void NmiSR(void);
  36:startup_gcc.c **** static void FaultISR(void);
  37:startup_gcc.c **** static void IntDefaultHandler(void);
  38:startup_gcc.c **** 
  39:startup_gcc.c **** //*****************************************************************************
  40:startup_gcc.c **** //
  41:startup_gcc.c **** // The entry point for the application.
  42:startup_gcc.c **** //
  43:startup_gcc.c **** //*****************************************************************************
  44:startup_gcc.c **** extern int main(void);
  45:startup_gcc.c **** 
  46:startup_gcc.c **** //*****************************************************************************
  47:startup_gcc.c **** //
  48:startup_gcc.c **** // Reserve space for the system stack.
  49:startup_gcc.c **** //
  50:startup_gcc.c **** //*****************************************************************************
  51:startup_gcc.c **** static uint32_t pui32Stack[128];
  52:startup_gcc.c **** 
  53:startup_gcc.c **** //*****************************************************************************
  54:startup_gcc.c **** //
  55:startup_gcc.c **** // The vector table.  Note that the proper constructs must be placed on this to
  56:startup_gcc.c **** // ensure that it ends up at physical address 0x0000.0000.
  57:startup_gcc.c **** //
  58:startup_gcc.c **** //*****************************************************************************
  59:startup_gcc.c **** __attribute__ ((section(".isr_vector")))
  60:startup_gcc.c **** void (* const g_pfnVectors[])(void) =
  61:startup_gcc.c **** {
  62:startup_gcc.c ****     (void (*)(void))((uint32_t)pui32Stack + sizeof(pui32Stack)),
  63:startup_gcc.c ****                                             // The initial stack pointer
  64:startup_gcc.c ****     ResetISR,                               // The reset handler
  65:startup_gcc.c ****     NmiSR,                                  // The NMI handler
  66:startup_gcc.c ****     FaultISR,                               // The hard fault handler
  67:startup_gcc.c ****     IntDefaultHandler,                      // The MPU fault handler
  68:startup_gcc.c ****     IntDefaultHandler,                      // The bus fault handler
  69:startup_gcc.c ****     IntDefaultHandler,                      // The usage fault handler
  70:startup_gcc.c ****     0,                                      // Reserved
  71:startup_gcc.c ****     0,                                      // Reserved
  72:startup_gcc.c ****     0,                                      // Reserved
  73:startup_gcc.c ****     0,                                      // Reserved
  74:startup_gcc.c ****     IntDefaultHandler,                      // SVCall handler
  75:startup_gcc.c ****     IntDefaultHandler,                      // Debug monitor handler
  76:startup_gcc.c ****     0,                                      // Reserved
  77:startup_gcc.c ****     IntDefaultHandler,                      // The PendSV handler
  78:startup_gcc.c ****     IntDefaultHandler,                      // The SysTick handler
  79:startup_gcc.c ****     IntDefaultHandler,                      // GPIO Port A
  80:startup_gcc.c ****     IntDefaultHandler,                      // GPIO Port B
  81:startup_gcc.c ****     IntDefaultHandler,                      // GPIO Port C
  82:startup_gcc.c ****     IntDefaultHandler,                      // GPIO Port D
  83:startup_gcc.c ****     IntDefaultHandler,                      // GPIO Port E
  84:startup_gcc.c ****     IntDefaultHandler,                      // UART0 Rx and Tx
  85:startup_gcc.c ****     IntDefaultHandler,                      // UART1 Rx and Tx
  86:startup_gcc.c ****     IntDefaultHandler,                      // SSI0 Rx and Tx
  87:startup_gcc.c ****     IntDefaultHandler,                      // I2C0 Master and Slave
  88:startup_gcc.c ****     IntDefaultHandler,                      // PWM Fault
  89:startup_gcc.c ****     IntDefaultHandler,                      // PWM Generator 0
  90:startup_gcc.c ****     IntDefaultHandler,                      // PWM Generator 1
  91:startup_gcc.c ****     IntDefaultHandler,                      // PWM Generator 2
ARM GAS  C:\Users\Diogo\AppData\Local\Temp\cciwJ6rh.s 			page 3


  92:startup_gcc.c ****     IntDefaultHandler,                      // Quadrature Encoder 0
  93:startup_gcc.c ****     IntDefaultHandler,                      // ADC Sequence 0
  94:startup_gcc.c ****     IntDefaultHandler,                      // ADC Sequence 1
  95:startup_gcc.c ****     IntDefaultHandler,                      // ADC Sequence 2
  96:startup_gcc.c ****     IntDefaultHandler,                      // ADC Sequence 3
  97:startup_gcc.c ****     IntDefaultHandler,                      // Watchdog timer
  98:startup_gcc.c ****     IntDefaultHandler,                      // Timer 0 subtimer A
  99:startup_gcc.c ****     IntDefaultHandler,                      // Timer 0 subtimer B
 100:startup_gcc.c ****     IntDefaultHandler,                      // Timer 1 subtimer A
 101:startup_gcc.c ****     IntDefaultHandler,                      // Timer 1 subtimer B
 102:startup_gcc.c ****     IntDefaultHandler,                      // Timer 2 subtimer A
 103:startup_gcc.c ****     IntDefaultHandler,                      // Timer 2 subtimer B
 104:startup_gcc.c ****     IntDefaultHandler,                      // Analog Comparator 0
 105:startup_gcc.c ****     IntDefaultHandler,                      // Analog Comparator 1
 106:startup_gcc.c ****     IntDefaultHandler,                      // Analog Comparator 2
 107:startup_gcc.c ****     IntDefaultHandler,                      // System Control (PLL, OSC, BO)
 108:startup_gcc.c ****     IntDefaultHandler,                      // FLASH Control
 109:startup_gcc.c ****     IntDefaultHandler,                      // GPIO Port F
 110:startup_gcc.c ****     IntDefaultHandler,                      // GPIO Port G
 111:startup_gcc.c ****     IntDefaultHandler,                      // GPIO Port H
 112:startup_gcc.c ****     IntDefaultHandler,                      // UART2 Rx and Tx
 113:startup_gcc.c ****     IntDefaultHandler,                      // SSI1 Rx and Tx
 114:startup_gcc.c ****     IntDefaultHandler,                      // Timer 3 subtimer A
 115:startup_gcc.c ****     IntDefaultHandler,                      // Timer 3 subtimer B
 116:startup_gcc.c ****     IntDefaultHandler,                      // I2C1 Master and Slave
 117:startup_gcc.c ****     IntDefaultHandler,                      // CAN0
 118:startup_gcc.c ****     IntDefaultHandler,                      // CAN1
 119:startup_gcc.c ****     IntDefaultHandler,                      // Ethernet
 120:startup_gcc.c ****     IntDefaultHandler,                      // Hibernate
 121:startup_gcc.c ****     IntDefaultHandler,                      // USB0
 122:startup_gcc.c ****     IntDefaultHandler,                      // PWM Generator 3
 123:startup_gcc.c ****     IntDefaultHandler,                      // uDMA Software Transfer
 124:startup_gcc.c ****     IntDefaultHandler,                      // uDMA Error
 125:startup_gcc.c ****     IntDefaultHandler,                      // ADC1 Sequence 0
 126:startup_gcc.c ****     IntDefaultHandler,                      // ADC1 Sequence 1
 127:startup_gcc.c ****     IntDefaultHandler,                      // ADC1 Sequence 2
 128:startup_gcc.c ****     IntDefaultHandler,                      // ADC1 Sequence 3
 129:startup_gcc.c ****     IntDefaultHandler,                      // External Bus Interface 0
 130:startup_gcc.c ****     IntDefaultHandler,                      // GPIO Port J
 131:startup_gcc.c ****     IntDefaultHandler,                      // GPIO Port K
 132:startup_gcc.c ****     IntDefaultHandler,                      // GPIO Port L
 133:startup_gcc.c ****     IntDefaultHandler,                      // SSI2 Rx and Tx
 134:startup_gcc.c ****     IntDefaultHandler,                      // SSI3 Rx and Tx
 135:startup_gcc.c ****     IntDefaultHandler,                      // UART3 Rx and Tx
 136:startup_gcc.c ****     IntDefaultHandler,                      // UART4 Rx and Tx
 137:startup_gcc.c ****     IntDefaultHandler,                      // UART5 Rx and Tx
 138:startup_gcc.c ****     IntDefaultHandler,                      // UART6 Rx and Tx
 139:startup_gcc.c ****     IntDefaultHandler,                      // UART7 Rx and Tx
 140:startup_gcc.c ****     IntDefaultHandler,                      // I2C2 Master and Slave
 141:startup_gcc.c ****     IntDefaultHandler,                      // I2C3 Master and Slave
 142:startup_gcc.c ****     IntDefaultHandler,                      // Timer 4 subtimer A
 143:startup_gcc.c ****     IntDefaultHandler,                      // Timer 4 subtimer B
 144:startup_gcc.c ****     IntDefaultHandler,                      // Timer 5 subtimer A
 145:startup_gcc.c ****     IntDefaultHandler,                      // Timer 5 subtimer B
 146:startup_gcc.c ****     IntDefaultHandler,                      // FPU
 147:startup_gcc.c ****     0,                                      // Reserved
 148:startup_gcc.c ****     0,                                      // Reserved
ARM GAS  C:\Users\Diogo\AppData\Local\Temp\cciwJ6rh.s 			page 4


 149:startup_gcc.c ****     IntDefaultHandler,                      // I2C4 Master and Slave
 150:startup_gcc.c ****     IntDefaultHandler,                      // I2C5 Master and Slave
 151:startup_gcc.c ****     IntDefaultHandler,                      // GPIO Port M
 152:startup_gcc.c ****     IntDefaultHandler,                      // GPIO Port N
 153:startup_gcc.c ****     0,                                      // Reserved
 154:startup_gcc.c ****     IntDefaultHandler,                      // Tamper
 155:startup_gcc.c ****     IntDefaultHandler,                      // GPIO Port P (Summary or P0)
 156:startup_gcc.c ****     IntDefaultHandler,                      // GPIO Port P1
 157:startup_gcc.c ****     IntDefaultHandler,                      // GPIO Port P2
 158:startup_gcc.c ****     IntDefaultHandler,                      // GPIO Port P3
 159:startup_gcc.c ****     IntDefaultHandler,                      // GPIO Port P4
 160:startup_gcc.c ****     IntDefaultHandler,                      // GPIO Port P5
 161:startup_gcc.c ****     IntDefaultHandler,                      // GPIO Port P6
 162:startup_gcc.c ****     IntDefaultHandler,                      // GPIO Port P7
 163:startup_gcc.c ****     IntDefaultHandler,                      // GPIO Port Q (Summary or Q0)
 164:startup_gcc.c ****     IntDefaultHandler,                      // GPIO Port Q1
 165:startup_gcc.c ****     IntDefaultHandler,                      // GPIO Port Q2
 166:startup_gcc.c ****     IntDefaultHandler,                      // GPIO Port Q3
 167:startup_gcc.c ****     IntDefaultHandler,                      // GPIO Port Q4
 168:startup_gcc.c ****     IntDefaultHandler,                      // GPIO Port Q5
 169:startup_gcc.c ****     IntDefaultHandler,                      // GPIO Port Q6
 170:startup_gcc.c ****     IntDefaultHandler,                      // GPIO Port Q7
 171:startup_gcc.c ****     IntDefaultHandler,                      // GPIO Port R
 172:startup_gcc.c ****     IntDefaultHandler,                      // GPIO Port S
 173:startup_gcc.c ****     IntDefaultHandler,                      // SHA/MD5 0
 174:startup_gcc.c ****     IntDefaultHandler,                      // AES 0
 175:startup_gcc.c ****     IntDefaultHandler,                      // DES3DES 0
 176:startup_gcc.c ****     IntDefaultHandler,                      // LCD Controller 0
 177:startup_gcc.c ****     IntDefaultHandler,                      // Timer 6 subtimer A
 178:startup_gcc.c ****     IntDefaultHandler,                      // Timer 6 subtimer B
 179:startup_gcc.c ****     IntDefaultHandler,                      // Timer 7 subtimer A
 180:startup_gcc.c ****     IntDefaultHandler,                      // Timer 7 subtimer B
 181:startup_gcc.c ****     IntDefaultHandler,                      // I2C6 Master and Slave
 182:startup_gcc.c ****     IntDefaultHandler,                      // I2C7 Master and Slave
 183:startup_gcc.c ****     IntDefaultHandler,                      // HIM Scan Matrix Keyboard 0
 184:startup_gcc.c ****     IntDefaultHandler,                      // One Wire 0
 185:startup_gcc.c ****     IntDefaultHandler,                      // HIM PS/2 0
 186:startup_gcc.c ****     IntDefaultHandler,                      // HIM LED Sequencer 0
 187:startup_gcc.c ****     IntDefaultHandler,                      // HIM Consumer IR 0
 188:startup_gcc.c ****     IntDefaultHandler,                      // I2C8 Master and Slave
 189:startup_gcc.c ****     IntDefaultHandler,                      // I2C9 Master and Slave
 190:startup_gcc.c ****     IntDefaultHandler                       // GPIO Port T
 191:startup_gcc.c **** };
 192:startup_gcc.c **** 
 193:startup_gcc.c **** //*****************************************************************************
 194:startup_gcc.c **** //
 195:startup_gcc.c **** // The following are constructs created by the linker, indicating where the
 196:startup_gcc.c **** // the "data" and "bss" segments reside in memory.  The initializers for the
 197:startup_gcc.c **** // for the "data" segment resides immediately following the "text" segment.
 198:startup_gcc.c **** //
 199:startup_gcc.c **** //*****************************************************************************
 200:startup_gcc.c **** extern uint32_t _etext;
 201:startup_gcc.c **** extern uint32_t _data;
 202:startup_gcc.c **** extern uint32_t _edata;
 203:startup_gcc.c **** extern uint32_t _bss;
 204:startup_gcc.c **** extern uint32_t _ebss;
 205:startup_gcc.c **** 
ARM GAS  C:\Users\Diogo\AppData\Local\Temp\cciwJ6rh.s 			page 5


 206:startup_gcc.c **** //*****************************************************************************
 207:startup_gcc.c **** //
 208:startup_gcc.c **** // This is the code that gets called when the processor first starts execution
 209:startup_gcc.c **** // following a reset event.  Only the absolutely necessary set is performed,
 210:startup_gcc.c **** // after which the application supplied entry() routine is called.  Any fancy
 211:startup_gcc.c **** // actions (such as making decisions based on the reset cause register, and
 212:startup_gcc.c **** // resetting the bits in that register) are left solely in the hands of the
 213:startup_gcc.c **** // application.
 214:startup_gcc.c **** //
 215:startup_gcc.c **** //*****************************************************************************
 216:startup_gcc.c **** void
 217:startup_gcc.c **** ResetISR(void)
 218:startup_gcc.c **** {
 219:startup_gcc.c ****     uint32_t *pui32Src, *pui32Dest;
 220:startup_gcc.c **** 
 221:startup_gcc.c ****     //
 222:startup_gcc.c ****     // Copy the data segment initializers from flash to SRAM.
 223:startup_gcc.c ****     //
 224:startup_gcc.c ****     pui32Src = &_etext;
 225:startup_gcc.c ****     for(pui32Dest = &_data; pui32Dest < &_edata; )
 226:startup_gcc.c ****     {
 227:startup_gcc.c ****         *pui32Dest++ = *pui32Src++;
 228:startup_gcc.c ****     }
 229:startup_gcc.c **** 
 230:startup_gcc.c ****     //
 231:startup_gcc.c ****     // Zero fill the bss segment.
 232:startup_gcc.c ****     //
 233:startup_gcc.c ****     __asm("    ldr     r0, =_bss\n"
 234:startup_gcc.c ****           "    ldr     r1, =_ebss\n"
 235:startup_gcc.c ****           "    mov     r2, #0\n"
 236:startup_gcc.c ****           "    .thumb_func\n"
 237:startup_gcc.c ****           "zero_loop:\n"
 238:startup_gcc.c ****           "        cmp     r0, r1\n"
 239:startup_gcc.c ****           "        it      lt\n"
 240:startup_gcc.c ****           "        strlt   r2, [r0], #4\n"
 241:startup_gcc.c ****           "        blt     zero_loop");
 242:startup_gcc.c **** 
 243:startup_gcc.c ****     //
 244:startup_gcc.c ****     // Enable the floating-point unit.  This must be done here to handle the
 245:startup_gcc.c ****     // case where main() uses floating-point and the function prologue saves
 246:startup_gcc.c ****     // floating-point registers (which will fault if floating-point is not
 247:startup_gcc.c ****     // enabled).  Any configuration of the floating-point unit using DriverLib
 248:startup_gcc.c ****     // APIs must be done here prior to the floating-point unit being enabled.
 249:startup_gcc.c ****     //
 250:startup_gcc.c ****     // Note that this does not use DriverLib since it might not be included in
 251:startup_gcc.c ****     // this project.
 252:startup_gcc.c ****     //
 253:startup_gcc.c ****     HWREG(NVIC_CPAC) = ((HWREG(NVIC_CPAC) &
 254:startup_gcc.c ****                          ~(NVIC_CPAC_CP10_M | NVIC_CPAC_CP11_M)) |
 255:startup_gcc.c ****                         NVIC_CPAC_CP10_FULL | NVIC_CPAC_CP11_FULL);
 256:startup_gcc.c **** 
 257:startup_gcc.c ****     //
 258:startup_gcc.c ****     // Call the application's entry point.
 259:startup_gcc.c ****     //
 260:startup_gcc.c ****     main();
 261:startup_gcc.c **** }
 262:startup_gcc.c **** 
ARM GAS  C:\Users\Diogo\AppData\Local\Temp\cciwJ6rh.s 			page 6


 263:startup_gcc.c **** //*****************************************************************************
 264:startup_gcc.c **** //
 265:startup_gcc.c **** // This is the code that gets called when the processor receives a NMI.  This
 266:startup_gcc.c **** // simply enters an infinite loop, preserving the system state for examination
 267:startup_gcc.c **** // by a debugger.
 268:startup_gcc.c **** //
 269:startup_gcc.c **** //*****************************************************************************
 270:startup_gcc.c **** static void
 271:startup_gcc.c **** NmiSR(void)
 272:startup_gcc.c **** {
  24              		.loc 1 272 0
  25              		.cfi_startproc
  26              		@ Volatile: function does not return.
  27              		@ args = 0, pretend = 0, frame = 0
  28              		@ frame_needed = 0, uses_anonymous_args = 0
  29              		@ link register save eliminated.
  30              	.L2:
  31 0000 FEE7     		b	.L2
  32              		.cfi_endproc
  33              	.LFE1:
  34              		.size	NmiSR, .-NmiSR
  35              		.align	1
  36              		.syntax unified
  37              		.thumb
  38              		.thumb_func
  39              		.fpu softvfp
  40              		.type	FaultISR, %function
  41              	FaultISR:
  42              	.LFB2:
 273:startup_gcc.c ****     //
 274:startup_gcc.c ****     // Enter an infinite loop.
 275:startup_gcc.c ****     //
 276:startup_gcc.c ****     while(1)
 277:startup_gcc.c ****     {
 278:startup_gcc.c ****     }
 279:startup_gcc.c **** }
 280:startup_gcc.c **** 
 281:startup_gcc.c **** //*****************************************************************************
 282:startup_gcc.c **** //
 283:startup_gcc.c **** // This is the code that gets called when the processor receives a fault
 284:startup_gcc.c **** // interrupt.  This simply enters an infinite loop, preserving the system state
 285:startup_gcc.c **** // for examination by a debugger.
 286:startup_gcc.c **** //
 287:startup_gcc.c **** //*****************************************************************************
 288:startup_gcc.c **** static void
 289:startup_gcc.c **** FaultISR(void)
 290:startup_gcc.c **** {
  43              		.loc 1 290 0
  44              		.cfi_startproc
  45              		@ Volatile: function does not return.
  46              		@ args = 0, pretend = 0, frame = 0
  47              		@ frame_needed = 0, uses_anonymous_args = 0
  48              		@ link register save eliminated.
  49              	.L4:
  50 0002 FEE7     		b	.L4
  51              		.cfi_endproc
  52              	.LFE2:
ARM GAS  C:\Users\Diogo\AppData\Local\Temp\cciwJ6rh.s 			page 7


  53              		.size	FaultISR, .-FaultISR
  54              		.align	1
  55              		.syntax unified
  56              		.thumb
  57              		.thumb_func
  58              		.fpu softvfp
  59              		.type	IntDefaultHandler, %function
  60              	IntDefaultHandler:
  61              	.LFB3:
 291:startup_gcc.c ****     //
 292:startup_gcc.c ****     // Enter an infinite loop.
 293:startup_gcc.c ****     //
 294:startup_gcc.c ****     while(1)
 295:startup_gcc.c ****     {
 296:startup_gcc.c ****     }
 297:startup_gcc.c **** }
 298:startup_gcc.c **** 
 299:startup_gcc.c **** //*****************************************************************************
 300:startup_gcc.c **** //
 301:startup_gcc.c **** // This is the code that gets called when the processor receives an unexpected
 302:startup_gcc.c **** // interrupt.  This simply enters an infinite loop, preserving the system state
 303:startup_gcc.c **** // for examination by a debugger.
 304:startup_gcc.c **** //
 305:startup_gcc.c **** //*****************************************************************************
 306:startup_gcc.c **** static void
 307:startup_gcc.c **** IntDefaultHandler(void)
 308:startup_gcc.c **** {
  62              		.loc 1 308 0
  63              		.cfi_startproc
  64              		@ Volatile: function does not return.
  65              		@ args = 0, pretend = 0, frame = 0
  66              		@ frame_needed = 0, uses_anonymous_args = 0
  67              		@ link register save eliminated.
  68              	.L6:
  69 0004 FEE7     		b	.L6
  70              		.cfi_endproc
  71              	.LFE3:
  72              		.size	IntDefaultHandler, .-IntDefaultHandler
  73              		.align	1
  74              		.global	ResetISR
  75              		.syntax unified
  76              		.thumb
  77              		.thumb_func
  78              		.fpu softvfp
  79              		.type	ResetISR, %function
  80              	ResetISR:
  81              	.LFB0:
 218:startup_gcc.c ****     uint32_t *pui32Src, *pui32Dest;
  82              		.loc 1 218 0
  83              		.cfi_startproc
  84              		@ args = 0, pretend = 0, frame = 0
  85              		@ frame_needed = 0, uses_anonymous_args = 0
 218:startup_gcc.c ****     uint32_t *pui32Src, *pui32Dest;
  86              		.loc 1 218 0
  87 0006 08B5     		push	{r3, lr}
  88              	.LCFI0:
  89              		.cfi_def_cfa_offset 8
ARM GAS  C:\Users\Diogo\AppData\Local\Temp\cciwJ6rh.s 			page 8


  90              		.cfi_offset 3, -8
  91              		.cfi_offset 14, -4
  92              	.LVL0:
 225:startup_gcc.c ****     {
  93              		.loc 1 225 0
  94 0008 114A     		ldr	r2, .L11
  95 000a 124B     		ldr	r3, .L11+4
  96 000c 9A42     		cmp	r2, r3
  97 000e 0DD2     		bcs	.L8
  98 0010 1346     		mov	r3, r2
  99 0012 0432     		adds	r2, r2, #4
 100 0014 1049     		ldr	r1, .L11+8
 101 0016 891A     		subs	r1, r1, r2
 102 0018 21F00301 		bic	r1, r1, #3
 103 001c 1144     		add	r1, r1, r2
 224:startup_gcc.c ****     for(pui32Dest = &_data; pui32Dest < &_edata; )
 104              		.loc 1 224 0
 105 001e 0F4A     		ldr	r2, .L11+12
 106              	.LVL1:
 107              	.L9:
 227:startup_gcc.c ****     }
 108              		.loc 1 227 0
 109 0020 52F8040B 		ldr	r0, [r2], #4
 110              	.LVL2:
 111 0024 43F8040B 		str	r0, [r3], #4
 112              	.LVL3:
 225:startup_gcc.c ****     {
 113              		.loc 1 225 0
 114 0028 8B42     		cmp	r3, r1
 115 002a F9D1     		bne	.L9
 116              	.LVL4:
 117              	.L8:
 233:startup_gcc.c ****           "    ldr     r1, =_ebss\n"
 118              		.loc 1 233 0
 119              		.syntax unified
 120              	@ 233 "startup_gcc.c" 1
 121 002c 0D48     		    ldr     r0, =_bss
 122 002e 0E49     	    ldr     r1, =_ebss
 123 0030 4FF00002 	    mov     r2, #0
 124              	    .thumb_func
 125              	zero_loop:
 126 0034 8842     	        cmp     r0, r1
 127 0036 B8BF     	        it      lt
 128 0038 40F8042B 	        strlt   r2, [r0], #4
 129 003c FADB     	        blt     zero_loop
 130              	@ 0 "" 2
 253:startup_gcc.c ****                          ~(NVIC_CPAC_CP10_M | NVIC_CPAC_CP11_M)) |
 131              		.loc 1 253 0
 132              		.thumb
 133              		.syntax unified
 134 003e 084A     		ldr	r2, .L11+16
 135 0040 1368     		ldr	r3, [r2]
 255:startup_gcc.c **** 
 136              		.loc 1 255 0
 137 0042 43F47003 		orr	r3, r3, #15728640
 253:startup_gcc.c ****                          ~(NVIC_CPAC_CP10_M | NVIC_CPAC_CP11_M)) |
 138              		.loc 1 253 0
ARM GAS  C:\Users\Diogo\AppData\Local\Temp\cciwJ6rh.s 			page 9


 139 0046 1360     		str	r3, [r2]
 260:startup_gcc.c **** }
 140              		.loc 1 260 0
 141 0048 FFF7FEFF 		bl	main
 142              	.LVL5:
 261:startup_gcc.c **** 
 143              		.loc 1 261 0
 144 004c 08BD     		pop	{r3, pc}
 145              	.L12:
 146 004e 00BF     		.align	2
 147              	.L11:
 148 0050 00000000 		.word	_data
 149 0054 00000000 		.word	_edata
 150 0058 03000000 		.word	_edata+3
 151 005c 00000000 		.word	_etext
 152 0060 88ED00E0 		.word	-536810104
 153              		.cfi_endproc
 154              	.LFE0:
 155              		.size	ResetISR, .-ResetISR
 156              		.global	g_pfnVectors
 157              		.bss
 158              		.align	2
 159              		.type	pui32Stack, %object
 160              		.size	pui32Stack, 512
 161              	pui32Stack:
 162 0000 00000000 		.space	512
 162      00000000 
 162      00000000 
 162      00000000 
 162      00000000 
 163              		.section	.isr_vector,"a",%progbits
 164              		.align	2
 165              		.type	g_pfnVectors, %object
 166              		.size	g_pfnVectors, 512
 167              	g_pfnVectors:
 168 0000 00020000 		.word	pui32Stack+512
 169 0004 00000000 		.word	ResetISR
 170 0008 00000000 		.word	NmiSR
 171 000c 00000000 		.word	FaultISR
 172 0010 00000000 		.word	IntDefaultHandler
 173 0014 00000000 		.word	IntDefaultHandler
 174 0018 00000000 		.word	IntDefaultHandler
 175 001c 00000000 		.word	0
 176 0020 00000000 		.word	0
 177 0024 00000000 		.word	0
 178 0028 00000000 		.word	0
 179 002c 00000000 		.word	IntDefaultHandler
 180 0030 00000000 		.word	IntDefaultHandler
 181 0034 00000000 		.word	0
 182 0038 00000000 		.word	IntDefaultHandler
 183 003c 00000000 		.word	IntDefaultHandler
 184 0040 00000000 		.word	IntDefaultHandler
 185 0044 00000000 		.word	IntDefaultHandler
 186 0048 00000000 		.word	IntDefaultHandler
 187 004c 00000000 		.word	IntDefaultHandler
 188 0050 00000000 		.word	IntDefaultHandler
 189 0054 00000000 		.word	IntDefaultHandler
ARM GAS  C:\Users\Diogo\AppData\Local\Temp\cciwJ6rh.s 			page 10


 190 0058 00000000 		.word	IntDefaultHandler
 191 005c 00000000 		.word	IntDefaultHandler
 192 0060 00000000 		.word	IntDefaultHandler
 193 0064 00000000 		.word	IntDefaultHandler
 194 0068 00000000 		.word	IntDefaultHandler
 195 006c 00000000 		.word	IntDefaultHandler
 196 0070 00000000 		.word	IntDefaultHandler
 197 0074 00000000 		.word	IntDefaultHandler
 198 0078 00000000 		.word	IntDefaultHandler
 199 007c 00000000 		.word	IntDefaultHandler
 200 0080 00000000 		.word	IntDefaultHandler
 201 0084 00000000 		.word	IntDefaultHandler
 202 0088 00000000 		.word	IntDefaultHandler
 203 008c 00000000 		.word	IntDefaultHandler
 204 0090 00000000 		.word	IntDefaultHandler
 205 0094 00000000 		.word	IntDefaultHandler
 206 0098 00000000 		.word	IntDefaultHandler
 207 009c 00000000 		.word	IntDefaultHandler
 208 00a0 00000000 		.word	IntDefaultHandler
 209 00a4 00000000 		.word	IntDefaultHandler
 210 00a8 00000000 		.word	IntDefaultHandler
 211 00ac 00000000 		.word	IntDefaultHandler
 212 00b0 00000000 		.word	IntDefaultHandler
 213 00b4 00000000 		.word	IntDefaultHandler
 214 00b8 00000000 		.word	IntDefaultHandler
 215 00bc 00000000 		.word	IntDefaultHandler
 216 00c0 00000000 		.word	IntDefaultHandler
 217 00c4 00000000 		.word	IntDefaultHandler
 218 00c8 00000000 		.word	IntDefaultHandler
 219 00cc 00000000 		.word	IntDefaultHandler
 220 00d0 00000000 		.word	IntDefaultHandler
 221 00d4 00000000 		.word	IntDefaultHandler
 222 00d8 00000000 		.word	IntDefaultHandler
 223 00dc 00000000 		.word	IntDefaultHandler
 224 00e0 00000000 		.word	IntDefaultHandler
 225 00e4 00000000 		.word	IntDefaultHandler
 226 00e8 00000000 		.word	IntDefaultHandler
 227 00ec 00000000 		.word	IntDefaultHandler
 228 00f0 00000000 		.word	IntDefaultHandler
 229 00f4 00000000 		.word	IntDefaultHandler
 230 00f8 00000000 		.word	IntDefaultHandler
 231 00fc 00000000 		.word	IntDefaultHandler
 232 0100 00000000 		.word	IntDefaultHandler
 233 0104 00000000 		.word	IntDefaultHandler
 234 0108 00000000 		.word	IntDefaultHandler
 235 010c 00000000 		.word	IntDefaultHandler
 236 0110 00000000 		.word	IntDefaultHandler
 237 0114 00000000 		.word	IntDefaultHandler
 238 0118 00000000 		.word	IntDefaultHandler
 239 011c 00000000 		.word	IntDefaultHandler
 240 0120 00000000 		.word	IntDefaultHandler
 241 0124 00000000 		.word	IntDefaultHandler
 242 0128 00000000 		.word	IntDefaultHandler
 243 012c 00000000 		.word	IntDefaultHandler
 244 0130 00000000 		.word	IntDefaultHandler
 245 0134 00000000 		.word	IntDefaultHandler
 246 0138 00000000 		.word	IntDefaultHandler
ARM GAS  C:\Users\Diogo\AppData\Local\Temp\cciwJ6rh.s 			page 11


 247 013c 00000000 		.word	IntDefaultHandler
 248 0140 00000000 		.word	IntDefaultHandler
 249 0144 00000000 		.word	IntDefaultHandler
 250 0148 00000000 		.word	IntDefaultHandler
 251 014c 00000000 		.word	IntDefaultHandler
 252 0150 00000000 		.word	0
 253 0154 00000000 		.word	0
 254 0158 00000000 		.word	IntDefaultHandler
 255 015c 00000000 		.word	IntDefaultHandler
 256 0160 00000000 		.word	IntDefaultHandler
 257 0164 00000000 		.word	IntDefaultHandler
 258 0168 00000000 		.word	0
 259 016c 00000000 		.word	IntDefaultHandler
 260 0170 00000000 		.word	IntDefaultHandler
 261 0174 00000000 		.word	IntDefaultHandler
 262 0178 00000000 		.word	IntDefaultHandler
 263 017c 00000000 		.word	IntDefaultHandler
 264 0180 00000000 		.word	IntDefaultHandler
 265 0184 00000000 		.word	IntDefaultHandler
 266 0188 00000000 		.word	IntDefaultHandler
 267 018c 00000000 		.word	IntDefaultHandler
 268 0190 00000000 		.word	IntDefaultHandler
 269 0194 00000000 		.word	IntDefaultHandler
 270 0198 00000000 		.word	IntDefaultHandler
 271 019c 00000000 		.word	IntDefaultHandler
 272 01a0 00000000 		.word	IntDefaultHandler
 273 01a4 00000000 		.word	IntDefaultHandler
 274 01a8 00000000 		.word	IntDefaultHandler
 275 01ac 00000000 		.word	IntDefaultHandler
 276 01b0 00000000 		.word	IntDefaultHandler
 277 01b4 00000000 		.word	IntDefaultHandler
 278 01b8 00000000 		.word	IntDefaultHandler
 279 01bc 00000000 		.word	IntDefaultHandler
 280 01c0 00000000 		.word	IntDefaultHandler
 281 01c4 00000000 		.word	IntDefaultHandler
 282 01c8 00000000 		.word	IntDefaultHandler
 283 01cc 00000000 		.word	IntDefaultHandler
 284 01d0 00000000 		.word	IntDefaultHandler
 285 01d4 00000000 		.word	IntDefaultHandler
 286 01d8 00000000 		.word	IntDefaultHandler
 287 01dc 00000000 		.word	IntDefaultHandler
 288 01e0 00000000 		.word	IntDefaultHandler
 289 01e4 00000000 		.word	IntDefaultHandler
 290 01e8 00000000 		.word	IntDefaultHandler
 291 01ec 00000000 		.word	IntDefaultHandler
 292 01f0 00000000 		.word	IntDefaultHandler
 293 01f4 00000000 		.word	IntDefaultHandler
 294 01f8 00000000 		.word	IntDefaultHandler
 295 01fc 00000000 		.word	IntDefaultHandler
 296              		.text
 297              	.Letext0:
 298              		.file 2 "c:\\program files (x86)\\gnu tools arm embedded\\7 2018-q2-update\\arm-none-eabi\\include
 299              		.file 3 "c:\\program files (x86)\\gnu tools arm embedded\\7 2018-q2-update\\arm-none-eabi\\include
 300              		.section	.debug_info,"",%progbits
 301              	.Ldebug_info0:
 302 0000 A4010000 		.4byte	0x1a4
 303 0004 0200     		.2byte	0x2
ARM GAS  C:\Users\Diogo\AppData\Local\Temp\cciwJ6rh.s 			page 12


 304 0006 00000000 		.4byte	.Ldebug_abbrev0
 305 000a 04       		.byte	0x4
 306 000b 01       		.uleb128 0x1
 307 000c 43010000 		.4byte	.LASF22
 308 0010 0C       		.byte	0xc
 309 0011 C4000000 		.4byte	.LASF23
 310 0015 14000000 		.4byte	.LASF24
 311 0019 00000000 		.4byte	.Ltext0
 312 001d 64000000 		.4byte	.Letext0
 313 0021 00000000 		.4byte	.Ldebug_line0
 314 0025 02       		.uleb128 0x2
 315 0026 01       		.byte	0x1
 316 0027 06       		.byte	0x6
 317 0028 DC010000 		.4byte	.LASF0
 318 002c 02       		.uleb128 0x2
 319 002d 01       		.byte	0x1
 320 002e 08       		.byte	0x8
 321 002f 59000000 		.4byte	.LASF1
 322 0033 02       		.uleb128 0x2
 323 0034 02       		.byte	0x2
 324 0035 05       		.byte	0x5
 325 0036 30010000 		.4byte	.LASF2
 326 003a 02       		.uleb128 0x2
 327 003b 02       		.byte	0x2
 328 003c 07       		.byte	0x7
 329 003d 80000000 		.4byte	.LASF3
 330 0041 02       		.uleb128 0x2
 331 0042 04       		.byte	0x4
 332 0043 05       		.byte	0x5
 333 0044 06000000 		.4byte	.LASF4
 334 0048 03       		.uleb128 0x3
 335 0049 9E000000 		.4byte	.LASF9
 336 004d 02       		.byte	0x2
 337 004e 4F       		.byte	0x4f
 338 004f 53000000 		.4byte	0x53
 339 0053 02       		.uleb128 0x2
 340 0054 04       		.byte	0x4
 341 0055 07       		.byte	0x7
 342 0056 6E000000 		.4byte	.LASF5
 343 005a 02       		.uleb128 0x2
 344 005b 08       		.byte	0x8
 345 005c 05       		.byte	0x5
 346 005d 22010000 		.4byte	.LASF6
 347 0061 02       		.uleb128 0x2
 348 0062 08       		.byte	0x8
 349 0063 07       		.byte	0x7
 350 0064 ED000000 		.4byte	.LASF7
 351 0068 04       		.uleb128 0x4
 352 0069 04       		.byte	0x4
 353 006a 05       		.byte	0x5
 354 006b 696E7400 		.ascii	"int\000"
 355 006f 02       		.uleb128 0x2
 356 0070 04       		.byte	0x4
 357 0071 07       		.byte	0x7
 358 0072 D7000000 		.4byte	.LASF8
 359 0076 03       		.uleb128 0x3
 360 0077 3A010000 		.4byte	.LASF10
ARM GAS  C:\Users\Diogo\AppData\Local\Temp\cciwJ6rh.s 			page 13


 361 007b 03       		.byte	0x3
 362 007c 30       		.byte	0x30
 363 007d 48000000 		.4byte	0x48
 364 0081 05       		.uleb128 0x5
 365 0082 76000000 		.4byte	0x76
 366 0086 91000000 		.4byte	0x91
 367 008a 06       		.uleb128 0x6
 368 008b 6F000000 		.4byte	0x6f
 369 008f 7F       		.byte	0x7f
 370 0090 00       		.byte	0
 371 0091 07       		.uleb128 0x7
 372 0092 93000000 		.4byte	.LASF20
 373 0096 01       		.byte	0x1
 374 0097 33       		.byte	0x33
 375 0098 81000000 		.4byte	0x81
 376 009c 05       		.byte	0x5
 377 009d 03       		.byte	0x3
 378 009e 00000000 		.4byte	pui32Stack
 379 00a2 05       		.uleb128 0x5
 380 00a3 BD000000 		.4byte	0xbd
 381 00a7 B2000000 		.4byte	0xb2
 382 00ab 06       		.uleb128 0x6
 383 00ac 6F000000 		.4byte	0x6f
 384 00b0 7F       		.byte	0x7f
 385 00b1 00       		.byte	0
 386 00b2 08       		.uleb128 0x8
 387 00b3 A2000000 		.4byte	0xa2
 388 00b7 09       		.uleb128 0x9
 389 00b8 04       		.byte	0x4
 390 00b9 C2000000 		.4byte	0xc2
 391 00bd 08       		.uleb128 0x8
 392 00be B7000000 		.4byte	0xb7
 393 00c2 0A       		.uleb128 0xa
 394 00c3 01       		.byte	0x1
 395 00c4 0B       		.uleb128 0xb
 396 00c5 0B010000 		.4byte	.LASF11
 397 00c9 01       		.byte	0x1
 398 00ca 3C       		.byte	0x3c
 399 00cb B2000000 		.4byte	0xb2
 400 00cf 01       		.byte	0x1
 401 00d0 05       		.byte	0x5
 402 00d1 03       		.byte	0x3
 403 00d2 00000000 		.4byte	g_pfnVectors
 404 00d6 0C       		.uleb128 0xc
 405 00d7 04010000 		.4byte	.LASF12
 406 00db 01       		.byte	0x1
 407 00dc C8       		.byte	0xc8
 408 00dd 76000000 		.4byte	0x76
 409 00e1 01       		.byte	0x1
 410 00e2 01       		.byte	0x1
 411 00e3 0C       		.uleb128 0xc
 412 00e4 D0010000 		.4byte	.LASF13
 413 00e8 01       		.byte	0x1
 414 00e9 C9       		.byte	0xc9
 415 00ea 76000000 		.4byte	0x76
 416 00ee 01       		.byte	0x1
 417 00ef 01       		.byte	0x1
ARM GAS  C:\Users\Diogo\AppData\Local\Temp\cciwJ6rh.s 			page 14


 418 00f0 0C       		.uleb128 0xc
 419 00f1 67000000 		.4byte	.LASF14
 420 00f5 01       		.byte	0x1
 421 00f6 CA       		.byte	0xca
 422 00f7 76000000 		.4byte	0x76
 423 00fb 01       		.byte	0x1
 424 00fc 01       		.byte	0x1
 425 00fd 0C       		.uleb128 0xc
 426 00fe 0F000000 		.4byte	.LASF15
 427 0102 01       		.byte	0x1
 428 0103 CB       		.byte	0xcb
 429 0104 76000000 		.4byte	0x76
 430 0108 01       		.byte	0x1
 431 0109 01       		.byte	0x1
 432 010a 0C       		.uleb128 0xc
 433 010b 00000000 		.4byte	.LASF16
 434 010f 01       		.byte	0x1
 435 0110 CC       		.byte	0xcc
 436 0111 76000000 		.4byte	0x76
 437 0115 01       		.byte	0x1
 438 0116 01       		.byte	0x1
 439 0117 0D       		.uleb128 0xd
 440 0118 A9000000 		.4byte	.LASF17
 441 011c 01       		.byte	0x1
 442 011d 3301     		.2byte	0x133
 443 011f 01       		.byte	0x1
 444 0120 04000000 		.4byte	.LFB3
 445 0124 06000000 		.4byte	.LFE3
 446 0128 02       		.byte	0x2
 447 0129 7D       		.byte	0x7d
 448 012a 00       		.sleb128 0
 449 012b 01       		.byte	0x1
 450 012c 0D       		.uleb128 0xd
 451 012d BB000000 		.4byte	.LASF18
 452 0131 01       		.byte	0x1
 453 0132 2101     		.2byte	0x121
 454 0134 01       		.byte	0x1
 455 0135 02000000 		.4byte	.LFB2
 456 0139 04000000 		.4byte	.LFE2
 457 013d 02       		.byte	0x2
 458 013e 7D       		.byte	0x7d
 459 013f 00       		.sleb128 0
 460 0140 01       		.byte	0x1
 461 0141 0D       		.uleb128 0xd
 462 0142 D6010000 		.4byte	.LASF19
 463 0146 01       		.byte	0x1
 464 0147 0F01     		.2byte	0x10f
 465 0149 01       		.byte	0x1
 466 014a 00000000 		.4byte	.LFB1
 467 014e 02000000 		.4byte	.LFE1
 468 0152 02       		.byte	0x2
 469 0153 7D       		.byte	0x7d
 470 0154 00       		.sleb128 0
 471 0155 01       		.byte	0x1
 472 0156 0E       		.uleb128 0xe
 473 0157 01       		.byte	0x1
 474 0158 50000000 		.4byte	.LASF25
ARM GAS  C:\Users\Diogo\AppData\Local\Temp\cciwJ6rh.s 			page 15


 475 015c 01       		.byte	0x1
 476 015d D9       		.byte	0xd9
 477 015e 01       		.byte	0x1
 478 015f 06000000 		.4byte	.LFB0
 479 0163 64000000 		.4byte	.LFE0
 480 0167 00000000 		.4byte	.LLST0
 481 016b 01       		.byte	0x1
 482 016c 94010000 		.4byte	0x194
 483 0170 0F       		.uleb128 0xf
 484 0171 E4000000 		.4byte	.LASF21
 485 0175 01       		.byte	0x1
 486 0176 DB       		.byte	0xdb
 487 0177 94010000 		.4byte	0x194
 488 017b 20000000 		.4byte	.LLST1
 489 017f 10       		.uleb128 0x10
 490 0180 18010000 		.4byte	.LASF26
 491 0184 01       		.byte	0x1
 492 0185 DB       		.byte	0xdb
 493 0186 94010000 		.4byte	0x194
 494 018a 11       		.uleb128 0x11
 495 018b 4C000000 		.4byte	.LVL5
 496 018f 9A010000 		.4byte	0x19a
 497 0193 00       		.byte	0
 498 0194 09       		.uleb128 0x9
 499 0195 04       		.byte	0x4
 500 0196 76000000 		.4byte	0x76
 501 019a 12       		.uleb128 0x12
 502 019b 01       		.byte	0x1
 503 019c 01       		.byte	0x1
 504 019d D2000000 		.4byte	.LASF27
 505 01a1 D2000000 		.4byte	.LASF27
 506 01a5 01       		.byte	0x1
 507 01a6 2C       		.byte	0x2c
 508 01a7 00       		.byte	0
 509              		.section	.debug_abbrev,"",%progbits
 510              	.Ldebug_abbrev0:
 511 0000 01       		.uleb128 0x1
 512 0001 11       		.uleb128 0x11
 513 0002 01       		.byte	0x1
 514 0003 25       		.uleb128 0x25
 515 0004 0E       		.uleb128 0xe
 516 0005 13       		.uleb128 0x13
 517 0006 0B       		.uleb128 0xb
 518 0007 03       		.uleb128 0x3
 519 0008 0E       		.uleb128 0xe
 520 0009 1B       		.uleb128 0x1b
 521 000a 0E       		.uleb128 0xe
 522 000b 11       		.uleb128 0x11
 523 000c 01       		.uleb128 0x1
 524 000d 12       		.uleb128 0x12
 525 000e 01       		.uleb128 0x1
 526 000f 10       		.uleb128 0x10
 527 0010 06       		.uleb128 0x6
 528 0011 00       		.byte	0
 529 0012 00       		.byte	0
 530 0013 02       		.uleb128 0x2
 531 0014 24       		.uleb128 0x24
ARM GAS  C:\Users\Diogo\AppData\Local\Temp\cciwJ6rh.s 			page 16


 532 0015 00       		.byte	0
 533 0016 0B       		.uleb128 0xb
 534 0017 0B       		.uleb128 0xb
 535 0018 3E       		.uleb128 0x3e
 536 0019 0B       		.uleb128 0xb
 537 001a 03       		.uleb128 0x3
 538 001b 0E       		.uleb128 0xe
 539 001c 00       		.byte	0
 540 001d 00       		.byte	0
 541 001e 03       		.uleb128 0x3
 542 001f 16       		.uleb128 0x16
 543 0020 00       		.byte	0
 544 0021 03       		.uleb128 0x3
 545 0022 0E       		.uleb128 0xe
 546 0023 3A       		.uleb128 0x3a
 547 0024 0B       		.uleb128 0xb
 548 0025 3B       		.uleb128 0x3b
 549 0026 0B       		.uleb128 0xb
 550 0027 49       		.uleb128 0x49
 551 0028 13       		.uleb128 0x13
 552 0029 00       		.byte	0
 553 002a 00       		.byte	0
 554 002b 04       		.uleb128 0x4
 555 002c 24       		.uleb128 0x24
 556 002d 00       		.byte	0
 557 002e 0B       		.uleb128 0xb
 558 002f 0B       		.uleb128 0xb
 559 0030 3E       		.uleb128 0x3e
 560 0031 0B       		.uleb128 0xb
 561 0032 03       		.uleb128 0x3
 562 0033 08       		.uleb128 0x8
 563 0034 00       		.byte	0
 564 0035 00       		.byte	0
 565 0036 05       		.uleb128 0x5
 566 0037 01       		.uleb128 0x1
 567 0038 01       		.byte	0x1
 568 0039 49       		.uleb128 0x49
 569 003a 13       		.uleb128 0x13
 570 003b 01       		.uleb128 0x1
 571 003c 13       		.uleb128 0x13
 572 003d 00       		.byte	0
 573 003e 00       		.byte	0
 574 003f 06       		.uleb128 0x6
 575 0040 21       		.uleb128 0x21
 576 0041 00       		.byte	0
 577 0042 49       		.uleb128 0x49
 578 0043 13       		.uleb128 0x13
 579 0044 2F       		.uleb128 0x2f
 580 0045 0B       		.uleb128 0xb
 581 0046 00       		.byte	0
 582 0047 00       		.byte	0
 583 0048 07       		.uleb128 0x7
 584 0049 34       		.uleb128 0x34
 585 004a 00       		.byte	0
 586 004b 03       		.uleb128 0x3
 587 004c 0E       		.uleb128 0xe
 588 004d 3A       		.uleb128 0x3a
ARM GAS  C:\Users\Diogo\AppData\Local\Temp\cciwJ6rh.s 			page 17


 589 004e 0B       		.uleb128 0xb
 590 004f 3B       		.uleb128 0x3b
 591 0050 0B       		.uleb128 0xb
 592 0051 49       		.uleb128 0x49
 593 0052 13       		.uleb128 0x13
 594 0053 02       		.uleb128 0x2
 595 0054 0A       		.uleb128 0xa
 596 0055 00       		.byte	0
 597 0056 00       		.byte	0
 598 0057 08       		.uleb128 0x8
 599 0058 26       		.uleb128 0x26
 600 0059 00       		.byte	0
 601 005a 49       		.uleb128 0x49
 602 005b 13       		.uleb128 0x13
 603 005c 00       		.byte	0
 604 005d 00       		.byte	0
 605 005e 09       		.uleb128 0x9
 606 005f 0F       		.uleb128 0xf
 607 0060 00       		.byte	0
 608 0061 0B       		.uleb128 0xb
 609 0062 0B       		.uleb128 0xb
 610 0063 49       		.uleb128 0x49
 611 0064 13       		.uleb128 0x13
 612 0065 00       		.byte	0
 613 0066 00       		.byte	0
 614 0067 0A       		.uleb128 0xa
 615 0068 15       		.uleb128 0x15
 616 0069 00       		.byte	0
 617 006a 27       		.uleb128 0x27
 618 006b 0C       		.uleb128 0xc
 619 006c 00       		.byte	0
 620 006d 00       		.byte	0
 621 006e 0B       		.uleb128 0xb
 622 006f 34       		.uleb128 0x34
 623 0070 00       		.byte	0
 624 0071 03       		.uleb128 0x3
 625 0072 0E       		.uleb128 0xe
 626 0073 3A       		.uleb128 0x3a
 627 0074 0B       		.uleb128 0xb
 628 0075 3B       		.uleb128 0x3b
 629 0076 0B       		.uleb128 0xb
 630 0077 49       		.uleb128 0x49
 631 0078 13       		.uleb128 0x13
 632 0079 3F       		.uleb128 0x3f
 633 007a 0C       		.uleb128 0xc
 634 007b 02       		.uleb128 0x2
 635 007c 0A       		.uleb128 0xa
 636 007d 00       		.byte	0
 637 007e 00       		.byte	0
 638 007f 0C       		.uleb128 0xc
 639 0080 34       		.uleb128 0x34
 640 0081 00       		.byte	0
 641 0082 03       		.uleb128 0x3
 642 0083 0E       		.uleb128 0xe
 643 0084 3A       		.uleb128 0x3a
 644 0085 0B       		.uleb128 0xb
 645 0086 3B       		.uleb128 0x3b
ARM GAS  C:\Users\Diogo\AppData\Local\Temp\cciwJ6rh.s 			page 18


 646 0087 0B       		.uleb128 0xb
 647 0088 49       		.uleb128 0x49
 648 0089 13       		.uleb128 0x13
 649 008a 3F       		.uleb128 0x3f
 650 008b 0C       		.uleb128 0xc
 651 008c 3C       		.uleb128 0x3c
 652 008d 0C       		.uleb128 0xc
 653 008e 00       		.byte	0
 654 008f 00       		.byte	0
 655 0090 0D       		.uleb128 0xd
 656 0091 2E       		.uleb128 0x2e
 657 0092 00       		.byte	0
 658 0093 03       		.uleb128 0x3
 659 0094 0E       		.uleb128 0xe
 660 0095 3A       		.uleb128 0x3a
 661 0096 0B       		.uleb128 0xb
 662 0097 3B       		.uleb128 0x3b
 663 0098 05       		.uleb128 0x5
 664 0099 27       		.uleb128 0x27
 665 009a 0C       		.uleb128 0xc
 666 009b 11       		.uleb128 0x11
 667 009c 01       		.uleb128 0x1
 668 009d 12       		.uleb128 0x12
 669 009e 01       		.uleb128 0x1
 670 009f 40       		.uleb128 0x40
 671 00a0 0A       		.uleb128 0xa
 672 00a1 9742     		.uleb128 0x2117
 673 00a3 0C       		.uleb128 0xc
 674 00a4 00       		.byte	0
 675 00a5 00       		.byte	0
 676 00a6 0E       		.uleb128 0xe
 677 00a7 2E       		.uleb128 0x2e
 678 00a8 01       		.byte	0x1
 679 00a9 3F       		.uleb128 0x3f
 680 00aa 0C       		.uleb128 0xc
 681 00ab 03       		.uleb128 0x3
 682 00ac 0E       		.uleb128 0xe
 683 00ad 3A       		.uleb128 0x3a
 684 00ae 0B       		.uleb128 0xb
 685 00af 3B       		.uleb128 0x3b
 686 00b0 0B       		.uleb128 0xb
 687 00b1 27       		.uleb128 0x27
 688 00b2 0C       		.uleb128 0xc
 689 00b3 11       		.uleb128 0x11
 690 00b4 01       		.uleb128 0x1
 691 00b5 12       		.uleb128 0x12
 692 00b6 01       		.uleb128 0x1
 693 00b7 40       		.uleb128 0x40
 694 00b8 06       		.uleb128 0x6
 695 00b9 9742     		.uleb128 0x2117
 696 00bb 0C       		.uleb128 0xc
 697 00bc 01       		.uleb128 0x1
 698 00bd 13       		.uleb128 0x13
 699 00be 00       		.byte	0
 700 00bf 00       		.byte	0
 701 00c0 0F       		.uleb128 0xf
 702 00c1 34       		.uleb128 0x34
ARM GAS  C:\Users\Diogo\AppData\Local\Temp\cciwJ6rh.s 			page 19


 703 00c2 00       		.byte	0
 704 00c3 03       		.uleb128 0x3
 705 00c4 0E       		.uleb128 0xe
 706 00c5 3A       		.uleb128 0x3a
 707 00c6 0B       		.uleb128 0xb
 708 00c7 3B       		.uleb128 0x3b
 709 00c8 0B       		.uleb128 0xb
 710 00c9 49       		.uleb128 0x49
 711 00ca 13       		.uleb128 0x13
 712 00cb 02       		.uleb128 0x2
 713 00cc 06       		.uleb128 0x6
 714 00cd 00       		.byte	0
 715 00ce 00       		.byte	0
 716 00cf 10       		.uleb128 0x10
 717 00d0 34       		.uleb128 0x34
 718 00d1 00       		.byte	0
 719 00d2 03       		.uleb128 0x3
 720 00d3 0E       		.uleb128 0xe
 721 00d4 3A       		.uleb128 0x3a
 722 00d5 0B       		.uleb128 0xb
 723 00d6 3B       		.uleb128 0x3b
 724 00d7 0B       		.uleb128 0xb
 725 00d8 49       		.uleb128 0x49
 726 00d9 13       		.uleb128 0x13
 727 00da 00       		.byte	0
 728 00db 00       		.byte	0
 729 00dc 11       		.uleb128 0x11
 730 00dd 898201   		.uleb128 0x4109
 731 00e0 00       		.byte	0
 732 00e1 11       		.uleb128 0x11
 733 00e2 01       		.uleb128 0x1
 734 00e3 31       		.uleb128 0x31
 735 00e4 13       		.uleb128 0x13
 736 00e5 00       		.byte	0
 737 00e6 00       		.byte	0
 738 00e7 12       		.uleb128 0x12
 739 00e8 2E       		.uleb128 0x2e
 740 00e9 00       		.byte	0
 741 00ea 3F       		.uleb128 0x3f
 742 00eb 0C       		.uleb128 0xc
 743 00ec 3C       		.uleb128 0x3c
 744 00ed 0C       		.uleb128 0xc
 745 00ee 8740     		.uleb128 0x2007
 746 00f0 0E       		.uleb128 0xe
 747 00f1 03       		.uleb128 0x3
 748 00f2 0E       		.uleb128 0xe
 749 00f3 3A       		.uleb128 0x3a
 750 00f4 0B       		.uleb128 0xb
 751 00f5 3B       		.uleb128 0x3b
 752 00f6 0B       		.uleb128 0xb
 753 00f7 00       		.byte	0
 754 00f8 00       		.byte	0
 755 00f9 00       		.byte	0
 756              		.section	.debug_loc,"",%progbits
 757              	.Ldebug_loc0:
 758              	.LLST0:
 759 0000 06000000 		.4byte	.LFB0-.Ltext0
ARM GAS  C:\Users\Diogo\AppData\Local\Temp\cciwJ6rh.s 			page 20


 760 0004 08000000 		.4byte	.LCFI0-.Ltext0
 761 0008 0200     		.2byte	0x2
 762 000a 7D       		.byte	0x7d
 763 000b 00       		.sleb128 0
 764 000c 08000000 		.4byte	.LCFI0-.Ltext0
 765 0010 64000000 		.4byte	.LFE0-.Ltext0
 766 0014 0200     		.2byte	0x2
 767 0016 7D       		.byte	0x7d
 768 0017 08       		.sleb128 8
 769 0018 00000000 		.4byte	0
 770 001c 00000000 		.4byte	0
 771              	.LLST1:
 772 0020 20000000 		.4byte	.LVL1-.Ltext0
 773 0024 24000000 		.4byte	.LVL2-.Ltext0
 774 0028 0100     		.2byte	0x1
 775 002a 52       		.byte	0x52
 776 002b 24000000 		.4byte	.LVL2-.Ltext0
 777 002f 28000000 		.4byte	.LVL3-.Ltext0
 778 0033 0300     		.2byte	0x3
 779 0035 72       		.byte	0x72
 780 0036 7C       		.sleb128 -4
 781 0037 9F       		.byte	0x9f
 782 0038 28000000 		.4byte	.LVL3-.Ltext0
 783 003c 2C000000 		.4byte	.LVL4-.Ltext0
 784 0040 0100     		.2byte	0x1
 785 0042 52       		.byte	0x52
 786 0043 00000000 		.4byte	0
 787 0047 00000000 		.4byte	0
 788              		.section	.debug_aranges,"",%progbits
 789 0000 1C000000 		.4byte	0x1c
 790 0004 0200     		.2byte	0x2
 791 0006 00000000 		.4byte	.Ldebug_info0
 792 000a 04       		.byte	0x4
 793 000b 00       		.byte	0
 794 000c 0000     		.2byte	0
 795 000e 0000     		.2byte	0
 796 0010 00000000 		.4byte	.Ltext0
 797 0014 64000000 		.4byte	.Letext0-.Ltext0
 798 0018 00000000 		.4byte	0
 799 001c 00000000 		.4byte	0
 800              		.section	.debug_line,"",%progbits
 801              	.Ldebug_line0:
 802 0000 28010000 		.section	.debug_str,"MS",%progbits,1
 802      0200FB00 
 802      00000201 
 802      FB0E0D00 
 802      01010101 
 803              	.LASF16:
 804 0000 5F656273 		.ascii	"_ebss\000"
 804      7300
 805              	.LASF4:
 806 0006 6C6F6E67 		.ascii	"long int\000"
 806      20696E74 
 806      00
 807              	.LASF15:
 808 000f 5F627373 		.ascii	"_bss\000"
 808      00
ARM GAS  C:\Users\Diogo\AppData\Local\Temp\cciwJ6rh.s 			page 21


 809              	.LASF24:
 810 0014 443A5C55 		.ascii	"D:\\UTFPR\\SISTEMAS OPERACIONAIS\\P1_2017_NOVO_TIVA"
 810      54465052 
 810      5C534953 
 810      54454D41 
 810      53204F50 
 811 0044 5F474343 		.ascii	"_GCC - 1294\000"
 811      202D2031 
 811      32393400 
 812              	.LASF25:
 813 0050 52657365 		.ascii	"ResetISR\000"
 813      74495352 
 813      00
 814              	.LASF1:
 815 0059 756E7369 		.ascii	"unsigned char\000"
 815      676E6564 
 815      20636861 
 815      7200
 816              	.LASF14:
 817 0067 5F656461 		.ascii	"_edata\000"
 817      746100
 818              	.LASF5:
 819 006e 6C6F6E67 		.ascii	"long unsigned int\000"
 819      20756E73 
 819      69676E65 
 819      6420696E 
 819      7400
 820              	.LASF3:
 821 0080 73686F72 		.ascii	"short unsigned int\000"
 821      7420756E 
 821      7369676E 
 821      65642069 
 821      6E7400
 822              	.LASF20:
 823 0093 70756933 		.ascii	"pui32Stack\000"
 823      32537461 
 823      636B00
 824              	.LASF9:
 825 009e 5F5F7569 		.ascii	"__uint32_t\000"
 825      6E743332 
 825      5F7400
 826              	.LASF17:
 827 00a9 496E7444 		.ascii	"IntDefaultHandler\000"
 827      65666175 
 827      6C744861 
 827      6E646C65 
 827      7200
 828              	.LASF18:
 829 00bb 4661756C 		.ascii	"FaultISR\000"
 829      74495352 
 829      00
 830              	.LASF23:
 831 00c4 73746172 		.ascii	"startup_gcc.c\000"
 831      7475705F 
 831      6763632E 
 831      6300
 832              	.LASF27:
ARM GAS  C:\Users\Diogo\AppData\Local\Temp\cciwJ6rh.s 			page 22


 833 00d2 6D61696E 		.ascii	"main\000"
 833      00
 834              	.LASF8:
 835 00d7 756E7369 		.ascii	"unsigned int\000"
 835      676E6564 
 835      20696E74 
 835      00
 836              	.LASF21:
 837 00e4 70756933 		.ascii	"pui32Src\000"
 837      32537263 
 837      00
 838              	.LASF7:
 839 00ed 6C6F6E67 		.ascii	"long long unsigned int\000"
 839      206C6F6E 
 839      6720756E 
 839      7369676E 
 839      65642069 
 840              	.LASF12:
 841 0104 5F657465 		.ascii	"_etext\000"
 841      787400
 842              	.LASF11:
 843 010b 675F7066 		.ascii	"g_pfnVectors\000"
 843      6E566563 
 843      746F7273 
 843      00
 844              	.LASF26:
 845 0118 70756933 		.ascii	"pui32Dest\000"
 845      32446573 
 845      7400
 846              	.LASF6:
 847 0122 6C6F6E67 		.ascii	"long long int\000"
 847      206C6F6E 
 847      6720696E 
 847      7400
 848              	.LASF2:
 849 0130 73686F72 		.ascii	"short int\000"
 849      7420696E 
 849      7400
 850              	.LASF10:
 851 013a 75696E74 		.ascii	"uint32_t\000"
 851      33325F74 
 851      00
 852              	.LASF22:
 853 0143 474E5520 		.ascii	"GNU C11 7.3.1 20180622 (release) [ARM/embedded-7-br"
 853      43313120 
 853      372E332E 
 853      31203230 
 853      31383036 
 854 0176 616E6368 		.ascii	"anch revision 261907] -mcpu=cortex-m4 -mthumb -mapc"
 854      20726576 
 854      6973696F 
 854      6E203236 
 854      31393037 
 855 01a9 732D6672 		.ascii	"s-frame -mthumb-interwork -gdwarf-2 -O\000"
 855      616D6520 
 855      2D6D7468 
 855      756D622D 
ARM GAS  C:\Users\Diogo\AppData\Local\Temp\cciwJ6rh.s 			page 23


 855      696E7465 
 856              	.LASF13:
 857 01d0 5F646174 		.ascii	"_data\000"
 857      6100
 858              	.LASF19:
 859 01d6 4E6D6953 		.ascii	"NmiSR\000"
 859      5200
 860              	.LASF0:
 861 01dc 7369676E 		.ascii	"signed char\000"
 861      65642063 
 861      68617200 
 862              		.ident	"GCC: (GNU Tools for Arm Embedded Processors 7-2018-q2-update) 7.3.1 20180622 (release) [AR
ARM GAS  C:\Users\Diogo\AppData\Local\Temp\cciwJ6rh.s 			page 24


DEFINED SYMBOLS
                            *ABS*:00000000 startup_gcc.c
C:\Users\Diogo\AppData\Local\Temp\cciwJ6rh.s:15     .text:00000000 $t
C:\Users\Diogo\AppData\Local\Temp\cciwJ6rh.s:21     .text:00000000 NmiSR
C:\Users\Diogo\AppData\Local\Temp\cciwJ6rh.s:41     .text:00000002 FaultISR
C:\Users\Diogo\AppData\Local\Temp\cciwJ6rh.s:60     .text:00000004 IntDefaultHandler
C:\Users\Diogo\AppData\Local\Temp\cciwJ6rh.s:80     .text:00000006 ResetISR
C:\Users\Diogo\AppData\Local\Temp\cciwJ6rh.s:125    .text:00000034 zero_loop
C:\Users\Diogo\AppData\Local\Temp\cciwJ6rh.s:148    .text:00000050 $d
C:\Users\Diogo\AppData\Local\Temp\cciwJ6rh.s:167    .isr_vector:00000000 g_pfnVectors
C:\Users\Diogo\AppData\Local\Temp\cciwJ6rh.s:158    .bss:00000000 $d
C:\Users\Diogo\AppData\Local\Temp\cciwJ6rh.s:161    .bss:00000000 pui32Stack
C:\Users\Diogo\AppData\Local\Temp\cciwJ6rh.s:164    .isr_vector:00000000 $d
C:\Users\Diogo\AppData\Local\Temp\cciwJ6rh.s:862    .text:00000064 $d

UNDEFINED SYMBOLS
_bss
_ebss
main
_data
_edata
_etext
